################################################################################
#                                                                              #
#      IAR Universal Linker V5.2.1.11                                          #
#                                                                              #
#           Link time     =  04/Apr/2012  16:09:40                             #
#           Target CPU    =  MSP430                                            #
#           List file     =  E:\Gogo\MSP5510-STK\Demo_Examples\WEB_examples\MS #
#                            P-5510STK_Full_Example\MSP-5510STK_Example\Debug\ #
#                            List\MSP-5510STK_Example.map                      #
#           Output file 1 =  E:\Gogo\MSP5510-STK\Demo_Examples\WEB_examples\MS #
#                            P-5510STK_Full_Example\MSP-5510STK_Example\Debug\ #
#                            Exe\MSP-5510STK_Example.d43                       #
#                            Format: debug                                     #
#                            UBROF version 10.0.6                              #
#                            Using library modules for C-SPY (-rt)             #
#           Command line  =  -P(CONST)MYDRIVE=0xD000-0xF000                    #
#                            E:\Gogo\MSP5510-STK\Demo_Examples\WEB_examples\MS #
#                            P-5510STK_Full_Example\MSP-5510STK_Example\Debug\ #
#                            Obj\HAL_FLASH.r43                                 #
#                            E:\Gogo\MSP5510-STK\Demo_Examples\WEB_examples\MS #
#                            P-5510STK_Full_Example\MSP-5510STK_Example\Debug\ #
#                            Obj\HAL_PMAP.r43                                  #
#                            E:\Gogo\MSP5510-STK\Demo_Examples\WEB_examples\MS #
#                            P-5510STK_Full_Example\MSP-5510STK_Example\Debug\ #
#                            Obj\HAL_PMM.r43                                   #
#                            E:\Gogo\MSP5510-STK\Demo_Examples\WEB_examples\MS #
#                            P-5510STK_Full_Example\MSP-5510STK_Example\Debug\ #
#                            Obj\HAL_SDCard.r43                                #
#                            E:\Gogo\MSP5510-STK\Demo_Examples\WEB_examples\MS #
#                            P-5510STK_Full_Example\MSP-5510STK_Example\Debug\ #
#                            Obj\HAL_TLV.r43                                   #
#                            E:\Gogo\MSP5510-STK\Demo_Examples\WEB_examples\MS #
#                            P-5510STK_Full_Example\MSP-5510STK_Example\Debug\ #
#                            Obj\HAL_UCS.r43                                   #
#                            E:\Gogo\MSP5510-STK\Demo_Examples\WEB_examples\MS #
#                            P-5510STK_Full_Example\MSP-5510STK_Example\Debug\ #
#                            Obj\LUN0_data.r43                                 #
#                            E:\Gogo\MSP5510-STK\Demo_Examples\WEB_examples\MS #
#                            P-5510STK_Full_Example\MSP-5510STK_Example\Debug\ #
#                            Obj\UsbCdc.r43                                    #
#                            E:\Gogo\MSP5510-STK\Demo_Examples\WEB_examples\MS #
#                            P-5510STK_Full_Example\MSP-5510STK_Example\Debug\ #
#                            Obj\UsbHid.r43                                    #
#                            E:\Gogo\MSP5510-STK\Demo_Examples\WEB_examples\MS #
#                            P-5510STK_Full_Example\MSP-5510STK_Example\Debug\ #
#                            Obj\UsbHidReq.r43                                 #
#                            E:\Gogo\MSP5510-STK\Demo_Examples\WEB_examples\MS #
#                            P-5510STK_Full_Example\MSP-5510STK_Example\Debug\ #
#                            Obj\UsbIsr.r43                                    #
#                            E:\Gogo\MSP5510-STK\Demo_Examples\WEB_examples\MS #
#                            P-5510STK_Full_Example\MSP-5510STK_Example\Debug\ #
#                            Obj\UsbMscReq.r43                                 #
#                            E:\Gogo\MSP5510-STK\Demo_Examples\WEB_examples\MS #
#                            P-5510STK_Full_Example\MSP-5510STK_Example\Debug\ #
#                            Obj\UsbMscScsi.r43                                #
#                            E:\Gogo\MSP5510-STK\Demo_Examples\WEB_examples\MS #
#                            P-5510STK_Full_Example\MSP-5510STK_Example\Debug\ #
#                            Obj\UsbMscStateMachine.r43                        #
#                            E:\Gogo\MSP5510-STK\Demo_Examples\WEB_examples\MS #
#                            P-5510STK_Full_Example\MSP-5510STK_Example\Debug\ #
#                            Obj\UsbPHDC.r43                                   #
#                            E:\Gogo\MSP5510-STK\Demo_Examples\WEB_examples\MS #
#                            P-5510STK_Full_Example\MSP-5510STK_Example\Debug\ #
#                            Obj\adc.r43                                       #
#                            E:\Gogo\MSP5510-STK\Demo_Examples\WEB_examples\MS #
#                            P-5510STK_Full_Example\MSP-5510STK_Example\Debug\ #
#                            Obj\descriptors.r43                               #
#                            E:\Gogo\MSP5510-STK\Demo_Examples\WEB_examples\MS #
#                            P-5510STK_Full_Example\MSP-5510STK_Example\Debug\ #
#                            Obj\dma.r43                                       #
#                            E:\Gogo\MSP5510-STK\Demo_Examples\WEB_examples\MS #
#                            P-5510STK_Full_Example\MSP-5510STK_Example\Debug\ #
#                            Obj\ff.r43                                        #
#                            E:\Gogo\MSP5510-STK\Demo_Examples\WEB_examples\MS #
#                            P-5510STK_Full_Example\MSP-5510STK_Example\Debug\ #
#                            Obj\lcd.r43                                       #
#                            E:\Gogo\MSP5510-STK\Demo_Examples\WEB_examples\MS #
#                            P-5510STK_Full_Example\MSP-5510STK_Example\Debug\ #
#                            Obj\main.r43                                      #
#                            E:\Gogo\MSP5510-STK\Demo_Examples\WEB_examples\MS #
#                            P-5510STK_Full_Example\MSP-5510STK_Example\Debug\ #
#                            Obj\mmc.r43                                       #
#                            E:\Gogo\MSP5510-STK\Demo_Examples\WEB_examples\MS #
#                            P-5510STK_Full_Example\MSP-5510STK_Example\Debug\ #
#                            Obj\mscFse.r43                                    #
#                            E:\Gogo\MSP5510-STK\Demo_Examples\WEB_examples\MS #
#                            P-5510STK_Full_Example\MSP-5510STK_Example\Debug\ #
#                            Obj\usb.r43                                       #
#                            E:\Gogo\MSP5510-STK\Demo_Examples\WEB_examples\MS #
#                            P-5510STK_Full_Example\MSP-5510STK_Example\Debug\ #
#                            Obj\usbConstructs.r43                             #
#                            E:\Gogo\MSP5510-STK\Demo_Examples\WEB_examples\MS #
#                            P-5510STK_Full_Example\MSP-5510STK_Example\Debug\ #
#                            Obj\usbEventHandling.r43                          #
#                            -o                                                #
#                            E:\Gogo\MSP5510-STK\Demo_Examples\WEB_examples\MS #
#                            P-5510STK_Full_Example\MSP-5510STK_Example\Debug\ #
#                            Exe\MSP-5510STK_Example.d43                       #
#                            -l                                                #
#                            E:\Gogo\MSP5510-STK\Demo_Examples\WEB_examples\MS #
#                            P-5510STK_Full_Example\MSP-5510STK_Example\Debug\ #
#                            List\MSP-5510STK_Example.map                      #
#                            -xms                                              #
#                            "-IF:\Program Files\IAR Systems\IAR_MSP540\430\LI #
#                            B\"                                               #
#                            -f                                                #
#                            "F:\Program Files\IAR Systems\IAR_MSP540\430\CONF #
#                            IG\lnk430F5510.xcl"                               #
#                            (-cmsp430 -QCODE_I=CODE_ID                        #
#                            -Z(DATA)DATA16_I,DATA16_Z,DATA16_N,TLS16_I,DATA16 #
#                            _HEAP+_DATA16_HEAP_SIZE=2400-33FF                 #
#                            -Z(DATA)CODE_I -Z(DATA)CSTACK+_STACK_SIZE#        #
#                            -Z(CONST)INFO=1800-19FF                           #
#                            -Z(CONST)INFOA=1980-19FF                          #
#                            -Z(CONST)INFOB=1900-197F                          #
#                            -Z(CONST)INFOC=1880-18FF                          #
#                            -Z(CONST)INFOD=1800-187F                          #
#                            -Z(CONST)DATA16_C,DATA16_ID,TLS16_ID,DIFUNCT,CHEC #
#                            KSUM=8000-FF7F                                    #
#                            -Z(CODE)CSTART,ISR_CODE,CODE_ID=8000-FF7F         #
#                            -P(CODE)CODE=8000-FF7F -Z(CODE)INTVEC=FF80-FFFF   #
#                            -Z(CODE)RESET=FFFE-FFFF) -f                       #
#                            "F:\Program Files\IAR Systems\IAR_MSP540\430\conf #
#                            ig\multiplier32_loc2.xcl"                         #
#                            (-e?Mul8HwLoc2=?Mul8 -e?Mul16HwLoc2=?Mul16        #
#                            -e?Mul16to32uHwLoc2=?Mul16to32u                   #
#                            -e?Mul16to32sHwLoc2=?Mul16to32s                   #
#                            -e?Mul32Hw32Loc2=?Mul32                           #
#                            -e?Mul64Hw32Loc2=_Mul64i                          #
#                            -e?Mul32u32uto64iHw32Loc2=_Mul32u32uto64i         #
#                            -e?Mul32fHwLoc2=_Mul32f                           #
#                            -e_Mul64fHwPtrLoc2=_Mul64fPtr)                    #
#                            -D_STACK_SIZE=190 -rt                             #
#                            "F:\Program Files\IAR Systems\IAR_MSP540\430\LIB\ #
#                            DLIB\dl430xsfn.r43"                               #
#                            -e_PrintfFull=_Printf -e_ScanfFull=_Scanf         #
#                            -D_DATA16_HEAP_SIZE=A0 -s __program_start         #
#                            -D_DATA20_HEAP_SIZE=50                            #
#                                                                              #
#                           Copyright (C) 1987-2011 IAR Systems AB.            #
################################################################################





                ****************************************
                *                                      *
                *           CROSS REFERENCE            *
                *                                      *
                ****************************************

       Program entry at :           83E6  Relocatable, from module : ?cstart




                ****************************************
                *                                      *
                *            RUNTIME MODEL             *
                *                                      *
                ****************************************

  __Heap_Handler             = Basic
  __SystemLibrary            = DLib
  __core                     = 430X
  __data_model               = small
  __dlib_file_descriptor     = 0
  __dlib_full_locale_support = 0
  __double_size              = 32
  __pic                      = no
  __reg_r4                   = free
  __reg_r5                   = free
  __rt_version               = 3

                ****************************************
                *                                      *
                *    AUTOMATIC SYMBOL REDIRECTIONS     *
                *                                      *
                ****************************************




                ****************************************
                *                                      *
                *              MODULE MAP              *
                *                                      *
                ****************************************


  DEFINED ABSOLUTE ENTRIES
    *************************************************************************

  DEFINED ABSOLUTE ENTRIES
  PROGRAM MODULE, NAME : ?ABS_ENTRY_MOD

Absolute parts
           ENTRY                   ADDRESS         REF BY
           =====                   =======         ======
           _DATA20_HEAP_SIZE       0050 
           _DATA16_HEAP_SIZE       00A0 
           _STACK_SIZE             0190 
    *************************************************************************

  FILE NAME : E:\Gogo\MSP5510-STK\Demo_Examples\WEB_examples\MSP-5510STK_Full_Example\MSP-5510STK_Example\Debug\Obj\HAL_FLASH.r43
  PROGRAM MODULE, NAME : HAL_FLASH

  SEGMENTS IN THE MODULE
  ======================
DATA16_AN
  Relative segment, address: 0140 - 0141 (0x2 bytes), align: 0
  Segment part 1. ROOT.       Intra module refs:   flashWrite_LBA (mscFse)
           ENTRY                   ADDRESS         REF BY
           =====                   =======         ======
           _A_FCTL1_L              0140 
           LOCAL                   ADDRESS         
           =====                   =======         
           FCTL1                   0140 
           FCTL1_H                 0141 
           FCTL1_L                 0140 
    -------------------------------------------------------------------------
DATA16_AN
  Relative segment, address: 0144 - 0145 (0x2 bytes), align: 0
  Segment part 2. ROOT.       Intra module refs:   flashWrite_LBA (mscFse)
           ENTRY                   ADDRESS         REF BY
           =====                   =======         ======
           _A_FCTL3_L              0144 
           LOCAL                   ADDRESS         
           =====                   =======         
           FCTL3                   0144 
           FCTL3_H                 0145 
           FCTL3_L                 0144 

    *************************************************************************

  FILE NAME : E:\Gogo\MSP5510-STK\Demo_Examples\WEB_examples\MSP-5510STK_Full_Example\MSP-5510STK_Example\Debug\Obj\HAL_PMAP.r43
  PROGRAM MODULE, NAME : HAL_PMAP

  SEGMENTS IN THE MODULE
  ======================
DATA16_AN
  Relative segment, address: 01C0 - 01C1 (0x2 bytes), align: 0
  Segment part 1. ROOT.
           ENTRY                   ADDRESS         REF BY
           =====                   =======         ======
           _A_PMAPKEYID_L          01C0 
           LOCAL                   ADDRESS         
           =====                   =======         
           PMAPKEYID               01C0 
           PMAPKEYID_H             01C1 
           PMAPKEYID_L             01C0 
    -------------------------------------------------------------------------
DATA16_AN
  Relative segment, address: 01C2 - 01C3 (0x2 bytes), align: 0
  Segment part 2. ROOT.
           ENTRY                   ADDRESS         REF BY
           =====                   =======         ======
           _A_PMAPCTL_L            01C2 
           LOCAL                   ADDRESS         
           =====                   =======         
           PMAPCTL                 01C2 
           PMAPCTL_H               01C3 
           PMAPCTL_L               01C2 

    *************************************************************************

  FILE NAME : E:\Gogo\MSP5510-STK\Demo_Examples\WEB_examples\MSP-5510STK_Full_Example\MSP-5510STK_Example\Debug\Obj\HAL_PMM.r43
  PROGRAM MODULE, NAME : HAL_PMM

  SEGMENTS IN THE MODULE
  ======================
DATA16_AN
  Relative segment, address: 0120 - 0121 (0x2 bytes), align: 0
  Segment part 1. ROOT.       Intra module refs:   SetVCore
                                                   SetVCoreDown
                                                   SetVCoreUp
           ENTRY                   ADDRESS         REF BY
           =====                   =======         ======
           _A_PMMCTL0_L            0120 
           LOCAL                   ADDRESS         
           =====                   =======         
           PMMCTL0                 0120 
           PMMCTL0_H               0121 
           PMMCTL0_L               0120 
    -------------------------------------------------------------------------
DATA16_AN
  Relative segment, address: 0124 - 0125 (0x2 bytes), align: 0
  Segment part 2. ROOT.       Intra module refs:   SetVCoreDown
                                                   SetVCoreUp
           ENTRY                   ADDRESS         REF BY
           =====                   =======         ======
           _A_SVSMHCTL_L           0124 
           LOCAL                   ADDRESS         
           =====                   =======         
           SVSMHCTL                0124 
           SVSMHCTL_H              0125 
           SVSMHCTL_L              0124 
    -------------------------------------------------------------------------
DATA16_AN
  Relative segment, address: 0126 - 0127 (0x2 bytes), align: 0
  Segment part 3. ROOT.       Intra module refs:   SetVCoreDown
                                                   SetVCoreUp
           ENTRY                   ADDRESS         REF BY
           =====                   =======         ======
           _A_SVSMLCTL_L           0126 
           LOCAL                   ADDRESS         
           =====                   =======         
           SVSMLCTL                0126 
           SVSMLCTL_H              0127 
           SVSMLCTL_L              0126 
    -------------------------------------------------------------------------
DATA16_AN
  Relative segment, address: 012C - 012D (0x2 bytes), align: 0
  Segment part 4. ROOT.       Intra module refs:   SetVCoreDown
                                                   SetVCoreUp
           ENTRY                   ADDRESS         REF BY
           =====                   =======         ======
           _A_PMMIFG_L             012C 
           LOCAL                   ADDRESS         
           =====                   =======         
           PMMIFG                  012C 
           PMMIFG_H                012D 
           PMMIFG_L                012C 
    -------------------------------------------------------------------------
DATA16_AN
  Relative segment, address: 012E - 012F (0x2 bytes), align: 0
  Segment part 5. ROOT.       Intra module refs:   SetVCoreDown
                                                   SetVCoreUp
           ENTRY                   ADDRESS         REF BY
           =====                   =======         ======
           _A_PMMRIE_L             012E 
           LOCAL                   ADDRESS         
           =====                   =======         
           PMMRIE                  012E 
           PMMRIE_H                012F 
           PMMRIE_L                012E 
    -------------------------------------------------------------------------
<CODE> 1 (was CODE)
  Relative segment, address: B480 - B54F (0xd0 bytes), align: 1
  Segment part 8.             Intra module refs:   SetVCore
           LOCAL                   ADDRESS         
           =====                   =======         
           SetVCoreUp              B480 
               CSTACK = 00000000 ( 00000008 )
    -------------------------------------------------------------------------
<CODE> 1 (was CODE)
  Relative segment, address: BD12 - BD9B (0x8a bytes), align: 1
  Segment part 7.             Intra module refs:   SetVCore
           LOCAL                   ADDRESS         
           =====                   =======         
           SetVCoreDown            BD12 
               CSTACK = 00000000 ( 00000008 )
    -------------------------------------------------------------------------
<CODE> 1 (was CODE)
  Relative segment, address: CEE4 - CF1F (0x3c bytes), align: 1
  Segment part 9.
           ENTRY                   ADDRESS         REF BY
           =====                   =======         ======
           SetVCore                CEE4            main (main)
               calls direct
               CSTACK = 00000000 ( 00000008 )

    *************************************************************************

  FILE NAME : E:\Gogo\MSP5510-STK\Demo_Examples\WEB_examples\MSP-5510STK_Full_Example\MSP-5510STK_Example\Debug\Obj\HAL_SDCard.r43
  PROGRAM MODULE, NAME : HAL_SDCard

  SEGMENTS IN THE MODULE
  ======================
DATA16_AN
  Relative segment, address: 0222 - 0223 (0x2 bytes), align: 0
  Segment part 1. ROOT.       Intra module refs:   Init_Ports (main)
                                                   SDCard_init
                                                   SDCard_setCSHigh
                                                   SDCard_setCSLow
                                                   TIMER1_A0_ISR (main)
           ENTRY                   ADDRESS         REF BY
           =====                   =======         ======
           _A_PBOUT_L              0222 
           LOCAL                   ADDRESS         
           =====                   =======         
           PBOUT                   0222 
           PBOUT_H                 0223 
           PBOUT_L                 0222 
    -------------------------------------------------------------------------
DATA16_AN
  Relative segment, address: 0224 - 0225 (0x2 bytes), align: 0
  Segment part 2. ROOT.       Intra module refs:   Init_Ports (main)
                                                   SDCard_init
           ENTRY                   ADDRESS         REF BY
           =====                   =======         ======
           _A_PBDIR_L              0224 
           LOCAL                   ADDRESS         
           =====                   =======         
           PBDIR                   0224 
           PBDIR_H                 0225 
           PBDIR_L                 0224 
    -------------------------------------------------------------------------
DATA16_AN
  Relative segment, address: 0226 - 0227 (0x2 bytes), align: 0
  Segment part 3. ROOT.       Intra module refs:   SDCard_init
           ENTRY                   ADDRESS         REF BY
           =====                   =======         ======
           _A_PBREN_L              0226 
           LOCAL                   ADDRESS         
           =====                   =======         
           PBREN                   0226 
           PBREN_H                 0227 
           PBREN_L                 0226 
    -------------------------------------------------------------------------
DATA16_AN
  Relative segment, address: 022A - 022B (0x2 bytes), align: 0
  Segment part 4. ROOT.       Intra module refs:   SDCard_init
           ENTRY                   ADDRESS         REF BY
           =====                   =======         ======
           _A_PBSEL_L              022A 
           LOCAL                   ADDRESS         
           =====                   =======         
           PBSEL                   022A 
           PBSEL_H                 022B 
           PBSEL_L                 022A 
    -------------------------------------------------------------------------
DATA16_AN
  Relative segment, address: 0620 - 0621 (0x2 bytes), align: 0
  Segment part 5. ROOT.       Intra module refs:   SDCard_fastMode
                                                   SDCard_init
           ENTRY                   ADDRESS         REF BY
           =====                   =======         ======
           _A_UCB1CTLW0_L          0620 
           LOCAL                   ADDRESS         
           =====                   =======         
           UCB1CTLW0               0620 
           UCB1CTLW0_H             0621 
           UCB1CTLW0_L             0620 
    -------------------------------------------------------------------------
DATA16_AN
  Relative segment, address: 0626 - 0627 (0x2 bytes), align: 0
  Segment part 6. ROOT.       Intra module refs:   SDCard_fastMode
                                                   SDCard_init
           ENTRY                   ADDRESS         REF BY
           =====                   =======         ======
           _A_UCB1BRW_L            0626 
           LOCAL                   ADDRESS         
           =====                   =======         
           UCB1BRW                 0626 
           UCB1BRW_H               0627 
           UCB1BRW_L               0626 
    -------------------------------------------------------------------------
DATA16_AN
  Relative segment, address: 062A - 062A (0x1 bytes), align: 0
  Segment part 7. ROOT.       Intra module refs:   SDCard_sendFrame
           ENTRY                   ADDRESS         REF BY
           =====                   =======         ======
           UCB1STAT                062A 
    -------------------------------------------------------------------------
DATA16_AN
  Relative segment, address: 062C - 062C (0x1 bytes), align: 0
  Segment part 8. ROOT.       Intra module refs:   SDCard_readFrame
                                                   SDCard_sendFrame
           ENTRY                   ADDRESS         REF BY
           =====                   =======         ======
           UCB1RXBUF               062C 
    -------------------------------------------------------------------------
DATA16_AN
  Relative segment, address: 062E - 062E (0x1 bytes), align: 0
  Segment part 9. ROOT.       Intra module refs:   SDCard_readFrame
                                                   SDCard_sendFrame
           ENTRY                   ADDRESS         REF BY
           =====                   =======         ======
           UCB1TXBUF               062E 
    -------------------------------------------------------------------------
DATA16_AN
  Relative segment, address: 063C - 063D (0x2 bytes), align: 0
  Segment part 10. ROOT.      Intra module refs:   SDCard_init
                                                   SDCard_readFrame
                                                   SDCard_sendFrame
           ENTRY                   ADDRESS         REF BY
           =====                   =======         ======
           _A_UCB1ICTL_L           063C 
           LOCAL                   ADDRESS         
           =====                   =======         
           UCB1ICTL                063C 
           UCB1ICTL_H              063D 
           UCB1ICTL_L              063C 
    -------------------------------------------------------------------------
<CODE> 1 (was CODE)
  Relative segment, address: C8D2 - C91F (0x4e bytes), align: 1
  Segment part 17.
           ENTRY                   ADDRESS         REF BY
           =====                   =======         ======
           SDCard_init             C8D2            disk_initialize (mmc)
               CSTACK = 00000000 ( 00000004 )
    -------------------------------------------------------------------------
<CODE> 2 (was CODE)
  Relative segment, address: E2EE - E2FF (0x12 bytes), align: 1
  Segment part 16.
           ENTRY                   ADDRESS         REF BY
           =====                   =======         ======
           SDCard_fastMode         E2EE            disk_initialize (mmc)
               CSTACK = 00000000 ( 00000004 )
    -------------------------------------------------------------------------
<CODE> 2 (was CODE)
  Relative segment, address: DA34 - DA65 (0x32 bytes), align: 1
  Segment part 15.
           ENTRY                   ADDRESS         REF BY
           =====                   =======         ======
           SDCard_readFrame        DA34            rcvr_mmc (mmc)
               CSTACK = 00000000 ( 00000004 )
    -------------------------------------------------------------------------
<CODE> 2 (was CODE)
  Relative segment, address: DD54 - DD7D (0x2a bytes), align: 1
  Segment part 14.
           ENTRY                   ADDRESS         REF BY
           =====                   =======         ======
           SDCard_sendFrame        DD54            xmit_mmc (mmc)
               CSTACK = 00000000 ( 00000004 )
    -------------------------------------------------------------------------
<CODE> 2 (was CODE)
  Relative segment, address: E526 - E52D (0x8 bytes), align: 1
  Segment part 13.
           ENTRY                   ADDRESS         REF BY
           =====                   =======         ======
           SDCard_setCSHigh        E526            deselect (mmc)
                                                   disk_initialize (mmc)
               CSTACK = 00000000 ( 00000004 )
    -------------------------------------------------------------------------
<CODE> 2 (was CODE)
  Relative segment, address: E50E - E515 (0x8 bytes), align: 1
  Segment part 12.
           ENTRY                   ADDRESS         REF BY
           =====                   =======         ======
           SDCard_setCSLow         E50E            select (mmc)
               CSTACK = 00000000 ( 00000004 )

    *************************************************************************

  FILE NAME : E:\Gogo\MSP5510-STK\Demo_Examples\WEB_examples\MSP-5510STK_Full_Example\MSP-5510STK_Example\Debug\Obj\HAL_TLV.r43
  PROGRAM MODULE, NAME : HAL_TLV

  SEGMENTS IN THE MODULE
  ======================
<CODE> 1 (was CODE)
  Relative segment, address: CAE6 - CB2D (0x48 bytes), align: 1
  Segment part 2.
           ENTRY                   ADDRESS         REF BY
           =====                   =======         ======
           Get_TLV_Info            CAE6            USB_InitSerialStringDescriptor (usb)
               CSTACK = 00000000 ( 00000008 )

    *************************************************************************

  FILE NAME : E:\Gogo\MSP5510-STK\Demo_Examples\WEB_examples\MSP-5510STK_Full_Example\MSP-5510STK_Example\Debug\Obj\HAL_UCS.r43
  PROGRAM MODULE, NAME : HAL_UCS

  SEGMENTS IN THE MODULE
  ======================
DATA16_AN
  Relative segment, address: 0102 - 0103 (0x2 bytes), align: 0
  Segment part 1. ROOT.       Intra module refs:   Init_Clock (main)
                                                   Init_FLL
                                                   TIMER1_A0_ISR (main)
                                                   UNMI_ISR (main)
                                                   XT2_Start
           ENTRY                   ADDRESS         REF BY
           =====                   =======         ======
           _A_SFRIFG1_L            0102 
           LOCAL                   ADDRESS         
           =====                   =======         
           SFRIFG1                 0102 
           SFRIFG1_H               0103 
           SFRIFG1_L               0102 
    -------------------------------------------------------------------------
DATA16_AN
  Relative segment, address: 0160 - 0161 (0x2 bytes), align: 0
  Segment part 2. ROOT.       Intra module refs:   Init_FLL
           ENTRY                   ADDRESS         REF BY
           =====                   =======         ======
           _A_UCSCTL0_L            0160 
           LOCAL                   ADDRESS         
           =====                   =======         
           UCSCTL0                 0160 
           UCSCTL0_H               0161 
           UCSCTL0_L               0160 
    -------------------------------------------------------------------------
DATA16_AN
  Relative segment, address: 0162 - 0163 (0x2 bytes), align: 0
  Segment part 3. ROOT.       Intra module refs:   Init_FLL
           ENTRY                   ADDRESS         REF BY
           =====                   =======         ======
           _A_UCSCTL1_L            0162 
           LOCAL                   ADDRESS         
           =====                   =======         
           UCSCTL1                 0162 
           UCSCTL1_H               0163 
           UCSCTL1_L               0162 
    -------------------------------------------------------------------------
DATA16_AN
  Relative segment, address: 0164 - 0165 (0x2 bytes), align: 0
  Segment part 4. ROOT.       Intra module refs:   Init_FLL
           ENTRY                   ADDRESS         REF BY
           =====                   =======         ======
           _A_UCSCTL2_L            0164 
           LOCAL                   ADDRESS         
           =====                   =======         
           UCSCTL2                 0164 
           UCSCTL2_H               0165 
           UCSCTL2_L               0164 
    -------------------------------------------------------------------------
DATA16_AN
  Relative segment, address: 0168 - 0169 (0x2 bytes), align: 0
  Segment part 5. ROOT.       Intra module refs:   Init_Clock (main)
                                                   Init_FLL
           ENTRY                   ADDRESS         REF BY
           =====                   =======         ======
           _A_UCSCTL4_L            0168 
           LOCAL                   ADDRESS         
           =====                   =======         
           UCSCTL4                 0168 
           UCSCTL4_H               0169 
           UCSCTL4_L               0168 
    -------------------------------------------------------------------------
DATA16_AN
  Relative segment, address: 016C - 016D (0x2 bytes), align: 0
  Segment part 6. ROOT.       Intra module refs:   Init_Clock (main)
                                                   USB_suspend (usb)
                                                   XT2_Start
                                                   XT2_Stop
           ENTRY                   ADDRESS         REF BY
           =====                   =======         ======
           _A_UCSCTL6_L            016C 
           LOCAL                   ADDRESS         
           =====                   =======         
           UCSCTL6                 016C 
           UCSCTL6_H               016D 
           UCSCTL6_L               016C 
    -------------------------------------------------------------------------
DATA16_AN
  Relative segment, address: 016E - 016F (0x2 bytes), align: 0
  Segment part 7. ROOT.       Intra module refs:   Init_Clock (main)
                                                   Init_FLL
                                                   UNMI_ISR (main)
                                                   XT2_Start
           ENTRY                   ADDRESS         REF BY
           =====                   =======         ======
           _A_UCSCTL7_L            016E 
           LOCAL                   ADDRESS         
           =====                   =======         
           UCSCTL7                 016E 
           UCSCTL7_H               016F 
           UCSCTL7_L               016E 
    -------------------------------------------------------------------------
<CODE> 2 (was CODE)
  Relative segment, address: DB2E - DB5D (0x30 bytes), align: 1
  Segment part 14.
           ENTRY                   ADDRESS         REF BY
           =====                   =======         ======
           XT2_Start               DB2E            Init_Clock (main)
                                                   USB_enable (usb)
               CSTACK = 00000000 ( 00000004 )
    -------------------------------------------------------------------------
<CODE> 2 (was CODE)
  Relative segment, address: E556 - E55D (0x8 bytes), align: 1
  Segment part 11.
           ENTRY                   ADDRESS         REF BY
           =====                   =======         ======
           XT2_Stop                E556            USB_handleVbusOffEvent (usbEventHandling)
               CSTACK = 00000000 ( 00000004 )
    -------------------------------------------------------------------------
<CODE> 2 (was CODE)
  Relative segment, address: DC7A - DCA7 (0x2e bytes), align: 1
  Segment part 10.
           ENTRY                   ADDRESS         REF BY
           =====                   =======         ======
           Init_FLL_Settle         DC7A            Init_Clock (main)
               calls direct
               CSTACK = 00000000 ( 00000006 )
    -------------------------------------------------------------------------
<CODE> 1 (was CODE)
  Relative segment, address: AF48 - B02D (0xe6 bytes), align: 1
  Segment part 9.             Intra module refs:   Init_FLL_Settle
           ENTRY                   ADDRESS         REF BY
           =====                   =======         ======
           Init_FLL                AF48 
               CSTACK = 00000000 ( 00000008 )

    *************************************************************************

  FILE NAME : E:\Gogo\MSP5510-STK\Demo_Examples\WEB_examples\MSP-5510STK_Full_Example\MSP-5510STK_Example\Debug\Obj\LUN0_data.r43
  PROGRAM MODULE, NAME : LUN0_data

  SEGMENTS IN THE MODULE
  ======================
MYDRIVE
  Relative segment, address: D000 - D1FF (0x200 bytes), align: 0
  Segment part 2.
           ENTRY                   ADDRESS         REF BY
           =====                   =======         ======
           MBR                     D000            Read_LBA (mscFse)
    -------------------------------------------------------------------------
MYDRIVE
  Relative segment, address: D200 - D3FF (0x200 bytes), align: 0
  Segment part 3.
           ENTRY                   ADDRESS         REF BY
           =====                   =======         ======
           Partition               D200            Read_LBA (mscFse)
    -------------------------------------------------------------------------
MYDRIVE
  Relative segment, address: D400 - D5FF (0x200 bytes), align: 0
  Segment part 4.
           ENTRY                   ADDRESS         REF BY
           =====                   =======         ======
           FAT                     D400            Read_LBA (mscFse)
                                                   Write_LBA (mscFse)
    -------------------------------------------------------------------------
DATA16_I
  Relative segment, address: 2400 - 2401 (0x2 bytes), align: 1
  Segment part 5.
           ENTRY                   ADDRESS         REF BY
           =====                   =======         ======
           Data560                 2400            Read_LBA (mscFse)
                                                   Write_LBA (mscFse)
    -------------------------------------------------------------------------
DATA16_I
  Relative segment, address: 2402 - 2403 (0x2 bytes), align: 1
  Segment part 7.
           ENTRY                   ADDRESS         REF BY
           =====                   =======         ======
           Data561                 2402            Read_LBA (mscFse)
                                                   Write_LBA (mscFse)
    -------------------------------------------------------------------------
DATA16_I
  Relative segment, address: 2404 - 2405 (0x2 bytes), align: 1
  Segment part 9.
           ENTRY                   ADDRESS         REF BY
           =====                   =======         ======
           Data562                 2404            Read_LBA (mscFse)
                                                   Write_LBA (mscFse)
    -------------------------------------------------------------------------
DATA16_I
  Relative segment, address: 2406 - 2407 (0x2 bytes), align: 1
  Segment part 11.
           ENTRY                   ADDRESS         REF BY
           =====                   =======         ======
           Data563                 2406            Read_LBA (mscFse)
                                                   Write_LBA (mscFse)
    -------------------------------------------------------------------------
DATA16_I
  Relative segment, address: 2408 - 2409 (0x2 bytes), align: 1
  Segment part 13.
           ENTRY                   ADDRESS         REF BY
           =====                   =======         ======
           Data564                 2408            Read_LBA (mscFse)
                                                   Write_LBA (mscFse)
    -------------------------------------------------------------------------
DATA16_I
  Relative segment, address: 240A - 240B (0x2 bytes), align: 1
  Segment part 15.
           ENTRY                   ADDRESS         REF BY
           =====                   =======         ======
           Data565                 240A            Read_LBA (mscFse)
                                                   Write_LBA (mscFse)
    -------------------------------------------------------------------------
DATA16_I
  Relative segment, address: 240C - 240D (0x2 bytes), align: 1
  Segment part 17.
           ENTRY                   ADDRESS         REF BY
           =====                   =======         ======
           Data566                 240C            Write_LBA (mscFse)
    -------------------------------------------------------------------------
MYDRIVE
  Relative segment, address: D600 - D7FF (0x200 bytes), align: 0
  Segment part 19.
           ENTRY                   ADDRESS         REF BY
           =====                   =======         ======
           Root_Dir                D600            Read_LBA (mscFse)
                                                   Write_LBA (mscFse)
    -------------------------------------------------------------------------
MYDRIVE
  Relative segment, address: D800 - D9FF (0x200 bytes), align: 0
  Segment part 20.
           ENTRY                   ADDRESS         REF BY
           =====                   =======         ======
           Data559                 D800            Read_LBA (mscFse)
                                                   Write_LBA (mscFse)
    -------------------------------------------------------------------------
DATA16_ID
  Relative segment, address: 8388 - 8389 (0x2 bytes), align: 1
  Segment part 6.             Intra module refs:   Data560
    -------------------------------------------------------------------------
DATA16_ID
  Relative segment, address: 838A - 838B (0x2 bytes), align: 1
  Segment part 8.             Intra module refs:   Data561
    -------------------------------------------------------------------------
DATA16_ID
  Relative segment, address: 838C - 838D (0x2 bytes), align: 1
  Segment part 10.            Intra module refs:   Data562
    -------------------------------------------------------------------------
DATA16_ID
  Relative segment, address: 838E - 838F (0x2 bytes), align: 1
  Segment part 12.            Intra module refs:   Data563
    -------------------------------------------------------------------------
DATA16_ID
  Relative segment, address: 8390 - 8391 (0x2 bytes), align: 1
  Segment part 14.            Intra module refs:   Data564
    -------------------------------------------------------------------------
DATA16_ID
  Relative segment, address: 8392 - 8393 (0x2 bytes), align: 1
  Segment part 16.            Intra module refs:   Data565
    -------------------------------------------------------------------------
DATA16_ID
  Relative segment, address: 8394 - 8395 (0x2 bytes), align: 1
  Segment part 18.            Intra module refs:   Data566

    *************************************************************************

  FILE NAME : E:\Gogo\MSP5510-STK\Demo_Examples\WEB_examples\MSP-5510STK_Full_Example\MSP-5510STK_Example\Debug\Obj\UsbCdc.r43
  PROGRAM MODULE, NAME : UsbCdc

  SEGMENTS IN THE MODULE
  ======================
DATA16_AN
  Relative segment, address: 0930 - 0930 (0x1 bytes), align: 0
  Segment part 1. ROOT.       Intra module refs:   MscSendData (UsbMscScsi)
                                                   USBCDC_sendData
                                                   USBMSC_poll (UsbMscStateMachine)
           ENTRY                   ADDRESS         REF BY
           =====                   =======         ======
           USBIEPIFG               0930 
    -------------------------------------------------------------------------
DATA16_Z
  Relative segment, address: 245E - 2465 (0x8 bytes), align: 1
  Segment part 3.             Intra module refs:   CdcResetData
                                                   Handler_SetLineCoding
                                                   usbGetLineCoding
           LOCAL                   ADDRESS         
           =====                   =======         
           CdcControl              245E 
    -------------------------------------------------------------------------
DATA16_Z
  Relative segment, address: 2466 - 246F (0xa bytes), align: 1
  Segment part 4.             Intra module refs:   CdcResetData
                                                   CdcToHostFromBuffer
                                                   USBCDC_intfStatus
                                                   USBCDC_sendData
           LOCAL                   ADDRESS         
           =====                   =======         
           CdcWriteCtrl            2466 
    -------------------------------------------------------------------------
DATA16_Z
  Relative segment, address: 2470 - 247F (0x10 bytes), align: 1
  Segment part 5.             Intra module refs:   CdcIsReceiveInProgress
                                                   CdcResetData
                                                   CdcToBufferFromHost
                                                   CopyUsbToBuff
                                                   USBCDC_bytesInUSBBuffer
                                                   USBCDC_intfStatus
                                                   USBCDC_receiveData
           LOCAL                   ADDRESS         
           =====                   =======         
           CdcReadCtrl             2470 
    -------------------------------------------------------------------------
<CODE> 1 (was CODE)
  Relative segment, address: CEA8 - CEE3 (0x3c bytes), align: 1
  Segment part 21.
           ENTRY                   ADDRESS         REF BY
           =====                   =======         ======
           CdcResetData            CEA8            USB_reset (usb)
               calls direct
               CSTACK = 00000000 ( 00000004 )
    -------------------------------------------------------------------------
<CODE> 1 (was CODE)
  Relative segment, address: C162 - C1CD (0x6c bytes), align: 1
  Segment part 20.
           ENTRY                   ADDRESS         REF BY
           =====                   =======         ======
           USBCDC_sendData         C162            cdcSendDataInBackground (usbConstructs)
               CSTACK = 00000000 ( 00000008 )
    -------------------------------------------------------------------------
<CODE> 1 (was CODE)
  Relative segment, address: AA3E - AB57 (0x11a bytes), align: 1
  Segment part 19.
           ENTRY                   ADDRESS         REF BY
           =====                   =======         ======
           CdcToHostFromBuffer     AA3E            iUsbInterruptHandler (UsbIsr)
               calls direct and indirect
               CSTACK = 00000000 ( 00000010 )
    -------------------------------------------------------------------------
<CODE> 1 (was CODE)
  Relative segment, address: C678 - C6D3 (0x5c bytes), align: 1
  Segment part 15.            Intra module refs:   CdcToBufferFromHost
                                                   USBCDC_receiveData
           ENTRY                   ADDRESS         REF BY
           =====                   =======         ======
           CopyUsbToBuff           C678 
               calls indirect
               CSTACK = 00000000 ( 0000000C )
    -------------------------------------------------------------------------
<CODE> 1 (was CODE)
  Relative segment, address: 9C9C - 9E29 (0x18e bytes), align: 1
  Segment part 17.
           ENTRY                   ADDRESS         REF BY
           =====                   =======         ======
           USBCDC_receiveData      9C9C            cdcReceiveDataInBuffer (usbConstructs)
               calls direct
               CSTACK = 00000000 ( 0000000C )
    -------------------------------------------------------------------------
<CODE> 1 (was CODE)
  Relative segment, address: AE5E - AF47 (0xea bytes), align: 1
  Segment part 16.
           ENTRY                   ADDRESS         REF BY
           =====                   =======         ======
           CdcToBufferFromHost     AE5E            iUsbInterruptHandler (UsbIsr)
               calls direct
               CSTACK = 00000000 ( 0000000C )
    -------------------------------------------------------------------------
<CODE> 2 (was CODE)
  Relative segment, address: E2DC - E2ED (0x12 bytes), align: 1
  Segment part 14.
           ENTRY                   ADDRESS         REF BY
           =====                   =======         ======
           CdcIsReceiveInProgress
                                   E2DC            iUsbInterruptHandler (UsbIsr)
               CSTACK = 00000000 ( 00000004 )
    -------------------------------------------------------------------------
<CODE> 1 (was CODE)
  Relative segment, address: BEA8 - BF25 (0x7e bytes), align: 1
  Segment part 11.
           ENTRY                   ADDRESS         REF BY
           =====                   =======         ======
           USBCDC_intfStatus       BEA8            cdcSendDataInBackground (usbConstructs)
               CSTACK = 00000000 ( 0000000C )
    -------------------------------------------------------------------------
<CODE> 1 (was CODE)
  Relative segment, address: C1CE - C239 (0x6c bytes), align: 1
  Segment part 10.
           ENTRY                   ADDRESS         REF BY
           =====                   =======         ======
           USBCDC_bytesInUSBBuffer
                                   C1CE            cdcReceiveDataInBuffer (usbConstructs)
                                                   iUsbInterruptHandler (UsbIsr)
               CSTACK = 00000000 ( 00000006 )
    -------------------------------------------------------------------------
<CODE> 1 (was CODE)
  Relative segment, address: C4A0 - C501 (0x62 bytes), align: 1
  Segment part 9.
           ENTRY                   ADDRESS         REF BY
           =====                   =======         ======
           usbGetLineCoding        C4A0            tUsbRequestList (descriptors)
               calls direct
               CSTACK = 00000000 ( 00000004 )
    -------------------------------------------------------------------------
<CODE> 2 (was CODE)
  Relative segment, address: E4B0 - E4BB (0xc bytes), align: 1
  Segment part 8.
           ENTRY                   ADDRESS         REF BY
           =====                   =======         ======
           usbSetLineCoding        E4B0            tUsbRequestList (descriptors)
               calls direct
               CSTACK = 00000000 ( 00000004 )
    -------------------------------------------------------------------------
<CODE> 2 (was CODE)
  Relative segment, address: E546 - E54D (0x8 bytes), align: 1
  Segment part 7.
           ENTRY                   ADDRESS         REF BY
           =====                   =======         ======
           usbSetControlLineState
                                   E546            tUsbRequestList (descriptors)
               calls direct
               CSTACK = 00000000 ( 00000004 )
    -------------------------------------------------------------------------
<CODE> 1 (was CODE)
  Relative segment, address: CBF4 - CC35 (0x42 bytes), align: 1
  Segment part 6.
           ENTRY                   ADDRESS         REF BY
           =====                   =======         ======
           Handler_SetLineCoding   CBF4            OEP0InterruptHandler (UsbIsr)
               calls direct
               CSTACK = 00000000 ( 0000000C )

    *************************************************************************

  FILE NAME : E:\Gogo\MSP5510-STK\Demo_Examples\WEB_examples\MSP-5510STK_Full_Example\MSP-5510STK_Example\Debug\Obj\UsbHid.r43
  PROGRAM MODULE, NAME : UsbHid

  SEGMENTS IN THE MODULE
  ======================
DATA16_Z
  Relative segment, address: 2480 - 2487 (0x8 bytes), align: 1
  Segment part 3.             Intra module refs:   HidResetData
                                                   HidToHostFromBuffer
           LOCAL                   ADDRESS         
           =====                   =======         
           HidWriteCtrl            2480 
    -------------------------------------------------------------------------
DATA16_Z
  Relative segment, address: 2488 - 2497 (0x10 bytes), align: 1
  Segment part 4.             Intra module refs:   HidCopyUsbToBuff
                                                   HidIsReceiveInProgress
                                                   HidResetData
                                                   HidToBufferFromHost
           LOCAL                   ADDRESS         
           =====                   =======         
           HidReadCtrl             2488 
    -------------------------------------------------------------------------
DATA16_Z
  Relative segment, address: 251E - 251E (0x1 bytes), align: 0
  Segment part 5.             Intra module refs:   HidResetData
           ENTRY                   ADDRESS         REF BY
           =====                   =======         ======
           hidProtocol             251E 
    -------------------------------------------------------------------------
<CODE> 2 (was CODE)
  Relative segment, address: DD00 - DD29 (0x2a bytes), align: 1
  Segment part 20.
           ENTRY                   ADDRESS         REF BY
           =====                   =======         ======
           HidResetData            DD00            USB_reset (usb)
               calls direct
               CSTACK = 00000000 ( 00000004 )
    -------------------------------------------------------------------------
<CODE> 1 (was CODE)
  Relative segment, address: B3AA - B47F (0xd6 bytes), align: 1
  Segment part 16.
           ENTRY                   ADDRESS         REF BY
           =====                   =======         ======
           HidToHostFromBuffer     B3AA            iUsbInterruptHandler (UsbIsr)
               calls direct and indirect
               CSTACK = 00000000 ( 00000014 )
    -------------------------------------------------------------------------
<CODE> 1 (was CODE)
  Relative segment, address: C5C0 - C61B (0x5c bytes), align: 1
  Segment part 12.            Intra module refs:   HidToBufferFromHost
           ENTRY                   ADDRESS         REF BY
           =====                   =======         ======
           HidCopyUsbToBuff        C5C0 
               calls indirect
               CSTACK = 00000000 ( 0000000C )
    -------------------------------------------------------------------------
<CODE> 1 (was CODE)
  Relative segment, address: AB58 - AC6D (0x116 bytes), align: 1
  Segment part 13.
           ENTRY                   ADDRESS         REF BY
           =====                   =======         ======
           HidToBufferFromHost     AB58            iUsbInterruptHandler (UsbIsr)
               calls direct
               CSTACK = 00000000 ( 0000000C )
    -------------------------------------------------------------------------
<CODE> 2 (was CODE)
  Relative segment, address: E324 - E335 (0x12 bytes), align: 1
  Segment part 11.
           ENTRY                   ADDRESS         REF BY
           =====                   =======         ======
           HidIsReceiveInProgress
                                   E324            iUsbInterruptHandler (UsbIsr)
               CSTACK = 00000000 ( 00000004 )

    *************************************************************************

  FILE NAME : E:\Gogo\MSP5510-STK\Demo_Examples\WEB_examples\MSP-5510STK_Full_Example\MSP-5510STK_Example\Debug\Obj\UsbHidReq.r43
  PROGRAM MODULE, NAME : UsbHidReq

  SEGMENTS IN THE MODULE
  ======================
<CODE> 2 (was CODE)
  Relative segment, address: DFD8 - DFF5 (0x1e bytes), align: 1
  Segment part 13.
           ENTRY                   ADDRESS         REF BY
           =====                   =======         ======
           usbGetHidDescriptor     DFD8            tUsbRequestList (descriptors)
               calls direct
               CSTACK = 00000000 ( 00000004 )
    -------------------------------------------------------------------------
<CODE> 2 (was CODE)
  Relative segment, address: DF9C - DFB9 (0x1e bytes), align: 1
  Segment part 12.
           ENTRY                   ADDRESS         REF BY
           =====                   =======         ======
           usbGetReportDescriptor
                                   DF9C            tUsbRequestList (descriptors)
               calls direct
               CSTACK = 00000000 ( 00000004 )
    -------------------------------------------------------------------------
<CODE> 2 (was CODE)
  Relative segment, address: DE70 - DE95 (0x26 bytes), align: 1
  Segment part 11.
           ENTRY                   ADDRESS         REF BY
           =====                   =======         ======
           usbSetReport            DE70            tUsbRequestList (descriptors)
               calls direct
               CSTACK = 00000000 ( 00000004 )
    -------------------------------------------------------------------------
<CODE> 2 (was CODE)
  Relative segment, address: E04E - E069 (0x1c bytes), align: 1
  Segment part 10.
           ENTRY                   ADDRESS         REF BY
           =====                   =======         ======
           usbGetReport            E04E            tUsbRequestList (descriptors)
               calls direct
               CSTACK = 00000000 ( 00000004 )
    -------------------------------------------------------------------------
DATA16_Z
  Relative segment, address: 251F - 255E (0x40 bytes), align: 0
  Segment part 2.             Intra module refs:   Handler_GetReport
                                                   Handler_SetReport
           ENTRY                   ADDRESS         REF BY
           =====                   =======         ======
           setReportBuffer         251F 
    -------------------------------------------------------------------------
<CODE> 2 (was CODE)
  Relative segment, address: E55E - E563 (0x6 bytes), align: 1
  Segment part 5.             Intra module refs:   usbSetReport
           ENTRY                   ADDRESS         REF BY
           =====                   =======         ======
           Handler_SetReport       E55E 
               CSTACK = 00000000 ( 00000004 )
    -------------------------------------------------------------------------
<CODE> 2 (was CODE)
  Relative segment, address: E590 - E593 (0x4 bytes), align: 1
  Segment part 4.
           ENTRY                   ADDRESS         REF BY
           =====                   =======         ======
           Handler_SetReportDataAvailable
                                   E590            OEP0InterruptHandler (UsbIsr)
               CSTACK = 00000000 ( 00000004 )
    -------------------------------------------------------------------------
<CODE> 2 (was CODE)
  Relative segment, address: E56A - E56F (0x6 bytes), align: 1
  Segment part 3.             Intra module refs:   usbGetReport
           ENTRY                   ADDRESS         REF BY
           =====                   =======         ======
           Handler_GetReport       E56A 
               CSTACK = 00000000 ( 00000004 )

    *************************************************************************

  FILE NAME : E:\Gogo\MSP5510-STK\Demo_Examples\WEB_examples\MSP-5510STK_Full_Example\MSP-5510STK_Example\Debug\Obj\UsbIsr.r43
  PROGRAM MODULE, NAME : UsbIsr

  SEGMENTS IN THE MODULE
  ======================
DATA16_AN
  Relative segment, address: 0900 - 0901 (0x2 bytes), align: 0
  Segment part 1. ROOT.       Intra module refs:   PWRVBUSoffHandler
                                                   PWRVBUSonHandler
                                                   USB_connect (usb)
                                                   USB_disable (usb)
                                                   USB_enable (usb)
                                                   USB_init (usb)
                                                   USB_reset (usb)
                                                   USB_suspend (usb)
           ENTRY                   ADDRESS         REF BY
           =====                   =======         ======
           _A_USBKEYID_L           0900 
           LOCAL                   ADDRESS         
           =====                   =======         
           USBKEYID                0900 
           USBKEYID_H              0901 
           USBKEYID_L              0900 
    -------------------------------------------------------------------------
DATA16_AN
  Relative segment, address: 0902 - 0903 (0x2 bytes), align: 0
  Segment part 2. ROOT.       Intra module refs:   PWRVBUSoffHandler
                                                   USB_connect (usb)
                                                   USB_connectionInfo (usb)
                                                   USB_connectionState (usb)
                                                   USB_disable (usb)
                                                   USB_enable (usb)
           ENTRY                   ADDRESS         REF BY
           =====                   =======         ======
           _A_USBCNF_L             0902 
           LOCAL                   ADDRESS         
           =====                   =======         
           USBCNF                  0902 
           USBCNF_H                0903 
           USBCNF_L                0902 
    -------------------------------------------------------------------------
DATA16_AN
  Relative segment, address: 0908 - 0909 (0x2 bytes), align: 0
  Segment part 3. ROOT.       Intra module refs:   PWRVBUSoffHandler
                                                   PWRVBUSonHandler
                                                   USB_connect (usb)
                                                   USB_connectionInfo (usb)
                                                   USB_connectionState (usb)
                                                   USB_enable (usb)
                                                   USB_init (usb)
           ENTRY                   ADDRESS         REF BY
           =====                   =======         ======
           _A_USBPWRCTL_L          0908 
           LOCAL                   ADDRESS         
           =====                   =======         
           USBPWRCTL               0908 
           USBPWRCTL_H             0909 
           USBPWRCTL_L             0908 
    -------------------------------------------------------------------------
DATA16_AN
  Relative segment, address: 0910 - 0911 (0x2 bytes), align: 0
  Segment part 4. ROOT.       Intra module refs:   PWRVBUSoffHandler
                                                   USB_disable (usb)
                                                   USB_enable (usb)
                                                   USB_suspend (usb)
           ENTRY                   ADDRESS         REF BY
           =====                   =======         ======
           _A_USBPLLCTL_L          0910 
           LOCAL                   ADDRESS         
           =====                   =======         
           USBPLLCTL               0910 
           USBPLLCTL_H             0911 
           USBPLLCTL_L             0910 
    -------------------------------------------------------------------------
DATA16_AN
  Relative segment, address: 0932 - 0933 (0x2 bytes), align: 0
  Segment part 5. ROOT.       Intra module refs:   iUsbInterruptHandler
           ENTRY                   ADDRESS         REF BY
           =====                   =======         ======
           _A_USBVECINT_L          0932 
           LOCAL                   ADDRESS         
           =====                   =======         
           USBVECINT               0932 
           USBVECINT_H             0933 
           USBVECINT_L             0932 
    -------------------------------------------------------------------------
DATA16_AN
  Relative segment, address: 093C - 093C (0x1 bytes), align: 0
  Segment part 6. ROOT.       Intra module refs:   IEP0InterruptHandler
                                                   OEP0InterruptHandler
                                                   SetupPacketInterruptHandler
                                                   USB_reset (usb)
                                                   USB_suspend (usb)
           ENTRY                   ADDRESS         REF BY
           =====                   =======         ======
           USBCTL                  093C 
    -------------------------------------------------------------------------
DATA16_AN
  Relative segment, address: 093E - 093E (0x1 bytes), align: 0
  Segment part 7. ROOT.       Intra module refs:   SetupPacketInterruptHandler
                                                   USB_reset (usb)
                                                   USB_resume (usb)
                                                   USB_suspend (usb)
                                                   iUsbInterruptHandler
                                                   usbDecodeAndProcessUsbRequest (usb)
                                                   usbInvalidRequest (usb)
           ENTRY                   ADDRESS         REF BY
           =====                   =======         ======
           USBIFG                  093E 
    -------------------------------------------------------------------------
ISR_CODE
  Relative segment, address: 840E - 8581 (0x174 bytes), align: 1
  Segment part 15.            Intra module refs:   iUsbInterruptHandler::??INTVEC 102
           ENTRY                   ADDRESS         REF BY
           =====                   =======         ======
           iUsbInterruptHandler    840E 
               interrupt function
               calls direct
               CSTACK = 00000000 ( 00000010 )
    -------------------------------------------------------------------------
<CODE> 1 (was CODE)
  Relative segment, address: CE30 - CE6B (0x3c bytes), align: 1
  Segment part 14.            Intra module refs:   iUsbInterruptHandler
           ENTRY                   ADDRESS         REF BY
           =====                   =======         ======
           SetupPacketInterruptHandler
                                   CE30 
               calls direct
               CSTACK = 00000000 ( 00000004 )
    -------------------------------------------------------------------------
<CODE> 1 (was CODE)
  Relative segment, address: CC78 - CCB9 (0x42 bytes), align: 1
  Segment part 13.            Intra module refs:   iUsbInterruptHandler
           ENTRY                   ADDRESS         REF BY
           =====                   =======         ======
           PWRVBUSoffHandler       CC78 
               CSTACK = 00000000 ( 00000006 )
    -------------------------------------------------------------------------
<CODE> 2 (was CODE)
  Relative segment, address: DB8E - DBBD (0x30 bytes), align: 1
  Segment part 12.            Intra module refs:   iUsbInterruptHandler
           ENTRY                   ADDRESS         REF BY
           =====                   =======         ======
           PWRVBUSonHandler        DB8E 
               CSTACK = 00000000 ( 00000006 )
    -------------------------------------------------------------------------
<CODE> 2 (was CODE)
  Relative segment, address: E0A0 - E0B9 (0x1a bytes), align: 1
  Segment part 11.            Intra module refs:   iUsbInterruptHandler
           ENTRY                   ADDRESS         REF BY
           =====                   =======         ======
           IEP0InterruptHandler    E0A0 
               calls direct
               CSTACK = 00000000 ( 00000004 )
    -------------------------------------------------------------------------
<CODE> 1 (was CODE)
  Relative segment, address: CA52 - CA9B (0x4a bytes), align: 1
  Segment part 10.            Intra module refs:   iUsbInterruptHandler
           ENTRY                   ADDRESS         REF BY
           =====                   =======         ======
           OEP0InterruptHandler    CA52 
               calls direct
               CSTACK = 00000000 ( 00000006 )
    -------------------------------------------------------------------------
INTVEC
  Common segment, address: FF80 - FFE7 (0x68 bytes), align: 1
  Segment part 8. ROOT.
           ENTRY                   ADDRESS         REF BY
           =====                   =======         ======
           iUsbInterruptHandler::??INTVEC 102
                                   FFE6 

    *************************************************************************

  FILE NAME : E:\Gogo\MSP5510-STK\Demo_Examples\WEB_examples\MSP-5510STK_Full_Example\MSP-5510STK_Example\Debug\Obj\UsbMscReq.r43
  PROGRAM MODULE, NAME : UsbMscReq

  SEGMENTS IN THE MODULE
  ======================
<CODE> 2 (was CODE)
  Relative segment, address: DC4C - DC79 (0x2e bytes), align: 1
  Segment part 3.
           ENTRY                   ADDRESS         REF BY
           =====                   =======         ======
           USBMSC_reset            DC4C            USB_reset (usb)
                                                   tUsbRequestList (descriptors)
               calls direct
               CSTACK = 00000000 ( 00000004 )
    -------------------------------------------------------------------------
<CODE> 2 (was CODE)
  Relative segment, address: E086 - E09F (0x1a bytes), align: 1
  Segment part 2.
           ENTRY                   ADDRESS         REF BY
           =====                   =======         ======
           Get_MaxLUN              E086            tUsbRequestList (descriptors)
               calls direct
               CSTACK = 00000000 ( 00000006 )

    *************************************************************************

  FILE NAME : E:\Gogo\MSP5510-STK\Demo_Examples\WEB_examples\MSP-5510STK_Full_Example\MSP-5510STK_Example\Debug\Obj\UsbMscScsi.r43
  PROGRAM MODULE, NAME : UsbMscScsi

  SEGMENTS IN THE MODULE
  ======================
DATA16_Z
  Relative segment, address: 2498 - 24AF (0x18 bytes), align: 1
  Segment part 3.             Intra module refs:   MSCFromHostToBuffer
                                                   MscCopyUsbToBuff
                                                   MscResetData
                                                   Msc_ResetStruct
                                                   Scsi_Cmd_Parser
                                                   Scsi_Write10
                                                   USBMSC_bufferProcessed
           ENTRY                   ADDRESS         REF BY
           =====                   =======         ======
           MscWriteControl         2498            USBMSC_poll (UsbMscStateMachine)
                                                   usbClearEndpointFeature (usb)
                                                   usbSetInterface (usb)
    -------------------------------------------------------------------------
DATA16_Z
  Relative segment, address: 24B0 - 24C3 (0x14 bytes), align: 1
  Segment part 4.             Intra module refs:   MSCToHostFromBuffer
                                                   MscResetData
                                                   MscSendData
                                                   Msc_ResetStruct
                                                   Scsi_Read10
                                                   USBMSC_bufferProcessed
           ENTRY                   ADDRESS         REF BY
           =====                   =======         ======
           MscReadControl          24B0            USBMSC_poll (UsbMscStateMachine)
                                                   usbClearEndpointFeature (usb)
                                                   usbSetInterface (usb)
    -------------------------------------------------------------------------
DATA16_Z
  Relative segment, address: 24C4 - 24DB (0x18 bytes), align: 1
  Segment part 5.             Intra module refs:   MSCFromHostToBuffer
                                                   MSCToHostFromBuffer
                                                   MscCopyUsbToBuff
                                                   MscResetCtrlLun
                                                   Scsi_Cmd_Parser
                                                   Scsi_Mode_Sense10
                                                   Scsi_Mode_Sense6
                                                   Scsi_Read10
                                                   Scsi_Request_Sense
                                                   Scsi_Write10
                                                   USBMSC_bufferProcessed
                                                   USBMSC_registerBufInfo
                                                   USBMSC_updateMediaInfo
           ENTRY                   ADDRESS         REF BY
           =====                   =======         ======
           MscControl              24C4 
    -------------------------------------------------------------------------
DATA16_Z
  Relative segment, address: 24DC - 24E7 (0xc bytes), align: 1
  Segment part 6.             Intra module refs:   MSCFromHostToBuffer
                                                   MSCToHostFromBuffer
                                                   MscCopyUsbToBuff
                                                   Msc_ResetStruct
                                                   Scsi_Read10
                                                   Scsi_Write10
                                                   USBMSC_bufferProcessed
                                                   USBMSC_fetchInfoStruct
                                                   USBMSC_getState
           ENTRY                   ADDRESS         REF BY
           =====                   =======         ======
           sRwbuf                  24DC 
    -------------------------------------------------------------------------
DATA16_N
  Relative segment, address: 28B4 - 28D3 (0x20 bytes), align: 1
  Segment part 7.             Intra module refs:   Check_CBW
                                                   MSCFromHostToBuffer
                                                   Msc_ResetStruct
                                                   Scsi_Cmd_Parser
                                                   Scsi_Inquiry
                                                   Scsi_Mode_Sense10
                                                   Scsi_Mode_Sense6
                                                   Scsi_Read10
                                                   Scsi_Read_Capacity10
                                                   Scsi_Request_Sense
                                                   Scsi_Send_CSW
                                                   Scsi_Unknown_Request
                                                   Scsi_Verify_CBW
                                                   Scsi_Write10
                                                   USBMSC_bufferProcessed
                                                   USBMSC_updateMediaInfo
           ENTRY                   ADDRESS         REF BY
           =====                   =======         ======
           McsCbw                  28B4 
    -------------------------------------------------------------------------
DATA16_N
  Relative segment, address: 28D4 - 28E1 (0xe bytes), align: 1
  Segment part 8.             Intra module refs:   Msc_ResetStruct
                                                   Scsi_Send_CSW
           ENTRY                   ADDRESS         REF BY
           =====                   =======         ======
           McsCsw                  28D4 
    -------------------------------------------------------------------------
DATA16_Z
  Relative segment, address: 24E8 - 24F9 (0x12 bytes), align: 1
  Segment part 9.             Intra module refs:   Check_CBW
                                                   MSCFromHostToBuffer
                                                   Msc_ResetFlags
                                                   SET_RequestsenseMediaNotPresent
                                                   SET_RequestsenseNotReady
                                                   Scsi_Cmd_Parser
                                                   Scsi_Inquiry
                                                   Scsi_Mode_Sense10
                                                   Scsi_Mode_Sense6
                                                   Scsi_Read_Capacity10
                                                   Scsi_Report_Luns
                                                   Scsi_Request_Sense
                                                   Scsi_Send_CSW
                                                   Scsi_Test_Unit_Ready
                                                   Scsi_Unknown_Request
                                                   Scsi_Verify_CBW
                                                   USBMSC_bufferProcessed
                                                   USBMSC_getState
                                                   USBMSC_updateMediaInfo
[...]
           =====                   =======         ======
           strlen                  E348            _PrintfFull (?xprintffull)
               CSTACK = 00000000 ( 00000004 )

    -------------------------------------------------------------------------
  LIBRARY MODULE, NAME : ?xdscale

  SEGMENTS IN THE MODULE
  ======================
<CODE> 1 (was CODE)
  Relative segment, address: BB5A - BBED (0x94 bytes), align: 1
  Segment part 2.
           ENTRY                   ADDRESS         REF BY
           =====                   =======         ======
           __iar_Dscale            BB5A            _LdtobFull (?xprintffull)
               CSTACK = 00000000 ( 00000008 )

    -------------------------------------------------------------------------
  LIBRARY MODULE, NAME : ?xdunscal

  SEGMENTS IN THE MODULE
  ======================
<CODE> 1 (was CODE)
  Relative segment, address: CA9C - CAE5 (0x4a bytes), align: 1
  Segment part 2.
           ENTRY                   ADDRESS         REF BY
           =====                   =======         ======
           __iar_Dunscale          CA9C            _LdtobFull (?xprintffull)
               CSTACK = 00000000 ( 00000004 )

    -------------------------------------------------------------------------
  LIBRARY MODULE, NAME : ?xprintffull

  SEGMENTS IN THE MODULE
  ======================
<CODE> 1 (was CODE)
  Relative segment, address: 85FC - 8AF3 (0x4f8 bytes), align: 1
  Segment part 34.
           ENTRY                   ADDRESS         REF BY
           =====                   =======         ======
           _PrintfFull             85FC            sprintf (?sprintf)
               calls direct
               CSTACK = 00000000 ( 00000078 )
    -------------------------------------------------------------------------
<CODE> 2 (was CODE)
  Relative segment, address: E408 - E415 (0xe bytes), align: 1
  Segment part 36.            Intra module refs:   _PrintfFull
    -------------------------------------------------------------------------
<CODE> 2 (was CODE)
  Relative segment, address: E3FA - E407 (0xe bytes), align: 1
  Segment part 44.            Intra module refs:   _PrintfFull
    -------------------------------------------------------------------------
<CODE> 2 (was CODE)
  Relative segment, address: E39C - E39D (0x2 bytes), align: 1
  Segment part 45.            Intra module refs:   _PrintfFull
    -------------------------------------------------------------------------
<CODE> 2 (was CODE)
  Relative segment, address: E39E - E3AB (0xe bytes), align: 1
  Segment part 46.            Intra module refs:   Segment part 45
                                                   _PrintfFull
    -------------------------------------------------------------------------
<CODE> 1 (was CODE)
  Relative segment, address: BF26 - BFA3 (0x7e bytes), align: 1
  Segment part 31.            Intra module refs:   _PrintfFull
           LOCAL                   ADDRESS         
           =====                   =======         
           LoadInt                 BF26 
               CSTACK = 00000000 ( 00000004 )
    -------------------------------------------------------------------------
<CODE> 2 (was CODE)
  Relative segment, address: E4F0 - E4F9 (0xa bytes), align: 1
  Segment part 32.            Intra module refs:   LoadInt
                                                   _LdtobFull
                                                   _PrintfFull
    -------------------------------------------------------------------------
<CODE> 2 (was CODE)
  Relative segment, address: E468 - E473 (0xc bytes), align: 1
  Segment part 33.            Intra module refs:   LoadInt
    -------------------------------------------------------------------------
<CODE> 1 (was CODE)
  Relative segment, address: CF90 - CFC5 (0x36 bytes), align: 1
  Segment part 30.            Intra module refs:   Segment part 46
           LOCAL                   ADDRESS         
           =====                   =======         
           pad                     CF90 
               calls direct
               CSTACK = 00000000 ( 00000012 )
    -------------------------------------------------------------------------
<CODE> 1 (was CODE)
  Relative segment, address: 9948 - 9AF7 (0x1b0 bytes), align: 1
  Segment part 24.            Intra module refs:   _PrintfFull
           LOCAL                   ADDRESS         
           =====                   =======         
           _LitobFull              9948 
               calls direct
               CSTACK = 00000000 ( 0000002A )
    -------------------------------------------------------------------------
<CODE> 2 (was CODE)
  Relative segment, address: E234 - E247 (0x14 bytes), align: 1
  Segment part 25.            Intra module refs:   _LitobFull
    -------------------------------------------------------------------------
<CODE> 2 (was CODE)
  Relative segment, address: E270 - E281 (0x12 bytes), align: 1
  Segment part 26.            Intra module refs:   _LitobFull
    -------------------------------------------------------------------------
<CODE> 2 (was CODE)
  Relative segment, address: E282 - E293 (0x12 bytes), align: 1
  Segment part 27.            Intra module refs:   _LitobFull
    -------------------------------------------------------------------------
<CODE> 2 (was CODE)
  Relative segment, address: E4E6 - E4EF (0xa bytes), align: 1
  Segment part 28.            Intra module refs:   _LdtobFull
                                                   _LitobFull
    -------------------------------------------------------------------------
<CODE> 2 (was CODE)
  Relative segment, address: E424 - E431 (0xe bytes), align: 1
  Segment part 29.            Intra module refs:   _LitobFull
    -------------------------------------------------------------------------
<CODE> 1 (was CODE)
  Relative segment, address: CC36 - CC77 (0x42 bytes), align: 1
  Segment part 14.            Intra module refs:   _LdtobFull
           LOCAL                   ADDRESS         
           =====                   =======         
           scale                   CC36 
               calls direct
               CSTACK = 00000000 ( 00000010 )
    -------------------------------------------------------------------------
<CODE> 1 (was CODE)
  Relative segment, address: 8AF4 - 8EB7 (0x3c4 bytes), align: 1
  Segment part 15.            Intra module refs:   _PrintfFull
           LOCAL                   ADDRESS         
           =====                   =======         
           _LdtobFull              8AF4 
               calls direct
               CSTACK = 00000000 ( 00000048 )
    -------------------------------------------------------------------------
<CODE> 2 (was CODE)
  Relative segment, address: E4DC - E4E5 (0xa bytes), align: 1
  Segment part 16.            Intra module refs:   _LdtobFull
    -------------------------------------------------------------------------
<CODE> 2 (was CODE)
  Relative segment, address: E432 - E43F (0xe bytes), align: 1
  Segment part 17.            Intra module refs:   _LdtobFull
    -------------------------------------------------------------------------
<CODE> 2 (was CODE)
  Relative segment, address: E576 - E57B (0x6 bytes), align: 1
  Segment part 18.            Intra module refs:   _LdtobFull
    -------------------------------------------------------------------------
<CODE> 2 (was CODE)
  Relative segment, address: E4FA - E503 (0xa bytes), align: 1
  Segment part 19.            Intra module refs:   Segment part 18
                                                   Segment part 20
                                                   Segment part 21
                                                   Segment part 23
    -------------------------------------------------------------------------
<CODE> 2 (was CODE)
  Relative segment, address: E51E - E525 (0x8 bytes), align: 1
  Segment part 20.            Intra module refs:   _LdtobFull
    -------------------------------------------------------------------------
<CODE> 2 (was CODE)
  Relative segment, address: E38C - E39B (0x10 bytes), align: 1
  Segment part 21.            Intra module refs:   _LdtobFull
    -------------------------------------------------------------------------
<CODE> 2 (was CODE)
  Relative segment, address: E312 - E323 (0x12 bytes), align: 1
  Segment part 22.            Intra module refs:   _LdtobFull
    -------------------------------------------------------------------------
<CODE> 2 (was CODE)
  Relative segment, address: E48C - E497 (0xc bytes), align: 1
  Segment part 23.            Intra module refs:   _LdtobFull
    -------------------------------------------------------------------------
<CODE> 1 (was CODE)
  Relative segment, address: 9504 - 9779 (0x276 bytes), align: 1
  Segment part 10.            Intra module refs:   _LdtobFull
           LOCAL                   ADDRESS         
           =====                   =======         
           _GenldFull              9504 
               calls direct
               CSTACK = 00000000 ( 00000020 )
    -------------------------------------------------------------------------
<CODE> 2 (was CODE)
  Relative segment, address: E37C - E38B (0x10 bytes), align: 1
  Segment part 11.            Intra module refs:   _GenldFull
    -------------------------------------------------------------------------
<CODE> 2 (was CODE)
  Relative segment, address: E3DC - E3EB (0x10 bytes), align: 1
  Segment part 12.            Intra module refs:   _GenldFull
    -------------------------------------------------------------------------
<CODE> 2 (was CODE)
  Relative segment, address: E1D0 - E1E3 (0x14 bytes), align: 1
  Segment part 13.            Intra module refs:   _GenldFull
    -------------------------------------------------------------------------
<CODE> 2 (was CODE)
  Relative segment, address: DDF8 - DE1F (0x28 bytes), align: 1
  Segment part 8.             Intra module refs:   _PrintfFull
                                                   _PutcharsFull
           LOCAL                   ADDRESS         
           =====                   =======         
           _PutcharFull            DDF8 
               calls indirect
               CSTACK = 00000000 ( 0000000C )
    -------------------------------------------------------------------------
<CODE> 2 (was CODE)
  Relative segment, address: DCA8 - DCD3 (0x2c bytes), align: 1
  Segment part 9.             Intra module refs:   Segment part 44
                                                   pad
           LOCAL                   ADDRESS         
           =====                   =======         
           _PutcharsFull           DCA8 
               calls direct
               CSTACK = 00000000 ( 00000010 )
    -------------------------------------------------------------------------
<CODE> 2 (was CODE)
  Relative segment, address: E440 - E44D (0xe bytes), align: 1
  Segment part 35.            Intra module refs:   _PrintfFull
    -------------------------------------------------------------------------
<CODE> 2 (was CODE)
  Relative segment, address: E3EC - E3F9 (0xe bytes), align: 1
  Segment part 37.            Intra module refs:   _PrintfFull
    -------------------------------------------------------------------------
<CODE> 2 (was CODE)
  Relative segment, address: E4BC - E4C7 (0xc bytes), align: 1
  Segment part 38.            Intra module refs:   _PrintfFull
    -------------------------------------------------------------------------
<CODE> 2 (was CODE)
  Relative segment, address: E474 - E47F (0xc bytes), align: 1
  Segment part 39.            Intra module refs:   _PrintfFull
    -------------------------------------------------------------------------
<CODE> 2 (was CODE)
  Relative segment, address: E536 - E53D (0x8 bytes), align: 1
  Segment part 40.            Intra module refs:   Segment part 37
                                                   Segment part 38
                                                   Segment part 39
                                                   Segment part 41
                                                   Segment part 42
    -------------------------------------------------------------------------
<CODE> 2 (was CODE)
  Relative segment, address: E4A4 - E4AF (0xc bytes), align: 1
  Segment part 41.            Intra module refs:   _PrintfFull
    -------------------------------------------------------------------------
<CODE> 2 (was CODE)
  Relative segment, address: E498 - E4A3 (0xc bytes), align: 1
  Segment part 42.            Intra module refs:   _PrintfFull
    -------------------------------------------------------------------------
<CODE> 2 (was CODE)
  Relative segment, address: E2A6 - E2B7 (0x12 bytes), align: 1
  Segment part 43.            Intra module refs:   _PrintfFull
    -------------------------------------------------------------------------
DATA16_C
  Relative segment, address: 836E - 8374 (0x7 bytes), align: 0
  Segment part 2.             Intra module refs:   _PrintfFull
    -------------------------------------------------------------------------
DATA16_C
  Relative segment, address: 8375 - 8378 (0x4 bytes), align: 0
  Segment part 3.             Intra module refs:   _LdtobFull
    -------------------------------------------------------------------------
DATA16_C
  Relative segment, address: 8379 - 837C (0x4 bytes), align: 0
  Segment part 4.             Intra module refs:   _LdtobFull
    -------------------------------------------------------------------------
DATA16_C
  Relative segment, address: 837D - 8380 (0x4 bytes), align: 0
  Segment part 5.             Intra module refs:   _LdtobFull
    -------------------------------------------------------------------------
DATA16_C
  Relative segment, address: 8381 - 8384 (0x4 bytes), align: 0
  Segment part 6.             Intra module refs:   _LdtobFull
    -------------------------------------------------------------------------
DATA16_C
  Relative segment, address: 8385 - 8386 (0x2 bytes), align: 0
  Segment part 7.             Intra module refs:   _GenldFull

    -------------------------------------------------------------------------
  LIBRARY MODULE, NAME : ?xsprout

  SEGMENTS IN THE MODULE
  ======================
<CODE> 2 (was CODE)
  Relative segment, address: E45C - E467 (0xc bytes), align: 1
  Segment part 2.
           ENTRY                   ADDRESS         REF BY
           =====                   =======         ======
           _SProut                 E45C            sprintf (?sprintf)
               CSTACK = 00000000 ( 00000004 )




                ****************************************
                *                                      *
                *      SEGMENTS IN ADDRESS ORDER       *
                *                                      *
                ****************************************


SEGMENT              SPACE    START ADDRESS   END ADDRESS     SIZE  TYPE  ALIGN
=======              =====    =============   ===========     ====  ====  =====
DATA16_AN                              0102 - 0103               2   rel    0
                                       0120 - 0121               2 
                                       0124 - 0127               4 
                                       012C - 012F               4 
                                       0140 - 0141               2 
                                       0144 - 0145               2 
                                       015C - 015D               2 
                                       0160 - 0169               A 
                                       016C - 016F               4 
                                       0198 - 019B               4 
                                       01B0 - 01B1               2 
                                       01C0 - 01C3               4 
                                       0200 - 0207               8 
                                       0222 - 0227               6 
                                       022A - 022B               2 
                                       0242 - 0245               4 
                                       0248 - 024B               4 
                                       0322 - 0325               4 
                                       0340 - 0343               4 
                                       0352 - 0353               2 
                                       0380 - 0383               4 
                                       0392 - 0393               2 
                                       0500 - 0501               2 
                                       0508 - 0509               2 
                                       0510 - 051B               C 
                                       0520 - 052B               C 
                                       0530 - 053B               C 
                                       0620 - 0621               2 
                                       0626 - 0627               2 
                                       062A - 062A               1 
                                       062C - 062C               1 
                                       062E - 062E               1 
                                       063C - 063D               2 
                                       0740 - 0745               6 
                                       074A - 074B               2 
                                       0752 - 0753               2 
                                       075A - 075B               2 
                                       075E - 075F               2 
                                       0900 - 0905               6 
                                       0908 - 0909               2 
                                       0910 - 0915               6 
                                       0920 - 0923               4 
                                       092E - 0933               6 
                                       093C - 093F               4 
                                       2370 - 23BF              50 
                                       23C8 - 23FF              38 
DATA16_I                               2400 - 245D              5E   rel    1
DATA16_Z                               245E - 28B2             455   rel    1
DATA16_N                               28B4 - 2903              50   rel    1
CSTACK                                 3270 - 33FF             190   rel    1
DATA16_C                               8000 - 8386             387   rel    1
DATA16_ID                              8388 - 83E5              5E   rel    1
CSTART                                 83E6 - 840D              28   rel    1
ISR_CODE                               840E - 85FB             1EE   rel    1
<CODE> 1                               85FC - CFFF            4A04   rel    1
MYDRIVE                                D000 - D9FF             A00   rel    0
<CODE> 2                               DA00 - E5CD             BCE   rel    1
INTVEC                                 FF80 - FFFB              7C   com    1
RESET                                  FFFE - FFFF               2   rel    1

                ****************************************
                *                                      *
                *        END OF CROSS REFERENCE        *
                *                                      *
                ****************************************

 22 630 bytes of CODE  memory
  1 683 bytes of DATA  memory (+ 309 absolute )
  3 557 bytes of CONST memory

Errors: none
Warnings: none

