################################################################################
#                                                                              #
#      IAR Universal Linker V5.2.1.11                                          #
#                                                                              #
#           Link time     =  07/Mar/2012  14:17:14                             #
#           Target CPU    =  MSP430                                            #
#           List file     =  E:\Gogo\MSP5510-STK\Demo_Examples\Release1\CHM1_E #
#                            xample\Debug\List\CHM1_Example.map                #
#           Output file 1 =  E:\Gogo\MSP5510-STK\Demo_Examples\Release1\CHM1_E #
#                            xample\Debug\Exe\CHM1_Example.txt                 #
#                            Format: msp430_txt                                #
#           Output file 2 =  E:\Gogo\MSP5510-STK\Demo_Examples\Release1\CHM1_E #
#                            xample\Debug\Exe\MSP430-5510STK_release_example.a #
#                            43                                                #
#                            Format: intel-extended                            #
#           Command line  =  -P(CONST)MYDRIVE=0xD000-0xF000                    #
#                            E:\Gogo\MSP5510-STK\Demo_Examples\Release1\CHM1_E #
#                            xample\Debug\Obj\HAL_FLASH.r43                    #
#                            E:\Gogo\MSP5510-STK\Demo_Examples\Release1\CHM1_E #
#                            xample\Debug\Obj\HAL_PMAP.r43                     #
#                            E:\Gogo\MSP5510-STK\Demo_Examples\Release1\CHM1_E #
#                            xample\Debug\Obj\HAL_PMM.r43                      #
#                            E:\Gogo\MSP5510-STK\Demo_Examples\Release1\CHM1_E #
#                            xample\Debug\Obj\HAL_SDCard.r43                   #
#                            E:\Gogo\MSP5510-STK\Demo_Examples\Release1\CHM1_E #
#                            xample\Debug\Obj\HAL_TLV.r43                      #
#                            E:\Gogo\MSP5510-STK\Demo_Examples\Release1\CHM1_E #
#                            xample\Debug\Obj\HAL_UCS.r43                      #
#                            E:\Gogo\MSP5510-STK\Demo_Examples\Release1\CHM1_E #
#                            xample\Debug\Obj\LUN0_data.r43                    #
#                            E:\Gogo\MSP5510-STK\Demo_Examples\Release1\CHM1_E #
#                            xample\Debug\Obj\UsbCdc.r43                       #
#                            E:\Gogo\MSP5510-STK\Demo_Examples\Release1\CHM1_E #
#                            xample\Debug\Obj\UsbHid.r43                       #
#                            E:\Gogo\MSP5510-STK\Demo_Examples\Release1\CHM1_E #
#                            xample\Debug\Obj\UsbHidReq.r43                    #
#                            E:\Gogo\MSP5510-STK\Demo_Examples\Release1\CHM1_E #
#                            xample\Debug\Obj\UsbIsr.r43                       #
#                            E:\Gogo\MSP5510-STK\Demo_Examples\Release1\CHM1_E #
#                            xample\Debug\Obj\UsbMscReq.r43                    #
#                            E:\Gogo\MSP5510-STK\Demo_Examples\Release1\CHM1_E #
#                            xample\Debug\Obj\UsbMscScsi.r43                   #
#                            E:\Gogo\MSP5510-STK\Demo_Examples\Release1\CHM1_E #
#                            xample\Debug\Obj\UsbMscStateMachine.r43           #
#                            E:\Gogo\MSP5510-STK\Demo_Examples\Release1\CHM1_E #
#                            xample\Debug\Obj\UsbPHDC.r43                      #
#                            E:\Gogo\MSP5510-STK\Demo_Examples\Release1\CHM1_E #
#                            xample\Debug\Obj\adc.r43                          #
#                            E:\Gogo\MSP5510-STK\Demo_Examples\Release1\CHM1_E #
#                            xample\Debug\Obj\descriptors.r43                  #
#                            E:\Gogo\MSP5510-STK\Demo_Examples\Release1\CHM1_E #
#                            xample\Debug\Obj\dma.r43                          #
#                            E:\Gogo\MSP5510-STK\Demo_Examples\Release1\CHM1_E #
#                            xample\Debug\Obj\ext_test.r43                     #
#                            E:\Gogo\MSP5510-STK\Demo_Examples\Release1\CHM1_E #
#                            xample\Debug\Obj\ff.r43                           #
#                            E:\Gogo\MSP5510-STK\Demo_Examples\Release1\CHM1_E #
#                            xample\Debug\Obj\lcd.r43                          #
#                            E:\Gogo\MSP5510-STK\Demo_Examples\Release1\CHM1_E #
#                            xample\Debug\Obj\main.r43                         #
#                            E:\Gogo\MSP5510-STK\Demo_Examples\Release1\CHM1_E #
#                            xample\Debug\Obj\mmc.r43                          #
#                            E:\Gogo\MSP5510-STK\Demo_Examples\Release1\CHM1_E #
#                            xample\Debug\Obj\mscFse.r43                       #
#                            E:\Gogo\MSP5510-STK\Demo_Examples\Release1\CHM1_E #
#                            xample\Debug\Obj\usb.r43                          #
#                            E:\Gogo\MSP5510-STK\Demo_Examples\Release1\CHM1_E #
#                            xample\Debug\Obj\usbConstructs.r43                #
#                            E:\Gogo\MSP5510-STK\Demo_Examples\Release1\CHM1_E #
#                            xample\Debug\Obj\usbEventHandling.r43             #
#                            -o                                                #
#                            E:\Gogo\MSP5510-STK\Demo_Examples\Release1\CHM1_E #
#                            xample\Debug\Exe\CHM1_Example.txt                 #
#                            -Fmsp430_txt -l                                   #
#                            E:\Gogo\MSP5510-STK\Demo_Examples\Release1\CHM1_E #
#                            xample\Debug\List\CHM1_Example.map                #
#                            -xms                                              #
#                            "-IF:\Program Files\IAR Systems\IAR_MSP540\430\LI #
#                            B\"                                               #
#                            -f                                                #
#                            "F:\Program Files\IAR Systems\IAR_MSP540\430\CONF #
#                            IG\lnk430F5510.xcl"                               #
#                            (-cmsp430 -QCODE_I=CODE_ID                        #
#                            -Z(DATA)DATA16_I,DATA16_Z,DATA16_N,TLS16_I,DATA16 #
#                            _HEAP+_DATA16_HEAP_SIZE=2400-33FF                 #
#                            -Z(DATA)CODE_I -Z(DATA)CSTACK+_STACK_SIZE#        #
#                            -Z(CONST)INFO=1800-19FF                           #
#                            -Z(CONST)INFOA=1980-19FF                          #
#                            -Z(CONST)INFOB=1900-197F                          #
#                            -Z(CONST)INFOC=1880-18FF                          #
#                            -Z(CONST)INFOD=1800-187F                          #
#                            -Z(CONST)DATA16_C,DATA16_ID,TLS16_ID,DIFUNCT,CHEC #
#                            KSUM=8000-FF7F                                    #
#                            -Z(CODE)CSTART,ISR_CODE,CODE_ID=8000-FF7F         #
#                            -P(CODE)CODE=8000-FF7F -Z(CODE)INTVEC=FF80-FFFF   #
#                            -Z(CODE)RESET=FFFE-FFFF) -f                       #
#                            "F:\Program Files\IAR Systems\IAR_MSP540\430\conf #
#                            ig\multiplier32_loc2.xcl"                         #
#                            (-e?Mul8HwLoc2=?Mul8 -e?Mul16HwLoc2=?Mul16        #
#                            -e?Mul16to32uHwLoc2=?Mul16to32u                   #
#                            -e?Mul16to32sHwLoc2=?Mul16to32s                   #
#                            -e?Mul32Hw32Loc2=?Mul32                           #
#                            -e?Mul64Hw32Loc2=_Mul64i                          #
#                            -e?Mul32u32uto64iHw32Loc2=_Mul32u32uto64i         #
#                            -e?Mul32fHwLoc2=_Mul32f                           #
#                            -e_Mul64fHwPtrLoc2=_Mul64fPtr)                    #
#                            -D_STACK_SIZE=190                                 #
#                            "F:\Program Files\IAR Systems\IAR_MSP540\430\LIB\ #
#                            DLIB\dl430xsfn.r43"                               #
#                            -e_PrintfFull=_Printf -e_ScanfFull=_Scanf         #
#                            -D_DATA16_HEAP_SIZE=A0                            #
#                            -Ointel-extended=E:\Gogo\MSP5510-STK\Demo_Example #
#                            s\Release1\CHM1_Example\Debug\Exe\MSP430-5510STK_ #
#                            release_example.a43                               #
#                            -s __program_start -D_DATA20_HEAP_SIZE=50         #
#                                                                              #
#                           Copyright (C) 1987-2011 IAR Systems AB.            #
################################################################################





                ****************************************
                *                                      *
                *           CROSS REFERENCE            *
                *                                      *
                ****************************************

       Program entry at :           83C4  Relocatable, from module : ?cstart




                ****************************************
                *                                      *
                *            RUNTIME MODEL             *
                *                                      *
                ****************************************

  __Heap_Handler             = Basic
  __SystemLibrary            = DLib
  __core                     = 430X
  __data_model               = small
  __dlib_file_descriptor     = 0
  __dlib_full_locale_support = 0
  __double_size              = 32
  __pic                      = no
  __reg_r4                   = free
  __reg_r5                   = free
  __rt_version               = 3

                ****************************************
                *                                      *
                *    AUTOMATIC SYMBOL REDIRECTIONS     *
                *                                      *
                ****************************************




                ****************************************
                *                                      *
                *              MODULE MAP              *
                *                                      *
                ****************************************


  DEFINED ABSOLUTE ENTRIES
    *************************************************************************

  DEFINED ABSOLUTE ENTRIES
  PROGRAM MODULE, NAME : ?ABS_ENTRY_MOD

Absolute parts
           ENTRY                   ADDRESS         REF BY
           =====                   =======         ======
           _DATA20_HEAP_SIZE       0050 
           _DATA16_HEAP_SIZE       00A0 
           _STACK_SIZE             0190 
    *************************************************************************

  FILE NAME : E:\Gogo\MSP5510-STK\Demo_Examples\Release1\CHM1_Example\Debug\Obj\HAL_FLASH.r43
  PROGRAM MODULE, NAME : HAL_FLASH

  SEGMENTS IN THE MODULE
  ======================
DATA16_AN
  Relative segment, address: 0140 - 0141 (0x2 bytes), align: 0
  Segment part 1. ROOT.       Intra module refs:   flashWrite_LBA (mscFse)
           ENTRY                   ADDRESS         REF BY
           =====                   =======         ======
           _A_FCTL1_L              0140 
           LOCAL                   ADDRESS         
           =====                   =======         
           FCTL1                   0140 
           FCTL1_H                 0141 
           FCTL1_L                 0140 
    -------------------------------------------------------------------------
DATA16_AN
  Relative segment, address: 0144 - 0145 (0x2 bytes), align: 0
  Segment part 2. ROOT.       Intra module refs:   flashWrite_LBA (mscFse)
           ENTRY                   ADDRESS         REF BY
           =====                   =======         ======
           _A_FCTL3_L              0144 
           LOCAL                   ADDRESS         
           =====                   =======         
           FCTL3                   0144 
           FCTL3_H                 0145 
           FCTL3_L                 0144 

    *************************************************************************

  FILE NAME : E:\Gogo\MSP5510-STK\Demo_Examples\Release1\CHM1_Example\Debug\Obj\HAL_PMAP.r43
  PROGRAM MODULE, NAME : HAL_PMAP

  SEGMENTS IN THE MODULE
  ======================
DATA16_AN
  Relative segment, address: 01C0 - 01C1 (0x2 bytes), align: 0
  Segment part 1. ROOT.
           ENTRY                   ADDRESS         REF BY
           =====                   =======         ======
           _A_PMAPKEYID_L          01C0 
           LOCAL                   ADDRESS         
           =====                   =======         
           PMAPKEYID               01C0 
           PMAPKEYID_H             01C1 
           PMAPKEYID_L             01C0 
    -------------------------------------------------------------------------
DATA16_AN
  Relative segment, address: 01C2 - 01C3 (0x2 bytes), align: 0
  Segment part 2. ROOT.
           ENTRY                   ADDRESS         REF BY
           =====                   =======         ======
           _A_PMAPCTL_L            01C2 
           LOCAL                   ADDRESS         
           =====                   =======         
           PMAPCTL                 01C2 
           PMAPCTL_H               01C3 
           PMAPCTL_L               01C2 

    *************************************************************************

  FILE NAME : E:\Gogo\MSP5510-STK\Demo_Examples\Release1\CHM1_Example\Debug\Obj\HAL_PMM.r43
  PROGRAM MODULE, NAME : HAL_PMM

  SEGMENTS IN THE MODULE
  ======================
DATA16_AN
  Relative segment, address: 0120 - 0121 (0x2 bytes), align: 0
  Segment part 1. ROOT.       Intra module refs:   SetVCore
                                                   SetVCoreDown
                                                   SetVCoreUp
           ENTRY                   ADDRESS         REF BY
           =====                   =======         ======
           _A_PMMCTL0_L            0120 
           LOCAL                   ADDRESS         
           =====                   =======         
           PMMCTL0                 0120 
           PMMCTL0_H               0121 
           PMMCTL0_L               0120 
    -------------------------------------------------------------------------
DATA16_AN
  Relative segment, address: 0124 - 0125 (0x2 bytes), align: 0
  Segment part 2. ROOT.       Intra module refs:   SetVCoreDown
                                                   SetVCoreUp
           ENTRY                   ADDRESS         REF BY
           =====                   =======         ======
           _A_SVSMHCTL_L           0124 
           LOCAL                   ADDRESS         
           =====                   =======         
           SVSMHCTL                0124 
           SVSMHCTL_H              0125 
           SVSMHCTL_L              0124 
    -------------------------------------------------------------------------
DATA16_AN
  Relative segment, address: 0126 - 0127 (0x2 bytes), align: 0
  Segment part 3. ROOT.       Intra module refs:   SetVCoreDown
                                                   SetVCoreUp
           ENTRY                   ADDRESS         REF BY
           =====                   =======         ======
           _A_SVSMLCTL_L           0126 
           LOCAL                   ADDRESS         
           =====                   =======         
           SVSMLCTL                0126 
           SVSMLCTL_H              0127 
           SVSMLCTL_L              0126 
    -------------------------------------------------------------------------
DATA16_AN
  Relative segment, address: 012C - 012D (0x2 bytes), align: 0
  Segment part 4. ROOT.       Intra module refs:   SetVCoreDown
                                                   SetVCoreUp
           ENTRY                   ADDRESS         REF BY
           =====                   =======         ======
           _A_PMMIFG_L             012C 
           LOCAL                   ADDRESS         
           =====                   =======         
           PMMIFG                  012C 
           PMMIFG_H                012D 
           PMMIFG_L                012C 
    -------------------------------------------------------------------------
DATA16_AN
  Relative segment, address: 012E - 012F (0x2 bytes), align: 0
  Segment part 5. ROOT.       Intra module refs:   SetVCoreDown
                                                   SetVCoreUp
           ENTRY                   ADDRESS         REF BY
           =====                   =======         ======
           _A_PMMRIE_L             012E 
           LOCAL                   ADDRESS         
           =====                   =======         
           PMMRIE                  012E 
           PMMRIE_H                012F 
           PMMRIE_L                012E 
    -------------------------------------------------------------------------
<CODE> 1 (was CODE)
  Relative segment, address: A26C - A33B (0xd0 bytes), align: 1
  Segment part 8.             Intra module refs:   SetVCore
           LOCAL                   ADDRESS         
           =====                   =======         
           SetVCoreUp              A26C 
               CSTACK = 00000000 ( 00000008 )
    -------------------------------------------------------------------------
<CODE> 1 (was CODE)
  Relative segment, address: A876 - A8FF (0x8a bytes), align: 1
  Segment part 7.             Intra module refs:   SetVCore
           LOCAL                   ADDRESS         
           =====                   =======         
           SetVCoreDown            A876 
               CSTACK = 00000000 ( 00000008 )
    -------------------------------------------------------------------------
<CODE> 1 (was CODE)
  Relative segment, address: B762 - B79D (0x3c bytes), align: 1
  Segment part 9.
           ENTRY                   ADDRESS         REF BY
           =====                   =======         ======
           SetVCore                B762            main (main)
               calls direct
               CSTACK = 00000000 ( 00000008 )

    *************************************************************************

  FILE NAME : E:\Gogo\MSP5510-STK\Demo_Examples\Release1\CHM1_Example\Debug\Obj\HAL_SDCard.r43
  PROGRAM MODULE, NAME : HAL_SDCard

  SEGMENTS IN THE MODULE
  ======================
DATA16_AN
  Relative segment, address: 0222 - 0223 (0x2 bytes), align: 0
  Segment part 1. ROOT.       Intra module refs:   Init_Ports (main)
                                                   SDCard_init
                                                   SDCard_setCSHigh
                                                   SDCard_setCSLow
                                                   TIMER1_A0_ISR (main)
           ENTRY                   ADDRESS         REF BY
           =====                   =======         ======
           _A_PBOUT_L              0222 
           LOCAL                   ADDRESS         
           =====                   =======         
           PBOUT                   0222 
           PBOUT_H                 0223 
           PBOUT_L                 0222 
    -------------------------------------------------------------------------
DATA16_AN
  Relative segment, address: 0224 - 0225 (0x2 bytes), align: 0
  Segment part 2. ROOT.       Intra module refs:   Init_Ports (main)
                                                   SDCard_init
           ENTRY                   ADDRESS         REF BY
           =====                   =======         ======
           _A_PBDIR_L              0224 
           LOCAL                   ADDRESS         
           =====                   =======         
           PBDIR                   0224 
           PBDIR_H                 0225 
           PBDIR_L                 0224 
    -------------------------------------------------------------------------
DATA16_AN
  Relative segment, address: 0226 - 0227 (0x2 bytes), align: 0
  Segment part 3. ROOT.       Intra module refs:   SDCard_init
           ENTRY                   ADDRESS         REF BY
           =====                   =======         ======
           _A_PBREN_L              0226 
           LOCAL                   ADDRESS         
           =====                   =======         
           PBREN                   0226 
           PBREN_H                 0227 
           PBREN_L                 0226 
    -------------------------------------------------------------------------
DATA16_AN
  Relative segment, address: 022A - 022B (0x2 bytes), align: 0
  Segment part 4. ROOT.       Intra module refs:   SDCard_init
           ENTRY                   ADDRESS         REF BY
           =====                   =======         ======
           _A_PBSEL_L              022A 
           LOCAL                   ADDRESS         
           =====                   =======         
           PBSEL                   022A 
           PBSEL_H                 022B 
           PBSEL_L                 022A 
    -------------------------------------------------------------------------
DATA16_AN
  Relative segment, address: 0620 - 0621 (0x2 bytes), align: 0
  Segment part 5. ROOT.       Intra module refs:   SDCard_fastMode
                                                   SDCard_init
           ENTRY                   ADDRESS         REF BY
           =====                   =======         ======
           _A_UCB1CTLW0_L          0620 
           LOCAL                   ADDRESS         
           =====                   =======         
           UCB1CTLW0               0620 
           UCB1CTLW0_H             0621 
           UCB1CTLW0_L             0620 
    -------------------------------------------------------------------------
DATA16_AN
  Relative segment, address: 0626 - 0627 (0x2 bytes), align: 0
  Segment part 6. ROOT.       Intra module refs:   SDCard_fastMode
                                                   SDCard_init
           ENTRY                   ADDRESS         REF BY
           =====                   =======         ======
           _A_UCB1BRW_L            0626 
           LOCAL                   ADDRESS         
           =====                   =======         
           UCB1BRW                 0626 
           UCB1BRW_H               0627 
           UCB1BRW_L               0626 
    -------------------------------------------------------------------------
DATA16_AN
  Relative segment, address: 062A - 062A (0x1 bytes), align: 0
  Segment part 7. ROOT.       Intra module refs:   SDCard_sendFrame
           ENTRY                   ADDRESS         REF BY
           =====                   =======         ======
           UCB1STAT                062A 
    -------------------------------------------------------------------------
DATA16_AN
  Relative segment, address: 062C - 062C (0x1 bytes), align: 0
  Segment part 8. ROOT.       Intra module refs:   SDCard_readFrame
                                                   SDCard_sendFrame
           ENTRY                   ADDRESS         REF BY
           =====                   =======         ======
           UCB1RXBUF               062C 
    -------------------------------------------------------------------------
DATA16_AN
  Relative segment, address: 062E - 062E (0x1 bytes), align: 0
  Segment part 9. ROOT.       Intra module refs:   SDCard_readFrame
                                                   SDCard_sendFrame
           ENTRY                   ADDRESS         REF BY
           =====                   =======         ======
           UCB1TXBUF               062E 
    -------------------------------------------------------------------------
DATA16_AN
  Relative segment, address: 063C - 063D (0x2 bytes), align: 0
  Segment part 10. ROOT.      Intra module refs:   SDCard_init
                                                   SDCard_readFrame
                                                   SDCard_sendFrame
           ENTRY                   ADDRESS         REF BY
           =====                   =======         ======
           _A_UCB1ICTL_L           063C 
           LOCAL                   ADDRESS         
           =====                   =======         
           UCB1ICTL                063C 
           UCB1ICTL_H              063D 
           UCB1ICTL_L              063C 
    -------------------------------------------------------------------------
<CODE> 1 (was CODE)
  Relative segment, address: B310 - B35D (0x4e bytes), align: 1
  Segment part 17.
           ENTRY                   ADDRESS         REF BY
           =====                   =======         ======
           SDCard_init             B310            disk_initialize (mmc)
               CSTACK = 00000000 ( 00000004 )
    -------------------------------------------------------------------------
<CODE> 1 (was CODE)
  Relative segment, address: BFBA - BFCB (0x12 bytes), align: 1
  Segment part 16.
           ENTRY                   ADDRESS         REF BY
           =====                   =======         ======
           SDCard_fastMode         BFBA            disk_initialize (mmc)
               CSTACK = 00000000 ( 00000004 )
    -------------------------------------------------------------------------
<CODE> 1 (was CODE)
  Relative segment, address: B8C0 - B8F1 (0x32 bytes), align: 1
  Segment part 15.
           ENTRY                   ADDRESS         REF BY
           =====                   =======         ======
           SDCard_readFrame        B8C0            rcvr_mmc (mmc)
               CSTACK = 00000000 ( 00000004 )
    -------------------------------------------------------------------------
<CODE> 1 (was CODE)
  Relative segment, address: BB7C - BBA5 (0x2a bytes), align: 1
  Segment part 14.
           ENTRY                   ADDRESS         REF BY
           =====                   =======         ======
           SDCard_sendFrame        BB7C            xmit_mmc (mmc)
               CSTACK = 00000000 ( 00000004 )
    -------------------------------------------------------------------------
<CODE> 1 (was CODE)
  Relative segment, address: C0D4 - C0DB (0x8 bytes), align: 1
  Segment part 13.
           ENTRY                   ADDRESS         REF BY
           =====                   =======         ======
           SDCard_setCSHigh        C0D4            deselect (mmc)
                                                   disk_initialize (mmc)
               CSTACK = 00000000 ( 00000004 )
    -------------------------------------------------------------------------
<CODE> 1 (was CODE)
  Relative segment, address: C0CC - C0D3 (0x8 bytes), align: 1
  Segment part 12.
           ENTRY                   ADDRESS         REF BY
           =====                   =======         ======
           SDCard_setCSLow         C0CC            select (mmc)
               CSTACK = 00000000 ( 00000004 )

    *************************************************************************

  FILE NAME : E:\Gogo\MSP5510-STK\Demo_Examples\Release1\CHM1_Example\Debug\Obj\HAL_TLV.r43
  PROGRAM MODULE, NAME : HAL_TLV

  SEGMENTS IN THE MODULE
  ======================
<CODE> 1 (was CODE)
  Relative segment, address: B4DC - B523 (0x48 bytes), align: 1
  Segment part 2.
           ENTRY                   ADDRESS         REF BY
           =====                   =======         ======
           Get_TLV_Info            B4DC            USB_InitSerialStringDescriptor (usb)
               CSTACK = 00000000 ( 00000008 )

    *************************************************************************

  FILE NAME : E:\Gogo\MSP5510-STK\Demo_Examples\Release1\CHM1_Example\Debug\Obj\HAL_UCS.r43
  PROGRAM MODULE, NAME : HAL_UCS

  SEGMENTS IN THE MODULE
  ======================
DATA16_AN
  Relative segment, address: 0102 - 0103 (0x2 bytes), align: 0
  Segment part 1. ROOT.       Intra module refs:   Init_Clock (main)
                                                   Init_FLL
                                                   TIMER1_A0_ISR (main)
                                                   UNMI_ISR (main)
                                                   XT2_Start
           ENTRY                   ADDRESS         REF BY
           =====                   =======         ======
           _A_SFRIFG1_L            0102 
           LOCAL                   ADDRESS         
           =====                   =======         
           SFRIFG1                 0102 
           SFRIFG1_H               0103 
           SFRIFG1_L               0102 
    -------------------------------------------------------------------------
DATA16_AN
  Relative segment, address: 0160 - 0161 (0x2 bytes), align: 0
  Segment part 2. ROOT.       Intra module refs:   Init_FLL
           ENTRY                   ADDRESS         REF BY
           =====                   =======         ======
           _A_UCSCTL0_L            0160 
           LOCAL                   ADDRESS         
           =====                   =======         
           UCSCTL0                 0160 
           UCSCTL0_H               0161 
           UCSCTL0_L               0160 
    -------------------------------------------------------------------------
DATA16_AN
  Relative segment, address: 0162 - 0163 (0x2 bytes), align: 0
  Segment part 3. ROOT.       Intra module refs:   Init_FLL
           ENTRY                   ADDRESS         REF BY
           =====                   =======         ======
           _A_UCSCTL1_L            0162 
           LOCAL                   ADDRESS         
           =====                   =======         
           UCSCTL1                 0162 
           UCSCTL1_H               0163 
           UCSCTL1_L               0162 
    -------------------------------------------------------------------------
DATA16_AN
  Relative segment, address: 0164 - 0165 (0x2 bytes), align: 0
  Segment part 4. ROOT.       Intra module refs:   Init_FLL
           ENTRY                   ADDRESS         REF BY
           =====                   =======         ======
           _A_UCSCTL2_L            0164 
           LOCAL                   ADDRESS         
           =====                   =======         
           UCSCTL2                 0164 
           UCSCTL2_H               0165 
           UCSCTL2_L               0164 
    -------------------------------------------------------------------------
DATA16_AN
  Relative segment, address: 0168 - 0169 (0x2 bytes), align: 0
  Segment part 5. ROOT.       Intra module refs:   Init_Clock (main)
                                                   Init_FLL
           ENTRY                   ADDRESS         REF BY
           =====                   =======         ======
           _A_UCSCTL4_L            0168 
           LOCAL                   ADDRESS         
           =====                   =======         
           UCSCTL4                 0168 
           UCSCTL4_H               0169 
           UCSCTL4_L               0168 
    -------------------------------------------------------------------------
DATA16_AN
  Relative segment, address: 016C - 016D (0x2 bytes), align: 0
  Segment part 6. ROOT.       Intra module refs:   Init_Clock (main)
                                                   USB_suspend (usb)
                                                   XT2_Start
                                                   XT2_Stop
           ENTRY                   ADDRESS         REF BY
           =====                   =======         ======
           _A_UCSCTL6_L            016C 
           LOCAL                   ADDRESS         
           =====                   =======         
           UCSCTL6                 016C 
           UCSCTL6_H               016D 
           UCSCTL6_L               016C 
    -------------------------------------------------------------------------
DATA16_AN
  Relative segment, address: 016E - 016F (0x2 bytes), align: 0
  Segment part 7. ROOT.       Intra module refs:   Init_Clock (main)
                                                   Init_FLL
                                                   UNMI_ISR (main)
                                                   XT2_Start
           ENTRY                   ADDRESS         REF BY
           =====                   =======         ======
           _A_UCSCTL7_L            016E 
           LOCAL                   ADDRESS         
           =====                   =======         
           UCSCTL7                 016E 
           UCSCTL7_H               016F 
           UCSCTL7_L               016E 
    -------------------------------------------------------------------------
<CODE> 1 (was CODE)
  Relative segment, address: B9B8 - B9E7 (0x30 bytes), align: 1
  Segment part 14.
           ENTRY                   ADDRESS         REF BY
           =====                   =======         ======
           XT2_Start               B9B8            Init_Clock (main)
                                                   USB_enable (usb)
               CSTACK = 00000000 ( 00000004 )
    -------------------------------------------------------------------------
<CODE> 1 (was CODE)
  Relative segment, address: C0C4 - C0CB (0x8 bytes), align: 1
  Segment part 11.
           ENTRY                   ADDRESS         REF BY
           =====                   =======         ======
           XT2_Stop                C0C4            USB_handleVbusOffEvent (usbEventHandling)
               CSTACK = 00000000 ( 00000004 )
    -------------------------------------------------------------------------
<CODE> 1 (was CODE)
  Relative segment, address: BA48 - BA75 (0x2e bytes), align: 1
  Segment part 10.
           ENTRY                   ADDRESS         REF BY
           =====                   =======         ======
           Init_FLL_Settle         BA48            Init_Clock (main)
               calls direct
               CSTACK = 00000000 ( 00000006 )
    -------------------------------------------------------------------------
<CODE> 1 (was CODE)
  Relative segment, address: 9C64 - 9D49 (0xe6 bytes), align: 1
  Segment part 9.             Intra module refs:   Init_FLL_Settle
           ENTRY                   ADDRESS         REF BY
           =====                   =======         ======
           Init_FLL                9C64 
               CSTACK = 00000000 ( 00000008 )

    *************************************************************************

  FILE NAME : E:\Gogo\MSP5510-STK\Demo_Examples\Release1\CHM1_Example\Debug\Obj\LUN0_data.r43
  PROGRAM MODULE, NAME : LUN0_data

  SEGMENTS IN THE MODULE
  ======================
MYDRIVE
  Relative segment, address: D000 - D1FF (0x200 bytes), align: 0
  Segment part 2.
           ENTRY                   ADDRESS         REF BY
           =====                   =======         ======
           MBR                     D000            Read_LBA (mscFse)
    -------------------------------------------------------------------------
MYDRIVE
  Relative segment, address: D200 - D3FF (0x200 bytes), align: 0
  Segment part 3.
           ENTRY                   ADDRESS         REF BY
           =====                   =======         ======
           Partition               D200            Read_LBA (mscFse)
    -------------------------------------------------------------------------
MYDRIVE
  Relative segment, address: D400 - D5FF (0x200 bytes), align: 0
  Segment part 4.
           ENTRY                   ADDRESS         REF BY
           =====                   =======         ======
           FAT                     D400            Read_LBA (mscFse)
                                                   Write_LBA (mscFse)
    -------------------------------------------------------------------------
DATA16_I
  Relative segment, address: 2400 - 2401 (0x2 bytes), align: 1
  Segment part 5.
           ENTRY                   ADDRESS         REF BY
           =====                   =======         ======
           Data560                 2400            Read_LBA (mscFse)
                                                   Write_LBA (mscFse)
    -------------------------------------------------------------------------
DATA16_I
  Relative segment, address: 2402 - 2403 (0x2 bytes), align: 1
  Segment part 7.
           ENTRY                   ADDRESS         REF BY
           =====                   =======         ======
           Data561                 2402            Read_LBA (mscFse)
                                                   Write_LBA (mscFse)
    -------------------------------------------------------------------------
DATA16_I
  Relative segment, address: 2404 - 2405 (0x2 bytes), align: 1
  Segment part 9.
           ENTRY                   ADDRESS         REF BY
           =====                   =======         ======
           Data562                 2404            Read_LBA (mscFse)
                                                   Write_LBA (mscFse)
    -------------------------------------------------------------------------
DATA16_I
  Relative segment, address: 2406 - 2407 (0x2 bytes), align: 1
  Segment part 11.
           ENTRY                   ADDRESS         REF BY
           =====                   =======         ======
           Data563                 2406            Read_LBA (mscFse)
                                                   Write_LBA (mscFse)
    -------------------------------------------------------------------------
DATA16_I
  Relative segment, address: 2408 - 2409 (0x2 bytes), align: 1
  Segment part 13.
           ENTRY                   ADDRESS         REF BY
           =====                   =======         ======
           Data564                 2408            Read_LBA (mscFse)
                                                   Write_LBA (mscFse)
    -------------------------------------------------------------------------
DATA16_I
  Relative segment, address: 240A - 240B (0x2 bytes), align: 1
  Segment part 15.
           ENTRY                   ADDRESS         REF BY
           =====                   =======         ======
           Data565                 240A            Read_LBA (mscFse)
                                                   Write_LBA (mscFse)
    -------------------------------------------------------------------------
DATA16_I
  Relative segment, address: 240C - 240D (0x2 bytes), align: 1
  Segment part 17.
           ENTRY                   ADDRESS         REF BY
           =====                   =======         ======
           Data566                 240C            Write_LBA (mscFse)
    -------------------------------------------------------------------------
MYDRIVE
  Relative segment, address: D600 - D7FF (0x200 bytes), align: 0
  Segment part 19.
           ENTRY                   ADDRESS         REF BY
           =====                   =======         ======
           Root_Dir                D600            Read_LBA (mscFse)
                                                   Write_LBA (mscFse)
    -------------------------------------------------------------------------
MYDRIVE
  Relative segment, address: D800 - D9FF (0x200 bytes), align: 0
  Segment part 20.
           ENTRY                   ADDRESS         REF BY
           =====                   =======         ======
           Data559                 D800            Read_LBA (mscFse)
                                                   Write_LBA (mscFse)
    -------------------------------------------------------------------------
DATA16_ID
  Relative segment, address: 8368 - 8369 (0x2 bytes), align: 1
  Segment part 6.             Intra module refs:   Data560
    -------------------------------------------------------------------------
DATA16_ID
  Relative segment, address: 836A - 836B (0x2 bytes), align: 1
  Segment part 8.             Intra module refs:   Data561
    -------------------------------------------------------------------------
DATA16_ID
  Relative segment, address: 836C - 836D (0x2 bytes), align: 1
  Segment part 10.            Intra module refs:   Data562
    -------------------------------------------------------------------------
DATA16_ID
  Relative segment, address: 836E - 836F (0x2 bytes), align: 1
  Segment part 12.            Intra module refs:   Data563
    -------------------------------------------------------------------------
DATA16_ID
  Relative segment, address: 8370 - 8371 (0x2 bytes), align: 1
  Segment part 14.            Intra module refs:   Data564
    -------------------------------------------------------------------------
DATA16_ID
  Relative segment, address: 8372 - 8373 (0x2 bytes), align: 1
  Segment part 16.            Intra module refs:   Data565
    -------------------------------------------------------------------------
DATA16_ID
  Relative segment, address: 8374 - 8375 (0x2 bytes), align: 1
  Segment part 18.            Intra module refs:   Data566

    *************************************************************************

  FILE NAME : E:\Gogo\MSP5510-STK\Demo_Examples\Release1\CHM1_Example\Debug\Obj\UsbCdc.r43
  PROGRAM MODULE, NAME : UsbCdc

  SEGMENTS IN THE MODULE
  ======================
DATA16_AN
  Relative segment, address: 0930 - 0930 (0x1 bytes), align: 0
  Segment part 1. ROOT.       Intra module refs:   MscSendData (UsbMscScsi)
                                                   USBCDC_sendData
                                                   USBMSC_poll (UsbMscStateMachine)
           ENTRY                   ADDRESS         REF BY
           =====                   =======         ======
           USBIEPIFG               0930 
    -------------------------------------------------------------------------
DATA16_Z
  Relative segment, address: 245C - 2463 (0x8 bytes), align: 1
  Segment part 3.             Intra module refs:   CdcResetData
                                                   Handler_SetLineCoding
                                                   usbGetLineCoding
           LOCAL                   ADDRESS         
           =====                   =======         
           CdcControl              245C 
    -------------------------------------------------------------------------
DATA16_Z
  Relative segment, address: 2464 - 246D (0xa bytes), align: 1
  Segment part 4.             Intra module refs:   CdcResetData
                                                   CdcToHostFromBuffer
                                                   USBCDC_intfStatus
                                                   USBCDC_sendData
           LOCAL                   ADDRESS         
           =====                   =======         
           CdcWriteCtrl            2464 
    -------------------------------------------------------------------------
DATA16_Z
  Relative segment, address: 246E - 247D (0x10 bytes), align: 1
  Segment part 5.             Intra module refs:   CdcIsReceiveInProgress
                                                   CdcResetData
                                                   CdcToBufferFromHost
                                                   CopyUsbToBuff
                                                   USBCDC_bytesInUSBBuffer
                                                   USBCDC_intfStatus
                                                   USBCDC_receiveData
           LOCAL                   ADDRESS         
           =====                   =======         
           CdcReadCtrl             246E 
    -------------------------------------------------------------------------
<CODE> 1 (was CODE)
  Relative segment, address: B816 - B851 (0x3c bytes), align: 1
  Segment part 21.
           ENTRY                   ADDRESS         REF BY
           =====                   =======         ======
           CdcResetData            B816            USB_reset (usb)
               calls direct
               CSTACK = 00000000 ( 00000004 )
    -------------------------------------------------------------------------
<CODE> 1 (was CODE)
  Relative segment, address: AC30 - AC9B (0x6c bytes), align: 1
  Segment part 20.
           ENTRY                   ADDRESS         REF BY
           =====                   =======         ======
           USBCDC_sendData         AC30            cdcSendDataInBackground (usbConstructs)
               CSTACK = 00000000 ( 00000008 )
    -------------------------------------------------------------------------
<CODE> 1 (was CODE)
  Relative segment, address: 9660 - 9779 (0x11a bytes), align: 1
  Segment part 19.
           ENTRY                   ADDRESS         REF BY
           =====                   =======         ======
           CdcToHostFromBuffer     9660            iUsbInterruptHandler (UsbIsr)
               calls direct and indirect
               CSTACK = 00000000 ( 00000010 )
    -------------------------------------------------------------------------
<CODE> 1 (was CODE)
  Relative segment, address: B150 - B1AB (0x5c bytes), align: 1
  Segment part 15.            Intra module refs:   CdcToBufferFromHost
                                                   USBCDC_receiveData
           ENTRY                   ADDRESS         REF BY
           =====                   =======         ======
           CopyUsbToBuff           B150 
               calls indirect
               CSTACK = 00000000 ( 0000000C )
    -------------------------------------------------------------------------
<CODE> 1 (was CODE)
  Relative segment, address: 8F02 - 908F (0x18e bytes), align: 1
  Segment part 17.
           ENTRY                   ADDRESS         REF BY
           =====                   =======         ======
           USBCDC_receiveData      8F02            cdcReceiveDataInBuffer (usbConstructs)
               calls direct
               CSTACK = 00000000 ( 0000000C )
    -------------------------------------------------------------------------
<CODE> 1 (was CODE)
  Relative segment, address: 9B7A - 9C63 (0xea bytes), align: 1
  Segment part 16.
           ENTRY                   ADDRESS         REF BY
           =====                   =======         ======
           CdcToBufferFromHost     9B7A            iUsbInterruptHandler (UsbIsr)
               calls direct
               CSTACK = 00000000 ( 0000000C )
    -------------------------------------------------------------------------
<CODE> 1 (was CODE)
  Relative segment, address: C002 - C013 (0x12 bytes), align: 1
  Segment part 14.
           ENTRY                   ADDRESS         REF BY
           =====                   =======         ======
           CdcIsReceiveInProgress
                                   C002            iUsbInterruptHandler (UsbIsr)
               CSTACK = 00000000 ( 00000004 )
    -------------------------------------------------------------------------
<CODE> 1 (was CODE)
  Relative segment, address: A984 - AA01 (0x7e bytes), align: 1
  Segment part 11.
           ENTRY                   ADDRESS         REF BY
           =====                   =======         ======
           USBCDC_intfStatus       A984            cdcSendDataInBackground (usbConstructs)
               CSTACK = 00000000 ( 0000000C )
    -------------------------------------------------------------------------
<CODE> 1 (was CODE)
  Relative segment, address: AC9C - AD07 (0x6c bytes), align: 1
  Segment part 10.
           ENTRY                   ADDRESS         REF BY
           =====                   =======         ======
           USBCDC_bytesInUSBBuffer
                                   AC9C            cdcReceiveDataInBuffer (usbConstructs)
                                                   iUsbInterruptHandler (UsbIsr)
               CSTACK = 00000000 ( 00000006 )
    -------------------------------------------------------------------------
<CODE> 1 (was CODE)
  Relative segment, address: AFD4 - B035 (0x62 bytes), align: 1
  Segment part 9.
           ENTRY                   ADDRESS         REF BY
           =====                   =======         ======
           usbGetLineCoding        AFD4            tUsbRequestList (descriptors)
               calls direct
               CSTACK = 00000000 ( 00000004 )
    -------------------------------------------------------------------------
<CODE> 1 (was CODE)
  Relative segment, address: C096 - C0A1 (0xc bytes), align: 1
  Segment part 8.
           ENTRY                   ADDRESS         REF BY
           =====                   =======         ======
           usbSetLineCoding        C096            tUsbRequestList (descriptors)
               calls direct
               CSTACK = 00000000 ( 00000004 )
    -------------------------------------------------------------------------
<CODE> 1 (was CODE)
  Relative segment, address: C0DC - C0E3 (0x8 bytes), align: 1
  Segment part 7.
           ENTRY                   ADDRESS         REF BY
           =====                   =======         ======
           usbSetControlLineState
                                   C0DC            tUsbRequestList (descriptors)
               calls direct
               CSTACK = 00000000 ( 00000004 )
    -------------------------------------------------------------------------
<CODE> 1 (was CODE)
  Relative segment, address: B524 - B565 (0x42 bytes), align: 1
  Segment part 6.
           ENTRY                   ADDRESS         REF BY
           =====                   =======         ======
           Handler_SetLineCoding   B524            OEP0InterruptHandler (UsbIsr)
               calls direct
               CSTACK = 00000000 ( 0000000C )

    *************************************************************************

  FILE NAME : E:\Gogo\MSP5510-STK\Demo_Examples\Release1\CHM1_Example\Debug\Obj\UsbHid.r43
  PROGRAM MODULE, NAME : UsbHid

  SEGMENTS IN THE MODULE
  ======================
DATA16_Z
  Relative segment, address: 247E - 2485 (0x8 bytes), align: 1
  Segment part 3.             Intra module refs:   HidResetData
                                                   HidToHostFromBuffer
           LOCAL                   ADDRESS         
           =====                   =======         
           HidWriteCtrl            247E 
    -------------------------------------------------------------------------
DATA16_Z
  Relative segment, address: 2486 - 2495 (0x10 bytes), align: 1
  Segment part 4.             Intra module refs:   HidCopyUsbToBuff
                                                   HidIsReceiveInProgress
                                                   HidResetData
                                                   HidToBufferFromHost
           LOCAL                   ADDRESS         
           =====                   =======         
           HidReadCtrl             2486 
    -------------------------------------------------------------------------
DATA16_Z
  Relative segment, address: 251A - 251A (0x1 bytes), align: 0
  Segment part 5.             Intra module refs:   HidResetData
           ENTRY                   ADDRESS         REF BY
           =====                   =======         ======
           hidProtocol             251A 
    -------------------------------------------------------------------------
<CODE> 1 (was CODE)
  Relative segment, address: BAFE - BB27 (0x2a bytes), align: 1
  Segment part 20.
           ENTRY                   ADDRESS         REF BY
           =====                   =======         ======
           HidResetData            BAFE            USB_reset (usb)
               calls direct
               CSTACK = 00000000 ( 00000004 )
    -------------------------------------------------------------------------
<CODE> 1 (was CODE)
  Relative segment, address: 9FF0 - A0C5 (0xd6 bytes), align: 1
  Segment part 16.
           ENTRY                   ADDRESS         REF BY
           =====                   =======         ======
           HidToHostFromBuffer     9FF0            iUsbInterruptHandler (UsbIsr)
               calls direct and indirect
               CSTACK = 00000000 ( 00000014 )
    -------------------------------------------------------------------------
<CODE> 1 (was CODE)
  Relative segment, address: B0F4 - B14F (0x5c bytes), align: 1
  Segment part 12.            Intra module refs:   HidToBufferFromHost
           ENTRY                   ADDRESS         REF BY
           =====                   =======         ======
           HidCopyUsbToBuff        B0F4 
               calls indirect
               CSTACK = 00000000 ( 0000000C )
    -------------------------------------------------------------------------
<CODE> 1 (was CODE)
  Relative segment, address: 977A - 988F (0x116 bytes), align: 1
  Segment part 13.
           ENTRY                   ADDRESS         REF BY
           =====                   =======         ======
           HidToBufferFromHost     977A            iUsbInterruptHandler (UsbIsr)
               calls direct
               CSTACK = 00000000 ( 0000000C )
    -------------------------------------------------------------------------
<CODE> 1 (was CODE)
  Relative segment, address: C026 - C037 (0x12 bytes), align: 1
  Segment part 11.
           ENTRY                   ADDRESS         REF BY
           =====                   =======         ======
           HidIsReceiveInProgress
                                   C026            iUsbInterruptHandler (UsbIsr)
               CSTACK = 00000000 ( 00000004 )

    *************************************************************************

  FILE NAME : E:\Gogo\MSP5510-STK\Demo_Examples\Release1\CHM1_Example\Debug\Obj\UsbHidReq.r43
  PROGRAM MODULE, NAME : UsbHidReq

  SEGMENTS IN THE MODULE
  ======================
<CODE> 1 (was CODE)
  Relative segment, address: BD8C - BDA9 (0x1e bytes), align: 1
  Segment part 13.
           ENTRY                   ADDRESS         REF BY
           =====                   =======         ======
           usbGetHidDescriptor     BD8C            tUsbRequestList (descriptors)
               calls direct
               CSTACK = 00000000 ( 00000004 )
    -------------------------------------------------------------------------
<CODE> 1 (was CODE)
  Relative segment, address: BD6E - BD8B (0x1e bytes), align: 1
  Segment part 12.
           ENTRY                   ADDRESS         REF BY
           =====                   =======         ======
           usbGetReportDescriptor
                                   BD6E            tUsbRequestList (descriptors)
               calls direct
               CSTACK = 00000000 ( 00000004 )
    -------------------------------------------------------------------------
<CODE> 1 (was CODE)
  Relative segment, address: BC46 - BC6B (0x26 bytes), align: 1
  Segment part 11.
           ENTRY                   ADDRESS         REF BY
           =====                   =======         ======
           usbSetReport            BC46            tUsbRequestList (descriptors)
               calls direct
               CSTACK = 00000000 ( 00000004 )
    -------------------------------------------------------------------------
<CODE> 1 (was CODE)
  Relative segment, address: BE1E - BE39 (0x1c bytes), align: 1
  Segment part 10.
           ENTRY                   ADDRESS         REF BY
           =====                   =======         ======
           usbGetReport            BE1E            tUsbRequestList (descriptors)
               calls direct
               CSTACK = 00000000 ( 00000004 )
    -------------------------------------------------------------------------
DATA16_Z
  Relative segment, address: 251B - 255A (0x40 bytes), align: 0
  Segment part 2.             Intra module refs:   Handler_GetReport
                                                   Handler_SetReport
           ENTRY                   ADDRESS         REF BY
           =====                   =======         ======
           setReportBuffer         251B 
    -------------------------------------------------------------------------
<CODE> 1 (was CODE)
  Relative segment, address: C0F2 - C0F7 (0x6 bytes), align: 1
  Segment part 5.             Intra module refs:   usbSetReport
           ENTRY                   ADDRESS         REF BY
           =====                   =======         ======
           Handler_SetReport       C0F2 
               CSTACK = 00000000 ( 00000004 )
    -------------------------------------------------------------------------
<CODE> 1 (was CODE)
  Relative segment, address: C144 - C147 (0x4 bytes), align: 1
  Segment part 4.
           ENTRY                   ADDRESS         REF BY
           =====                   =======         ======
           Handler_SetReportDataAvailable
                                   C144            OEP0InterruptHandler (UsbIsr)
               CSTACK = 00000000 ( 00000004 )
    -------------------------------------------------------------------------
<CODE> 1 (was CODE)
  Relative segment, address: C0EC - C0F1 (0x6 bytes), align: 1
  Segment part 3.             Intra module refs:   usbGetReport
           ENTRY                   ADDRESS         REF BY
           =====                   =======         ======
           Handler_GetReport       C0EC 
               CSTACK = 00000000 ( 00000004 )

    *************************************************************************

  FILE NAME : E:\Gogo\MSP5510-STK\Demo_Examples\Release1\CHM1_Example\Debug\Obj\UsbIsr.r43
  PROGRAM MODULE, NAME : UsbIsr

  SEGMENTS IN THE MODULE
  ======================
DATA16_AN
  Relative segment, address: 0900 - 0901 (0x2 bytes), align: 0
  Segment part 1. ROOT.       Intra module refs:   PWRVBUSoffHandler
                                                   PWRVBUSonHandler
                                                   USB_connect (usb)
                                                   USB_disable (usb)
                                                   USB_enable (usb)
                                                   USB_init (usb)
                                                   USB_reset (usb)
                                                   USB_suspend (usb)
           ENTRY                   ADDRESS         REF BY
           =====                   =======         ======
           _A_USBKEYID_L           0900 
           LOCAL                   ADDRESS         
           =====                   =======         
           USBKEYID                0900 
           USBKEYID_H              0901 
           USBKEYID_L              0900 
    -------------------------------------------------------------------------
DATA16_AN
  Relative segment, address: 0902 - 0903 (0x2 bytes), align: 0
  Segment part 2. ROOT.       Intra module refs:   PWRVBUSoffHandler
                                                   USB_connect (usb)
                                                   USB_connectionInfo (usb)
                                                   USB_connectionState (usb)
                                                   USB_disable (usb)
                                                   USB_enable (usb)
           ENTRY                   ADDRESS         REF BY
           =====                   =======         ======
           _A_USBCNF_L             0902 
           LOCAL                   ADDRESS         
           =====                   =======         
           USBCNF                  0902 
           USBCNF_H                0903 
           USBCNF_L                0902 
    -------------------------------------------------------------------------
DATA16_AN
  Relative segment, address: 0908 - 0909 (0x2 bytes), align: 0
  Segment part 3. ROOT.       Intra module refs:   PWRVBUSoffHandler
                                                   PWRVBUSonHandler
                                                   USB_connect (usb)
                                                   USB_connectionInfo (usb)
                                                   USB_connectionState (usb)
                                                   USB_enable (usb)
                                                   USB_init (usb)
           ENTRY                   ADDRESS         REF BY
           =====                   =======         ======
           _A_USBPWRCTL_L          0908 
           LOCAL                   ADDRESS         
           =====                   =======         
           USBPWRCTL               0908 
           USBPWRCTL_H             0909 
           USBPWRCTL_L             0908 
    -------------------------------------------------------------------------
DATA16_AN
  Relative segment, address: 0910 - 0911 (0x2 bytes), align: 0
  Segment part 4. ROOT.       Intra module refs:   PWRVBUSoffHandler
                                                   USB_disable (usb)
                                                   USB_enable (usb)
                                                   USB_suspend (usb)
           ENTRY                   ADDRESS         REF BY
           =====                   =======         ======
           _A_USBPLLCTL_L          0910 
           LOCAL                   ADDRESS         
           =====                   =======         
           USBPLLCTL               0910 
           USBPLLCTL_H             0911 
           USBPLLCTL_L             0910 
    -------------------------------------------------------------------------
DATA16_AN
  Relative segment, address: 0932 - 0933 (0x2 bytes), align: 0
  Segment part 5. ROOT.       Intra module refs:   iUsbInterruptHandler
           ENTRY                   ADDRESS         REF BY
           =====                   =======         ======
           _A_USBVECINT_L          0932 
           LOCAL                   ADDRESS         
           =====                   =======         
           USBVECINT               0932 
           USBVECINT_H             0933 
           USBVECINT_L             0932 
    -------------------------------------------------------------------------
DATA16_AN
  Relative segment, address: 093C - 093C (0x1 bytes), align: 0
  Segment part 6. ROOT.       Intra module refs:   IEP0InterruptHandler
                                                   OEP0InterruptHandler
                                                   SetupPacketInterruptHandler
                                                   USB_reset (usb)
                                                   USB_suspend (usb)
           ENTRY                   ADDRESS         REF BY
           =====                   =======         ======
           USBCTL                  093C 
    -------------------------------------------------------------------------
DATA16_AN
  Relative segment, address: 093E - 093E (0x1 bytes), align: 0
  Segment part 7. ROOT.       Intra module refs:   SetupPacketInterruptHandler
                                                   USB_reset (usb)
                                                   USB_resume (usb)
                                                   USB_suspend (usb)
                                                   iUsbInterruptHandler
                                                   usbDecodeAndProcessUsbRequest (usb)
                                                   usbInvalidRequest (usb)
           ENTRY                   ADDRESS         REF BY
           =====                   =======         ======
           USBIFG                  093E 
    -------------------------------------------------------------------------
ISR_CODE
  Relative segment, address: 83EC - 855F (0x174 bytes), align: 1
  Segment part 15.            Intra module refs:   iUsbInterruptHandler::??INTVEC 102
           ENTRY                   ADDRESS         REF BY
           =====                   =======         ======
           iUsbInterruptHandler    83EC 
               interrupt function
               calls direct
               CSTACK = 00000000 ( 00000010 )
    -------------------------------------------------------------------------
<CODE> 1 (was CODE)
  Relative segment, address: B79E - B7D9 (0x3c bytes), align: 1
  Segment part 14.            Intra module refs:   iUsbInterruptHandler
           ENTRY                   ADDRESS         REF BY
           =====                   =======         ======
           SetupPacketInterruptHandler
                                   B79E 
               calls direct
               CSTACK = 00000000 ( 00000004 )
    -------------------------------------------------------------------------
<CODE> 1 (was CODE)
  Relative segment, address: B5A8 - B5E9 (0x42 bytes), align: 1
  Segment part 13.            Intra module refs:   iUsbInterruptHandler
           ENTRY                   ADDRESS         REF BY
           =====                   =======         ======
           PWRVBUSoffHandler       B5A8 
               CSTACK = 00000000 ( 00000006 )
    -------------------------------------------------------------------------
<CODE> 1 (was CODE)
  Relative segment, address: BA18 - BA47 (0x30 bytes), align: 1
  Segment part 12.            Intra module refs:   iUsbInterruptHandler
           ENTRY                   ADDRESS         REF BY
           =====                   =======         ======
           PWRVBUSonHandler        BA18 
               CSTACK = 00000000 ( 00000006 )
    -------------------------------------------------------------------------
<CODE> 1 (was CODE)
  Relative segment, address: BE6E - BE87 (0x1a bytes), align: 1
  Segment part 11.            Intra module refs:   iUsbInterruptHandler
           ENTRY                   ADDRESS         REF BY
           =====                   =======         ======
           IEP0InterruptHandler    BE6E 
               calls direct
               CSTACK = 00000000 ( 00000004 )
    -------------------------------------------------------------------------
<CODE> 1 (was CODE)
  Relative segment, address: B448 - B491 (0x4a bytes), align: 1
  Segment part 10.            Intra module refs:   iUsbInterruptHandler
           ENTRY                   ADDRESS         REF BY
           =====                   =======         ======
           OEP0InterruptHandler    B448 
               calls direct
               CSTACK = 00000000 ( 00000006 )
    -------------------------------------------------------------------------
INTVEC
  Common segment, address: FF80 - FFE7 (0x68 bytes), align: 1
  Segment part 8. ROOT.
           ENTRY                   ADDRESS         REF BY
           =====                   =======         ======
           iUsbInterruptHandler::??INTVEC 102
                                   FFE6 

    *************************************************************************

  FILE NAME : E:\Gogo\MSP5510-STK\Demo_Examples\Release1\CHM1_Example\Debug\Obj\UsbMscReq.r43
  PROGRAM MODULE, NAME : UsbMscReq

  SEGMENTS IN THE MODULE
  ======================
<CODE> 1 (was CODE)
  Relative segment, address: BA76 - BAA3 (0x2e bytes), align: 1
  Segment part 3.
           ENTRY                   ADDRESS         REF BY
           =====                   =======         ======
           USBMSC_reset            BA76            USB_reset (usb)
                                                   tUsbRequestList (descriptors)
               calls direct
               CSTACK = 00000000 ( 00000004 )
    -------------------------------------------------------------------------
<CODE> 1 (was CODE)
  Relative segment, address: BE3A - BE53 (0x1a bytes), align: 1
  Segment part 2.
           ENTRY                   ADDRESS         REF BY
           =====                   =======         ======
           Get_MaxLUN              BE3A            tUsbRequestList (descriptors)
               calls direct
               CSTACK = 00000000 ( 00000006 )

    *************************************************************************

  FILE NAME : E:\Gogo\MSP5510-STK\Demo_Examples\Release1\CHM1_Example\Debug\Obj\UsbMscScsi.r43
  PROGRAM MODULE, NAME : UsbMscScsi

  SEGMENTS IN THE MODULE
  ======================
DATA16_Z
  Relative segment, address: 2496 - 24AD (0x18 bytes), align: 1
  Segment part 3.             Intra module refs:   MSCFromHostToBuffer
                                                   MscCopyUsbToBuff
                                                   MscResetData
                                                   Msc_ResetStruct
                                                   Scsi_Cmd_Parser
                                                   Scsi_Write10
                                                   USBMSC_bufferProcessed
           ENTRY                   ADDRESS         REF BY
           =====                   =======         ======
           MscWriteControl         2496            USBMSC_poll (UsbMscStateMachine)
                                                   usbClearEndpointFeature (usb)
                                                   usbSetInterface (usb)
    -------------------------------------------------------------------------
DATA16_Z
  Relative segment, address: 24AE - 24C1 (0x14 bytes), align: 1
  Segment part 4.             Intra module refs:   MSCToHostFromBuffer
                                                   MscResetData
                                                   MscSendData
                                                   Msc_ResetStruct
                                                   Scsi_Read10
                                                   USBMSC_bufferProcessed
           ENTRY                   ADDRESS         REF BY
           =====                   =======         ======
           MscReadControl          24AE            USBMSC_poll (UsbMscStateMachine)
                                                   usbClearEndpointFeature (usb)
                                                   usbSetInterface (usb)
    -------------------------------------------------------------------------
DATA16_Z
  Relative segment, address: 24C2 - 24D9 (0x18 bytes), align: 1
  Segment part 5.             Intra module refs:   MSCFromHostToBuffer
                                                   MSCToHostFromBuffer
                                                   MscCopyUsbToBuff
                                                   MscResetCtrlLun
                                                   Scsi_Cmd_Parser
                                                   Scsi_Mode_Sense10
                                                   Scsi_Mode_Sense6
                                                   Scsi_Read10
                                                   Scsi_Request_Sense
                                                   Scsi_Write10
                                                   USBMSC_bufferProcessed
                                                   USBMSC_registerBufInfo
                                                   USBMSC_updateMediaInfo
           ENTRY                   ADDRESS         REF BY
           =====                   =======         ======
           MscControl              24C2 
    -------------------------------------------------------------------------
DATA16_Z
  Relative segment, address: 24DA - 24E5 (0xc bytes), align: 1
  Segment part 6.             Intra module refs:   MSCFromHostToBuffer
                                                   MSCToHostFromBuffer
                                                   MscCopyUsbToBuff
                                                   Msc_ResetStruct
                                                   Scsi_Read10
                                                   Scsi_Write10
                                                   USBMSC_bufferProcessed
                                                   USBMSC_fetchInfoStruct
                                                   USBMSC_getState
           ENTRY                   ADDRESS         REF BY
           =====                   =======         ======
           sRwbuf                  24DA 
    -------------------------------------------------------------------------
DATA16_N
  Relative segment, address: 28A8 - 28C7 (0x20 bytes), align: 1
  Segment part 7.             Intra module refs:   Check_CBW
                                                   MSCFromHostToBuffer
                                                   Msc_ResetStruct
                                                   Scsi_Cmd_Parser
                                                   Scsi_Inquiry
                                                   Scsi_Mode_Sense10
                                                   Scsi_Mode_Sense6
                                                   Scsi_Read10
                                                   Scsi_Read_Capacity10
                                                   Scsi_Request_Sense
                                                   Scsi_Send_CSW
                                                   Scsi_Unknown_Request
                                                   Scsi_Verify_CBW
                                                   Scsi_Write10
                                                   USBMSC_bufferProcessed
                                                   USBMSC_updateMediaInfo
           ENTRY                   ADDRESS         REF BY
           =====                   =======         ======
           McsCbw                  28A8 
    -------------------------------------------------------------------------
DATA16_N
  Relative segment, address: 28C8 - 28D5 (0xe bytes), align: 1
  Segment part 8.             Intra module refs:   Msc_ResetStruct
                                                   Scsi_Send_CSW
           ENTRY                   ADDRESS         REF BY
           =====                   =======         ======
           McsCsw                  28C8 
    -------------------------------------------------------------------------
DATA16_Z
  Relative segment, address: 24E6 - 24F7 (0x12 bytes), align: 1
  Segment part 9.             Intra module refs:   Check_CBW
                                                   MSCFromHostToBuffer
                                                   Msc_ResetFlags
                                                   SET_RequestsenseMediaNotPresent
                                                   SET_RequestsenseNotReady
                                                   Scsi_Cmd_Parser
                                                   Scsi_Inquiry
                                                   Scsi_Mode_Sense10
                                                   Scsi_Mode_Sense6
                                                   Scsi_Read_Capacity10
                                                   Scsi_Report_Luns
                                                   Scsi_Request_Sense
                                                   Scsi_Send_CSW
                                                   Scsi_Test_Unit_Ready
                                                   Scsi_Unknown_Request
                                                   Scsi_Verify_CBW
                                                   USBMSC_bufferProcessed
                                                   USBMSC_getState
                                                   USBMSC_updateMediaInfo
                                                   usbStallOutEndpoint
           ENTRY                   ADDRESS         REF BY
           =====                   =======         ======
           MscState                24E6            Get_MaxLUN (UsbMscReq)
                                                   Msc_ResetStateMachine (UsbMscStateMachine)
                                                   USBMSC_poll (UsbMscStateMachine)
                                                   USBMSC_reset (UsbMscReq)
                                                   USB_reset (usb)
                                                   usbClearEndpointFeature (usb)
    -------------------------------------------------------------------------
DATA16_Z
  Relative segment, address: 255B - 265A (0x100 bytes), align: 0
  Segment part 10.            Intra module refs:   Scsi_Inquiry
           ENTRY                   ADDRESS         REF BY
           =====                   =======         ======
           Scsi_Standard_Inquiry_Data
                                   255B 
    -------------------------------------------------------------------------
DATA16_Z
  Relative segment, address: 265B - 267A (0x20 bytes), align: 0
  Segment part 11.            Intra module refs:   Check_CBW
                                                   Reset_RequestSenseResponse
                                                   SET_RequestsenseMediaNotPresent
                                                   SET_RequestsenseNotReady
                                                   Scsi_Cmd_Parser
                                                   Scsi_Inquiry
                                                   Scsi_Request_Sense
                                                   Scsi_Unknown_Request
                                                   USBMSC_bufferProcessed
           ENTRY                   ADDRESS         REF BY
           =====                   =======         ======
           RequestSenseResponse    265B 
    -------------------------------------------------------------------------
DATA16_Z
  Relative segment, address: 267B - 268A (0x10 bytes), align: 0
  Segment part 12.            Intra module refs:   Scsi_Read_Capacity10
                                                   USBMSC_updateMediaInfo
[...]
           ?cstart_begin           83C4 
    -------------------------------------------------------------------------
CSTART
  Relative segment, address: 83C8 - 83D3 (0xc bytes), align: 1
  Segment part 15.
           ENTRY                   ADDRESS         REF BY
           =====                   =======         ======
           ?cstart_init_zero       83C8            ADC10ISR::index (adc)
                                                   CardType (mmc)
                                                   CdcControl (UsbCdc)
                                                   CdcReadCtrl (UsbCdc)
                                                   CdcWriteCtrl (UsbCdc)
                                                   HidReadCtrl (UsbHid)
                                                   HidWriteCtrl (UsbHid)
                                                   MscControl (UsbMscScsi)
                                                   MscReadControl (UsbMscScsi)
                                                   MscState (UsbMscScsi)
                                                   MscWriteControl (UsbMscScsi)
                                                   RW_dataBuf (main)
                                                   RWbuf_info (main)
                                                   RequestSenseResponse (UsbMscScsi)
                                                   Scsi_Read_Capacity_10 (UsbMscScsi)
                                                   Scsi_Standard_Inquiry_Data (UsbMscScsi)
                                                   USB_RX_memcpy (dma)
                                                   USB_TX_memcpy (dma)
                                                   abUsbRequestIncomingData (usb)
                                                   abUsbRequestReturnData (usb)
                                                   bCDC_DataReceived_event (main)
                                                   bConfigurationNumber (usb)
                                                   bDetectCard (main)
                                                   bEnumerationStatus (usb)
                                                   bFunctionSuspended (usb)
                                                   bHID_DataReceived_event (main)
                                                   bHostAskMoreDataThanAvailable (usb)
                                                   bInterfaceNumber (usb)
                                                   bRemoteWakeup (usb)
                                                   bStatusAction (usb)
                                                   hidProtocol (UsbHid)
                                                   mediaInfo (main)
                                                   pbIEP0Buffer (usb)
                                                   pbOEP0Buffer (usb)
                                                   results (adc)
                                                   sRwbuf (UsbMscScsi)
                                                   setReportBuffer (UsbHidReq)
                                                   wBytesRemainingOnIEP0 (usb)
                                                   wBytesRemainingOnOEP0 (usb)
                                                   wUsbEventMask (usb)
    -------------------------------------------------------------------------
CSTART
  Relative segment, address: 83D4 - 83E3 (0x10 bytes), align: 1
  Segment part 16.
           ENTRY                   ADDRESS         REF BY
           =====                   =======         ======
           ?cstart_init_copy       83D4            Data560 (LUN0_data)
                                                   Data561 (LUN0_data)
                                                   Data562 (LUN0_data)
                                                   Data563 (LUN0_data)
                                                   Data564 (LUN0_data)
                                                   Data565 (LUN0_data)
                                                   Data566 (LUN0_data)
                                                   INS (mmc)
                                                   Scsi_Mode_Sense_10 (UsbMscScsi)
                                                   Scsi_Mode_Sense_6 (UsbMscScsi)
                                                   Stat (mmc)
                                                   USBMSC_config (mscFse)
                                                   nl (main)
    -------------------------------------------------------------------------
CSTART
  Relative segment, address: 83E4 - 83EB (0x8 bytes), align: 1
  Segment part 22.            Intra module refs:   Segment part 12
           ENTRY                   ADDRESS         REF BY
           =====                   =======         ======
           ?cstart_call_main       83E4 
           ?cstart_end             83EC 

    -------------------------------------------------------------------------
  LIBRARY MODULE, NAME : ?reset_vector

  SEGMENTS IN THE MODULE
  ======================
RESET
  Relative segment, address: FFFE - FFFF (0x2 bytes), align: 1
  Segment part 0.
           ENTRY                   ADDRESS         REF BY
           =====                   =======         ======
           ?reset_vector           FFFE            Segment part 12 (?cstart)

    -------------------------------------------------------------------------
  LIBRARY MODULE, NAME : ?exit

  SEGMENTS IN THE MODULE
  ======================
<CODE> 1 (was CODE)
  Relative segment, address: C12C - C12F (0x4 bytes), align: 1
  Segment part 2.
           ENTRY                   ADDRESS         REF BY
           =====                   =======         ======
           exit                    C12C            Segment part 22 (?cstart)
               calls direct
               CSTACK = 00000000 ( 00000004 )

    -------------------------------------------------------------------------
  LIBRARY MODULE, NAME : ?DivMod816u

  SEGMENTS IN THE MODULE
  ======================
<CODE> 1 (was CODE)
  Relative segment, address: BDE6 - BE01 (0x1c bytes), align: 1
  Segment part 0.
           ENTRY                   ADDRESS         REF BY
           =====                   =======         ======
           ?DivMod8u               BDE6 
           ?DivMod16u              BDEA            USBMSC_registerBufInfo (UsbMscScsi)

    -------------------------------------------------------------------------
  LIBRARY MODULE, NAME : ?ShiftLeft32

  SEGMENTS IN THE MODULE
  ======================
<CODE> 1 (was CODE)
  Relative segment, address: B096 - B0D5 (0x40 bytes), align: 1
  Segment part 0.
           ENTRY                   ADDRESS         REF BY
           =====                   =======         ======
           ?ShiftLeft32            B096            disk_ioctl (mmc)
    -------------------------------------------------------------------------
<CODE> 1 (was CODE)
  Relative segment, address: B0D6 - B0D9 (0x4 bytes), align: 1
  Segment part 1.             Intra module refs:   ?ShiftLeft32
           ENTRY                   ADDRESS         REF BY
           =====                   =======         ======
           ?ShiftLeft32_7          B0D6 
    -------------------------------------------------------------------------
<CODE> 1 (was CODE)
  Relative segment, address: B0DA - B0DD (0x4 bytes), align: 1
  Segment part 2.             Intra module refs:   ?ShiftLeft32_7
           ENTRY                   ADDRESS         REF BY
           =====                   =======         ======
           ?ShiftLeft32_6          B0DA 
    -------------------------------------------------------------------------
<CODE> 1 (was CODE)
  Relative segment, address: B0DE - B0E1 (0x4 bytes), align: 1
  Segment part 3.             Intra module refs:   ?ShiftLeft32_6
           ENTRY                   ADDRESS         REF BY
           =====                   =======         ======
           ?ShiftLeft32_5          B0DE 
    -------------------------------------------------------------------------
<CODE> 1 (was CODE)
  Relative segment, address: B0E2 - B0E5 (0x4 bytes), align: 1
  Segment part 4.             Intra module refs:   ?ShiftLeft32_5
           ENTRY                   ADDRESS         REF BY
           =====                   =======         ======
           ?ShiftLeft32_4          B0E2 
    -------------------------------------------------------------------------
<CODE> 1 (was CODE)
  Relative segment, address: B0E6 - B0F3 (0xe bytes), align: 1
  Segment part 5.             Intra module refs:   ?ShiftLeft32_4
           ENTRY                   ADDRESS         REF BY
           =====                   =======         ======
           ?ShiftLeft32_3          B0E6 

    -------------------------------------------------------------------------
  LIBRARY MODULE, NAME : ?ShiftLeft32_8n

  SEGMENTS IN THE MODULE
  ======================
<CODE> 1 (was CODE)
  Relative segment, address: BF7E - BF81 (0x4 bytes), align: 1
  Segment part 4.
           ENTRY                   ADDRESS         REF BY
           =====                   =======         ======
           ?ShiftLeft32_10         BF7E            disk_ioctl (mmc)
    -------------------------------------------------------------------------
<CODE> 1 (was CODE)
  Relative segment, address: BF82 - BF85 (0x4 bytes), align: 1
  Segment part 5.             Intra module refs:   ?ShiftLeft32_10
           ENTRY                   ADDRESS         REF BY
           =====                   =======         ======
           ?ShiftLeft32_9          BF82            disk_read (mmc)
                                                   disk_write (mmc)
    -------------------------------------------------------------------------
<CODE> 1 (was CODE)
  Relative segment, address: BF86 - BF91 (0xc bytes), align: 1
  Segment part 6.             Intra module refs:   ?ShiftLeft32_9
           ENTRY                   ADDRESS         REF BY
           =====                   =======         ======
           ?ShiftLeft32_8          BF86 

    -------------------------------------------------------------------------
  LIBRARY MODULE, NAME : ?memcpy

  SEGMENTS IN THE MODULE
  ======================
<CODE> 1 (was CODE)
  Relative segment, address: C038 - C049 (0x12 bytes), align: 1
  Segment part 2.
           ENTRY                   ADDRESS         REF BY
           =====                   =======         ======
           memcpy                  C038            Read_LBA (mscFse)
                                                   Scsi_Inquiry (UsbMscScsi)
                                                   __data16_memcpy (?memzero)
               CSTACK = 00000000 ( 00000004 )

    -------------------------------------------------------------------------
  LIBRARY MODULE, NAME : ?ClearMemoryBytes

  SEGMENTS IN THE MODULE
  ======================
<CODE> 1 (was CODE)
  Relative segment, address: C04A - C059 (0x10 bytes), align: 1
  Segment part 0.
           ENTRY                   ADDRESS         REF BY
           =====                   =======         ======
           ?ClearMemoryBytes       C04A            main (main)

    -------------------------------------------------------------------------
  LIBRARY MODULE, NAME : ?memset

  SEGMENTS IN THE MODULE
  ======================
<CODE> 1 (was CODE)
  Relative segment, address: BFDE - BFEF (0x12 bytes), align: 1
  Segment part 2.
           ENTRY                   ADDRESS         REF BY
           =====                   =======         ======
           memset                  BFDE            CdcResetData (UsbCdc)
                                                   HidResetData (UsbHid)
                                                   MscResetData (UsbMscScsi)
                                                   Msc_ResetStruct (UsbMscScsi)
                                                   Read_LBA (mscFse)
                                                   Scsi_Inquiry (UsbMscScsi)
               CSTACK = 00000000 ( 00000004 )

    -------------------------------------------------------------------------
  LIBRARY MODULE, NAME : ?memzero

  SEGMENTS IN THE MODULE
  ======================
<CODE> 1 (was CODE)
  Relative segment, address: BFF0 - C001 (0x12 bytes), align: 1
  Segment part 4.
           ENTRY                   ADDRESS         REF BY
           =====                   =======         ======
           __data16_memzero        BFF0            ?cstart_init_zero (?cstart)
               CSTACK = 00000000 ( 00000004 )
    -------------------------------------------------------------------------
<CODE> 1 (was CODE)
  Relative segment, address: C14C - C14F (0x4 bytes), align: 1
  Segment part 3.
           ENTRY                   ADDRESS         REF BY
           =====                   =======         ======
           __data16_memcpy         C14C            ?cstart_init_copy (?cstart)
               calls direct
               CSTACK = 00000000 ( 00000004 )

    -------------------------------------------------------------------------
  LIBRARY MODULE, NAME : ?IndCallR11

  SEGMENTS IN THE MODULE
  ======================
<CODE> 1 (was CODE)
  Relative segment, address: C150 - C153 (0x4 bytes), align: 1
  Segment part 0.
           ENTRY                   ADDRESS         REF BY
           =====                   =======         ======
           ?IndCallR11             C150            usbDecodeAndProcessUsbRequest (usb)

    -------------------------------------------------------------------------
  LIBRARY MODULE, NAME : ?strcat

  SEGMENTS IN THE MODULE
  ======================
<CODE> 1 (was CODE)
  Relative segment, address: BE88 - BE9F (0x18 bytes), align: 1
  Segment part 2.
           ENTRY                   ADDRESS         REF BY
           =====                   =======         ======
           strcat                  BE88            main (main)
               CSTACK = 00000000 ( 00000004 )

    -------------------------------------------------------------------------
  LIBRARY MODULE, NAME : ?__exit

  SEGMENTS IN THE MODULE
  ======================
<CODE> 1 (was CODE)
  Relative segment, address: C158 - C15B (0x4 bytes), align: 1
  Segment part 2.
           ENTRY                   ADDRESS         REF BY
           =====                   =======         ======
           __exit                  C158            Segment part 6 (?_exit)
                                                   _exit (?_exit)




                ****************************************
                *                                      *
                *      SEGMENTS IN ADDRESS ORDER       *
                *                                      *
                ****************************************


SEGMENT              SPACE    START ADDRESS   END ADDRESS     SIZE  TYPE  ALIGN
=======              =====    =============   ===========     ====  ====  =====
DATA16_AN                              0102 - 0103               2   rel    0
                                       0120 - 0121               2 
                                       0124 - 0127               4 
                                       012C - 012F               4 
                                       0140 - 0141               2 
                                       0144 - 0145               2 
                                       015C - 015D               2 
                                       0160 - 0169               A 
                                       016C - 016F               4 
                                       0198 - 019B               4 
                                       01B0 - 01B1               2 
                                       01C0 - 01C3               4 
                                       0200 - 0207               8 
                                       020A - 020B               2 
                                       0220 - 0227               8 
                                       022A - 022B               2 
                                       0240 - 0245               6 
                                       0248 - 024B               4 
                                       0322 - 0325               4 
                                       0340 - 0343               4 
                                       0352 - 0353               2 
                                       0380 - 0383               4 
                                       0392 - 0393               2 
                                       0500 - 0501               2 
                                       0508 - 0509               2 
                                       0510 - 051B               C 
                                       0520 - 052B               C 
                                       0530 - 053B               C 
                                       0620 - 0621               2 
                                       0626 - 0627               2 
                                       062A - 062A               1 
                                       062C - 062C               1 
                                       062E - 062E               1 
                                       063C - 063D               2 
                                       0740 - 0745               6 
                                       074A - 074B               2 
                                       0752 - 0753               2 
                                       075A - 075B               2 
                                       075E - 075F               2 
                                       0900 - 0905               6 
                                       0908 - 0909               2 
                                       0910 - 0915               6 
                                       0920 - 0923               4 
                                       092E - 0933               6 
                                       093C - 093F               4 
                                       2370 - 23BF              50 
                                       23C8 - 23FF              38 
DATA16_I                               2400 - 245B              5C   rel    1
DATA16_Z                               245C - 28A6             44B   rel    1
DATA16_N                               28A8 - 28F7              50   rel    1
CSTACK                                 3270 - 33FF             190   rel    1
DATA16_C                               8000 - 8367             368   rel    1
DATA16_ID                              8368 - 83C3              5C   rel    1
CSTART                                 83C4 - 83EB              28   rel    1
ISR_CODE                               83EC - 85D9             1EE   rel    1
<CODE> 1                               85DA - C15B            3B82   rel    1
MYDRIVE                                D000 - D9FF             A00   rel    0
INTVEC                                 FF80 - FFFB              7C   com    1
RESET                                  FFFE - FFFF               2   rel    1

                ****************************************
                *                                      *
                *        END OF CROSS REFERENCE        *
                *                                      *
                ****************************************

 15 894 bytes of CODE  memory
  1 671 bytes of DATA  memory (+ 315 absolute )
  3 524 bytes of CONST memory

Errors: none
Warnings: none

