################################################################################
#                                                                              #
#      IAR Universal Linker V6.5.1.95                                          #
#                                                                              #
#           Link time     =  16/Jun/2018  18:35:07                             #
#           Target CPU    =  MSP430                                            #
#           List file     =  D:\Documents\MSP430\project\IAR\5510\MSP-5510STK_ #
#                            Blinking_LED\Debug\List\MSP-5510STK_Blinking_LED. #
#                            map                                               #
#           Output file 1 =  D:\Documents\MSP430\project\IAR\5510\MSP-5510STK_ #
#                            Blinking_LED\Debug\Exe\MSP-5510STK_Blinking_LED.t #
#                            xt                                                #
#                            Format: msp430_txt                                #
#           Command line  =  -f C:\Users\User\AppData\Local\Temp\EW5EB7.tmp    #
#                            (-P(CONST)MYDRIVE=0xD000-0xF000                   #
#                            D:\Documents\MSP430\project\IAR\5510\MSP-5510STK_ #
#                            Blinking_LED\Debug\Obj\lcd.r43                    #
#                            D:\Documents\MSP430\project\IAR\5510\MSP-5510STK_ #
#                            Blinking_LED\Debug\Obj\main.r43                   #
#                            -o                                                #
#                            D:\Documents\MSP430\project\IAR\5510\MSP-5510STK_ #
#                            Blinking_LED\Debug\Exe\MSP-5510STK_Blinking_LED.t #
#                            xt                                                #
#                            -Fmsp430_txt -l                                   #
#                            D:\Documents\MSP430\project\IAR\5510\MSP-5510STK_ #
#                            Blinking_LED\Debug\List\MSP-5510STK_Blinking_LED. #
#                            map                                               #
#                            -xms                                              #
#                            "-IC:\Program Files (x86)\IAR Systems\Embedded Wo #
#                            rkbench 8.0\430\LIB\"                             #
#                            -f                                                #
#                            "C:\Program Files (x86)\IAR Systems\Embedded Work #
#                            bench 8.0\430\config\linker\lnk430f5510.xcl"      #
#                            (-cmsp430 -QCODE_I=CODE_ID -QTLS16_I=TLS16_ID     #
#                            -D__iar_HWMUL=4C0 -Z(CONST)INFO=1800-19FF         #
#                            -Z(CONST)INFOA=1980-19FF                          #
#                            -Z(CONST)INFOB=1900-197F                          #
#                            -Z(CONST)INFOC=1880-18FF                          #
#                            -Z(CONST)INFOD=1800-187F                          #
#                            -Z(DATA)USBRAM=1C00-23FF                          #
#                            -Z(DATA)DATA16_I,DATA16_Z,DATA16_N,TLS16_I=2400-3 #
#                            3FF                                               #
#                            -Z(DATA)DATA16_HEAP+_DATA16_HEAP_SIZE             #
#                            -Z(DATA)CODE_I                                    #
#                            -Z(DATA)DATA20_I,DATA20_Z,DATA20_N,DATA20_HEAP+_D #
#                            ATA20_HEAP_SIZE                                   #
#                            -Z(DATA)CSTACK+_STACK_SIZE#                       #
#                            -Z(CONST)DATA16_C,DATA16_ID,TLS16_ID,DIFUNCT,CHEC #
#                            KSUM=8000-FF7F                                    #
#                            -Z(CONST)DATA20_C,DATA20_ID                       #
#                            -Z(CODE)CSTART,ISR_CODE,CODE_ID=8000-FF7F         #
#                            -P(CODE)CODE,CODE16=8000-FF7F                     #
#                            -Z(CODE)INTVEC=FF80-FFFF                          #
#                            -Z(CODE)RESET=FFFE-FFFF) -f                       #
#                            "C:\Program Files (x86)\IAR Systems\Embedded Work #
#                            bench 8.0\430\config\linker\multiplier32.xcl"     #
#                            (-e?Mul8Hw=?Mul8 -e?Mul16Hw=?Mul16                #
#                            -e?Mul16to32uHw=?Mul16to32u                       #
#                            -e?Mul16to32sHw=?Mul16to32s -e?Mul32Hw32=?Mul32   #
#                            -e?Mul64Hw32=_Mul64i                              #
#                            -e?Mul32u32uto64iHw32=_Mul32u32uto64i             #
#                            -e?Mul32fHw32=_Mul32f                             #
#                            -e_Mul64fHw32Ptr=_Mul64fPtr) -D_STACK_SIZE=190    #
#                            "C:\Program Files (x86)\IAR Systems\Embedded Work #
#                            bench 8.0\430\lib\dlib\dl430xlsfn.r43"            #
#                            -e_PrintfFull=_Printf -e_ScanfFull=_Scanf         #
#                            -D_DATA16_HEAP_SIZE=A0 -s __program_start         #
#                            -D_DATA20_HEAP_SIZE=50)                           #
#                                                                              #
#                           Copyright (C) 1987-2016 IAR Systems AB.            #
################################################################################





                ****************************************
                *                                      *
                *           CROSS REFERENCE            *
                *                                      *
                ****************************************

       Program entry at :           801A  Relocatable, from module : ?cstart




                ****************************************
                *                                      *
                *            RUNTIME MODEL             *
                *                                      *
                ****************************************

  __Heap_Handler             = Basic
  __SystemLibrary            = DLib
  __code_model               = large
  __core                     = 430X
  __data_model               = small
  __dlib_file_descriptor     = 0
  __dlib_full_locale_support = 0
  __double_size              = 32
  __pic                      = no
  __reg_r4                   = free
  __reg_r5                   = free
  __rt_version               = 3

                ****************************************
                *                                      *
                *    AUTOMATIC SYMBOL REDIRECTIONS     *
                *                                      *
                ****************************************

                  There are no automatic symbol redirections.



                ****************************************
                *                                      *
                *              MODULE MAP              *
                *                                      *
                ****************************************


  DEFINED ABSOLUTE ENTRIES
    *************************************************************************

  DEFINED ABSOLUTE ENTRIES
  PROGRAM MODULE, NAME : ?ABS_ENTRY_MOD

Absolute parts
           ENTRY                   ADDRESS         REF BY
           =====                   =======         ======
           _DATA20_HEAP_SIZE       0050 
           _DATA16_HEAP_SIZE       00A0 
           _STACK_SIZE             0190 
           __iar_HWMUL             04C0 
    *************************************************************************

  FILE NAME : D:\Documents\MSP430\project\IAR\5510\MSP-5510STK_Blinking_LED\Debug\Obj\lcd.r43
  PROGRAM MODULE, NAME : lcd

  SEGMENTS IN THE MODULE
  ======================
DATA16_AN
  Relative segment, address: 0200 - 0201 (0x2 bytes), align: 0
  Segment part 1. ROOT        Intra module refs:   LCD_Init
                                                   LCD_SEND_CHR
                                                   LCD_SEND_CMD
                                                   main (main)
           ENTRY                   ADDRESS         REF BY
           =====                   =======         ======
           _A_PAIN_L               0200 
           LOCAL                   ADDRESS         
           =====                   =======         
           PAIN                    0200 
           PAIN_H                  0201 
           PAIN_L                  0200 
    -------------------------------------------------------------------------
DATA16_AN
  Relative segment, address: 0202 - 0203 (0x2 bytes), align: 0
  Segment part 2. ROOT        Intra module refs:   Init_Ports (main)
                                                   LCD_Init
                                                   LCD_SEND_CHR
                                                   LCD_SEND_CMD
           ENTRY                   ADDRESS         REF BY
           =====                   =======         ======
           _A_PAOUT_L              0202 
           LOCAL                   ADDRESS         
           =====                   =======         
           PAOUT                   0202 
           PAOUT_H                 0203 
           PAOUT_L                 0202 
    -------------------------------------------------------------------------
DATA16_AN
  Relative segment, address: 0242 - 0243 (0x2 bytes), align: 0
  Segment part 3. ROOT        Intra module refs:   Init_Ports (main)
                                                   LCD_Init
           ENTRY                   ADDRESS         REF BY
           =====                   =======         ======
           _A_PCOUT_L              0242 
           LOCAL                   ADDRESS         
           =====                   =======         
           PCOUT                   0242 
           PCOUT_H                 0243 
           PCOUT_L                 0242 
    -------------------------------------------------------------------------
DATA16_Z
  Relative segment, address: 2402 - 2402 (0x1 bytes), align: 0
  Segment part 5.             Intra module refs:   LCD_Send_Long_STR
           ENTRY                   ADDRESS         REF BY
           =====                   =======         ======
           flag_register           2402 
    -------------------------------------------------------------------------
<CODE> 1 (was CODE)
  Relative segment, address: 84CA - 84E7 (0x1e bytes), align: 1
  Segment part 6.             Intra module refs:   LCD_Init
                                                   LCD_SEND_CHR
                                                   LCD_SEND_CMD
                                                   LCD_Send_Long_STR
           ENTRY                   ADDRESS         REF BY
           =====                   =======         ======
           Delay                   84CA 
    -------------------------------------------------------------------------
<CODE> 1 (was CODE)
  Relative segment, address: 8370 - 8415 (0xa6 bytes), align: 1
  Segment part 7.             Intra module refs:   LCD_Send_Long_STR
           ENTRY                   ADDRESS         REF BY
           =====                   =======         ======
           LCD_SEND_CHR            8370 
               calls direct
    -------------------------------------------------------------------------
<CODE> 1 (was CODE)
  Relative segment, address: 82C0 - 836F (0xb0 bytes), align: 1
  Segment part 8.             Intra module refs:   LCD_Init
                                                   LCD_Send_Long_STR
           ENTRY                   ADDRESS         REF BY
           =====                   =======         ======
           LCD_SEND_CMD            82C0 
               calls direct
    -------------------------------------------------------------------------
<CODE> 1 (was CODE)
  Relative segment, address: 81A6 - 82BF (0x11a bytes), align: 1
  Segment part 11.
           ENTRY                   ADDRESS         REF BY
           =====                   =======         ======
           LCD_Send_Long_STR       81A6            main (main)
               calls direct
    -------------------------------------------------------------------------
<CODE> 1 (was CODE)
  Relative segment, address: 804A - 81A5 (0x15c bytes), align: 1
  Segment part 15.
           ENTRY                   ADDRESS         REF BY
           =====                   =======         ======
           LCD_Init                804A            main (main)
               calls direct

    *************************************************************************

  FILE NAME : D:\Documents\MSP430\project\IAR\5510\MSP-5510STK_Blinking_LED\Debug\Obj\main.r43
  PROGRAM MODULE, NAME : main

  SEGMENTS IN THE MODULE
  ======================
DATA16_AN
  Relative segment, address: 0204 - 0205 (0x2 bytes), align: 0
  Segment part 3. ROOT        Intra module refs:   Init_Ports
           ENTRY                   ADDRESS         REF BY
           =====                   =======         ======
           _A_PADIR_L              0204 
           LOCAL                   ADDRESS         
           =====                   =======         
           PADIR                   0204 
           PADIR_H                 0205 
           PADIR_L                 0204 
    -------------------------------------------------------------------------
DATA16_AN
  Relative segment, address: 0206 - 0207 (0x2 bytes), align: 0
  Segment part 4. ROOT        Intra module refs:   Init_Ports
           ENTRY                   ADDRESS         REF BY
           =====                   =======         ======
           _A_PAREN_L              0206 
           LOCAL                   ADDRESS         
           =====                   =======         
           PAREN                   0206 
           PAREN_H                 0207 
           PAREN_L                 0206 
    -------------------------------------------------------------------------
DATA16_AN
  Relative segment, address: 0222 - 0223 (0x2 bytes), align: 0
  Segment part 5. ROOT        Intra module refs:   Init_Ports
                                                   TIMER1_A0_ISR
           ENTRY                   ADDRESS         REF BY
           =====                   =======         ======
           _A_PBOUT_L              0222 
           LOCAL                   ADDRESS         
           =====                   =======         
           PBOUT                   0222 
           PBOUT_H                 0223 
           PBOUT_L                 0222 
    -------------------------------------------------------------------------
DATA16_AN
  Relative segment, address: 0224 - 0225 (0x2 bytes), align: 0
  Segment part 6. ROOT        Intra module refs:   Init_Ports
           ENTRY                   ADDRESS         REF BY
           =====                   =======         ======
           _A_PBDIR_L              0224 
           LOCAL                   ADDRESS         
           =====                   =======         
           PBDIR                   0224 
           PBDIR_H                 0225 
           PBDIR_L                 0224 
    -------------------------------------------------------------------------
DATA16_AN
  Relative segment, address: 0244 - 0245 (0x2 bytes), align: 0
  Segment part 8. ROOT        Intra module refs:   Init_Ports
           ENTRY                   ADDRESS         REF BY
           =====                   =======         ======
           _A_PCDIR_L              0244 
           LOCAL                   ADDRESS         
           =====                   =======         
           PCDIR                   0244 
           PCDIR_H                 0245 
           PCDIR_L                 0244 
    -------------------------------------------------------------------------
DATA16_AN
  Relative segment, address: 0248 - 0249 (0x2 bytes), align: 0
  Segment part 9. ROOT        Intra module refs:   Init_Ports
           ENTRY                   ADDRESS         REF BY
           =====                   =======         ======
           _A_PCDS_L               0248 
           LOCAL                   ADDRESS         
           =====                   =======         
           PCDS                    0248 
           PCDS_H                  0249 
           PCDS_L                  0248 
    -------------------------------------------------------------------------
DATA16_AN
  Relative segment, address: 0380 - 0381 (0x2 bytes), align: 0
  Segment part 10. ROOT       Intra module refs:   Init_Timer1
           ENTRY                   ADDRESS         REF BY
           =====                   =======         ======
           TA1CTL                  0380 
    -------------------------------------------------------------------------
DATA16_AN
  Relative segment, address: 0382 - 0383 (0x2 bytes), align: 0
  Segment part 11. ROOT       Intra module refs:   Init_Timer1
           ENTRY                   ADDRESS         REF BY
           =====                   =======         ======
           TA1CCTL0                0382 
    -------------------------------------------------------------------------
DATA16_AN
  Relative segment, address: 0392 - 0393 (0x2 bytes), align: 0
  Segment part 12. ROOT       Intra module refs:   Init_Timer1
                                                   main
           ENTRY                   ADDRESS         REF BY
           =====                   =======         ======
           TA1CCR0                 0392 
    -------------------------------------------------------------------------
DATA16_AN
  Relative segment, address: 015C - 015D (0x2 bytes), align: 0
  Segment part 13. ROOT       Intra module refs:   main
           ENTRY                   ADDRESS         REF BY
           =====                   =======         ======
           _A_WDTCTL_L             015C 
           LOCAL                   ADDRESS         
           =====                   =======         
           WDTCTL                  015C 
           WDTCTL_H                015D 
           WDTCTL_L                015C 
    -------------------------------------------------------------------------
DATA16_I
  Relative segment, address: 2400 - 2400 (0x1 bytes), align: 0
  Segment part 17.            Intra module refs:   main
           ENTRY                   ADDRESS         REF BY
           =====                   =======         ======
           but1_flag               2400 
    -------------------------------------------------------------------------
DATA16_I
  Relative segment, address: 2401 - 2401 (0x1 bytes), align: 0
  Segment part 19.            Intra module refs:   main
           ENTRY                   ADDRESS         REF BY
           =====                   =======         ======
           but2_flag               2401 
    -------------------------------------------------------------------------
<CODE> 1 (was CODE)
  Relative segment, address: 8416 - 848D (0x78 bytes), align: 1
  Segment part 23.
           ENTRY                   ADDRESS         REF BY
           =====                   =======         ======
           main                    8416            Segment part 27 (?cstart)
               calls direct
    -------------------------------------------------------------------------
<CODE> 1 (was CODE)
  Relative segment, address: 848E - 84C9 (0x3c bytes), align: 1
  Segment part 22.            Intra module refs:   main
           ENTRY                   ADDRESS         REF BY
           =====                   =======         ======
           Init_Ports              848E 
    -------------------------------------------------------------------------
<CODE> 1 (was CODE)
  Relative segment, address: 84E8 - 84FB (0x14 bytes), align: 1
  Segment part 21.            Intra module refs:   main
           ENTRY                   ADDRESS         REF BY
           =====                   =======         ======
           Init_Timer1             84E8 
    -------------------------------------------------------------------------
ISR_CODE
  Relative segment, address: 8042 - 8049 (0x8 bytes), align: 1
  Segment part 24.            Intra module refs:   TIMER1_A0_ISR::??INTVEC 98
           ENTRY                   ADDRESS         REF BY
           =====                   =======         ======
           TIMER1_A0_ISR           8042 
               interrupt function
    -------------------------------------------------------------------------
INTVEC
  Common segment, address: FF80 - FFE3 (0x64 bytes), align: 1
  Segment part 14. ROOT 
           ENTRY                   ADDRESS         REF BY
           =====                   =======         ======
           TIMER1_A0_ISR::??INTVEC 98
                                   FFE2 
    -------------------------------------------------------------------------
DATA16_ID
  Relative segment, address: 8018 - 8018 (0x1 bytes), align: 0
  Segment part 18.            Intra module refs:   but1_flag
    -------------------------------------------------------------------------
DATA16_ID
  Relative segment, address: 8019 - 8019 (0x1 bytes), align: 0
  Segment part 20.            Intra module refs:   but2_flag
    -------------------------------------------------------------------------
DATA16_C
  Relative segment, address: 8000 - 8017 (0x18 bytes), align: 0
  Segment part 16.            Intra module refs:   main

    *************************************************************************

  FILE NAME : C:\Program Files (x86)\IAR Systems\Embedded Workbench 8.0\430\lib\dlib\dl430xlsfn.r43
  LIBRARY MODULE, NAME : ?_exit

  SEGMENTS IN THE MODULE
  ======================
<CODE> 1 (was CODE)
  Relative segment, address: 852A, align: 1
  Segment part 0.
           ENTRY                   ADDRESS         REF BY
           =====                   =======         ======
           _exit                   852A            exit (?exit)
    -------------------------------------------------------------------------
<CODE> 1 (was CODE)
  Relative segment, address: 852A - 852D (0x4 bytes), align: 1
  Segment part 6.             Intra module refs:   _exit

    -------------------------------------------------------------------------
  LIBRARY MODULE, NAME : ?cstart

  SEGMENTS IN THE MODULE
  ======================
CSTACK
  Relative segment, address: 3270, align: 1
  Segment part 1.
    -------------------------------------------------------------------------
DATA16_Z
  Relative segment, address: 2402, align: 1
  Segment part 2.
    -------------------------------------------------------------------------
DATA16_I
  Relative segment, address: 2400, align: 1
  Segment part 3.
    -------------------------------------------------------------------------
DATA16_ID
  Relative segment, address: 8018, align: 1
  Segment part 4.
    -------------------------------------------------------------------------
CODE_I
  Relative segment, address: 2404, align: 1
  Segment part 5.
    -------------------------------------------------------------------------
CODE_ID
  Relative segment, address: 804A, align: 1
  Segment part 6.
    -------------------------------------------------------------------------
DATA20_Z
  Relative segment, address: 2404, align: 1
  Segment part 7.
    -------------------------------------------------------------------------
DATA20_I
  Relative segment, address: 2404, align: 1
  Segment part 8.
    -------------------------------------------------------------------------
DATA20_ID
  Relative segment, address: 801A, align: 1
  Segment part 9.
    -------------------------------------------------------------------------
DATA20_C
  Relative segment, address: 801A, align: 1
  Segment part 10.
    -------------------------------------------------------------------------
DATA20_N
  Relative segment, address: 2404, align: 1
  Segment part 12.
    -------------------------------------------------------------------------
CSTART
  Relative segment, address: 801A - 801D (0x4 bytes), align: 1
  Segment part 15.
           ENTRY                   ADDRESS         REF BY
           =====                   =======         ======
           __program_start         801A            ?reset_vector (?reset_vector)
                                                   Absolute parts (?ABS_ENTRY_MOD)
           ?cstart_begin           801A 
    -------------------------------------------------------------------------
CSTART
  Relative segment, address: 801E - 8029 (0xc bytes), align: 1
  Segment part 20.
           ENTRY                   ADDRESS         REF BY
           =====                   =======         ======
           ?cstart_init_zero       801E            flag_register (lcd)
    -------------------------------------------------------------------------
CSTART
  Relative segment, address: 802A - 8039 (0x10 bytes), align: 1
  Segment part 21.
           ENTRY                   ADDRESS         REF BY
           =====                   =======         ======
           ?cstart_init_copy       802A            but1_flag (main)
                                                   but2_flag (main)
    -------------------------------------------------------------------------
CSTART
  Relative segment, address: 803A - 8041 (0x8 bytes), align: 1
  Segment part 27.            Intra module refs:   Segment part 15
           ENTRY                   ADDRESS         REF BY
           =====                   =======         ======
           ?cstart_call_main       803A 
           ?cstart_end             8042 
    -------------------------------------------------------------------------
CODE_ID
  Relative segment, address: 804A, align: 1
  Segment part 28.            Intra module refs:   Segment part 5

    -------------------------------------------------------------------------
  LIBRARY MODULE, NAME : ?reset_vector

  SEGMENTS IN THE MODULE
  ======================
RESET
  Relative segment, address: FFFE - FFFF (0x2 bytes), align: 1
  Segment part 0.
           ENTRY                   ADDRESS         REF BY
           =====                   =======         ======
           ?reset_vector           FFFE            Segment part 15 (?cstart)

    -------------------------------------------------------------------------
  LIBRARY MODULE, NAME : ?exit

  SEGMENTS IN THE MODULE
  ======================
<CODE> 1 (was CODE)
  Relative segment, address: 851E - 8521 (0x4 bytes), align: 1
  Segment part 2.
           ENTRY                   ADDRESS         REF BY
           =====                   =======         ======
           exit                    851E            Segment part 27 (?cstart)
               calls direct

    -------------------------------------------------------------------------
  LIBRARY MODULE, NAME : ?memcpy

  SEGMENTS IN THE MODULE
  ======================
<CODE> 1 (was CODE)
  Relative segment, address: 84FC - 850D (0x12 bytes), align: 1
  Segment part 2.
           ENTRY                   ADDRESS         REF BY
           =====                   =======         ======
           memcpy                  84FC            __data16_memcpy (?memzero)

    -------------------------------------------------------------------------
  LIBRARY MODULE, NAME : ?memzero

  SEGMENTS IN THE MODULE
  ======================
<CODE> 1 (was CODE)
  Relative segment, address: 850E - 851D (0x10 bytes), align: 1
  Segment part 2.
           ENTRY                   ADDRESS         REF BY
           =====                   =======         ======
           __data16_memzero        850E            ?cstart_init_zero (?cstart)
    -------------------------------------------------------------------------
<CODE> 1 (was CODE)
  Relative segment, address: 8522 - 8525 (0x4 bytes), align: 1
  Segment part 3.
           ENTRY                   ADDRESS         REF BY
           =====                   =======         ======
           __data16_memcpy         8522            ?cstart_init_copy (?cstart)
               calls direct

    -------------------------------------------------------------------------
  LIBRARY MODULE, NAME : ?__exit

  SEGMENTS IN THE MODULE
  ======================
<CODE> 1 (was CODE)
  Relative segment, address: 8526 - 8529 (0x4 bytes), align: 1
  Segment part 2.
           ENTRY                   ADDRESS         REF BY
           =====                   =======         ======
           __exit                  8526            Segment part 6 (?_exit)
                                                   _exit (?_exit)




                ****************************************
                *                                      *
                *      SEGMENTS IN ADDRESS ORDER       *
                *                                      *
                ****************************************


SEGMENT              SPACE    START ADDRESS   END ADDRESS     SIZE  TYPE  ALIGN
=======              =====    =============   ===========     ====  ====  =====
DATA16_AN                              015C - 015D               2   rel    0
                                       0200 - 0207               8 
                                       0222 - 0225               4 
                                       0242 - 0245               4 
                                       0248 - 0249               2 
                                       0380 - 0383               4 
                                       0392 - 0393               2 
DATA16_I                               2400 - 2401               2   rel    1
DATA16_Z                               2402 - 2402               1   rel    1
DATA20_I                                  2404                       rel    1
DATA20_Z                                  2404                       rel    1
DATA20_N                                  2404                       rel    1
CODE_I                                    2404                       rel    1
CSTACK                                 3270 - 33FF             190   rel    1
DATA16_C                               8000 - 8017              18   rel    0
DATA16_ID                              8018 - 8019               2   rel    1
DATA20_ID                                 801A                       rel    1
DATA20_C                                  801A                       rel    1
CSTART                                 801A - 8041              28   rel    1
ISR_CODE                               8042 - 8049               8   rel    1
CODE_ID                                   804A                       rel    1
<CODE> 1                               804A - 852D             4E4   rel    1
INTVEC                                 FF80 - FFE3              64   com    1
RESET                                  FFFE - FFFF               2   rel    1

                ****************************************
                *                                      *
                *        END OF CROSS REFERENCE        *
                *                                      *
                ****************************************

 1 402 bytes of CODE  memory
   403 bytes of DATA  memory (+ 26 absolute )
    26 bytes of CONST memory

Errors: none
Warnings: none

