################################################################################
#                                                                              #
#      IAR Universal Linker V5.2.1.11                                          #
#                                                                              #
#           Link time     =  31/Jan/2012  17:33:32                             #
#           Target CPU    =  MSP430                                            #
#           List file     =  E:\Gogo\MSP5510-STK\test\Debug\List\MSP5510-STK.m #
#                            ap                                                #
#           Output file 1 =  E:\Gogo\MSP5510-STK\test\Debug\Exe\MSP5510-STK.d4 #
#                            3                                                 #
#                            Format: debug                                     #
#                            UBROF version 10.0.6                              #
#                            Using library modules for C-SPY (-rt)             #
#           Command line  =  -P(CONST)MYDRIVE=0xD000-0xF000                    #
#                            E:\Gogo\MSP5510-STK\test\Debug\Obj\HAL_FLASH.r43  #
#                            E:\Gogo\MSP5510-STK\test\Debug\Obj\HAL_PMAP.r43   #
#                            E:\Gogo\MSP5510-STK\test\Debug\Obj\HAL_PMM.r43    #
#                            E:\Gogo\MSP5510-STK\test\Debug\Obj\HAL_SDCard.r43 #
#                            E:\Gogo\MSP5510-STK\test\Debug\Obj\HAL_TLV.r43    #
#                            E:\Gogo\MSP5510-STK\test\Debug\Obj\HAL_UCS.r43    #
#                            E:\Gogo\MSP5510-STK\test\Debug\Obj\LUN0_data.r43  #
#                            E:\Gogo\MSP5510-STK\test\Debug\Obj\UsbCdc.r43     #
#                            E:\Gogo\MSP5510-STK\test\Debug\Obj\UsbHid.r43     #
#                            E:\Gogo\MSP5510-STK\test\Debug\Obj\UsbHidReq.r43  #
#                            E:\Gogo\MSP5510-STK\test\Debug\Obj\UsbIsr.r43     #
#                            E:\Gogo\MSP5510-STK\test\Debug\Obj\UsbMscReq.r43  #
#                            E:\Gogo\MSP5510-STK\test\Debug\Obj\UsbMscScsi.r43 #
#                            E:\Gogo\MSP5510-STK\test\Debug\Obj\UsbMscStateMac #
#                            hine.r43                                          #
#                            E:\Gogo\MSP5510-STK\test\Debug\Obj\UsbPHDC.r43    #
#                            E:\Gogo\MSP5510-STK\test\Debug\Obj\adc.r43        #
#                            E:\Gogo\MSP5510-STK\test\Debug\Obj\descriptors.r4 #
#                            3                                                 #
#                            E:\Gogo\MSP5510-STK\test\Debug\Obj\dma.r43        #
#                            E:\Gogo\MSP5510-STK\test\Debug\Obj\ext_test.r43   #
#                            E:\Gogo\MSP5510-STK\test\Debug\Obj\ff.r43         #
#                            E:\Gogo\MSP5510-STK\test\Debug\Obj\lcd.r43        #
#                            E:\Gogo\MSP5510-STK\test\Debug\Obj\main.r43       #
#                            E:\Gogo\MSP5510-STK\test\Debug\Obj\mmc.r43        #
#                            E:\Gogo\MSP5510-STK\test\Debug\Obj\mscFse.r43     #
#                            E:\Gogo\MSP5510-STK\test\Debug\Obj\usb.r43        #
#                            E:\Gogo\MSP5510-STK\test\Debug\Obj\usbConstructs. #
#                            r43                                               #
#                            E:\Gogo\MSP5510-STK\test\Debug\Obj\usbEventHandli #
#                            ng.r43                                            #
#                            -o                                                #
#                            E:\Gogo\MSP5510-STK\test\Debug\Exe\MSP5510-STK.d4 #
#                            3                                                 #
#                            -l                                                #
#                            E:\Gogo\MSP5510-STK\test\Debug\List\MSP5510-STK.m #
#                            ap                                                #
#                            -xms                                              #
#                            "-IF:\Program Files\IAR Systems\IAR_MSP540\430\LI #
#                            B\"                                               #
#                            -f                                                #
#                            "F:\Program Files\IAR Systems\IAR_MSP540\430\CONF #
#                            IG\lnk430F5510.xcl"                               #
#                            (-cmsp430 -QCODE_I=CODE_ID                        #
#                            -Z(DATA)DATA16_I,DATA16_Z,DATA16_N,TLS16_I,DATA16 #
#                            _HEAP+_DATA16_HEAP_SIZE=2400-33FF                 #
#                            -Z(DATA)CODE_I -Z(DATA)CSTACK+_STACK_SIZE#        #
#                            -Z(CONST)INFO=1800-19FF                           #
#                            -Z(CONST)INFOA=1980-19FF                          #
#                            -Z(CONST)INFOB=1900-197F                          #
#                            -Z(CONST)INFOC=1880-18FF                          #
#                            -Z(CONST)INFOD=1800-187F                          #
#                            -Z(CONST)DATA16_C,DATA16_ID,TLS16_ID,DIFUNCT,CHEC #
#                            KSUM=8000-FF7F                                    #
#                            -Z(CODE)CSTART,ISR_CODE,CODE_ID=8000-FF7F         #
#                            -P(CODE)CODE=8000-FF7F -Z(CODE)INTVEC=FF80-FFFF   #
#                            -Z(CODE)RESET=FFFE-FFFF) -f                       #
#                            "F:\Program Files\IAR Systems\IAR_MSP540\430\conf #
#                            ig\multiplier32_loc2.xcl"                         #
#                            (-e?Mul8HwLoc2=?Mul8 -e?Mul16HwLoc2=?Mul16        #
#                            -e?Mul16to32uHwLoc2=?Mul16to32u                   #
#                            -e?Mul16to32sHwLoc2=?Mul16to32s                   #
#                            -e?Mul32Hw32Loc2=?Mul32                           #
#                            -e?Mul64Hw32Loc2=_Mul64i                          #
#                            -e?Mul32u32uto64iHw32Loc2=_Mul32u32uto64i         #
#                            -e?Mul32fHwLoc2=_Mul32f                           #
#                            -e_Mul64fHwPtrLoc2=_Mul64fPtr) -D_STACK_SIZE=A0   #
#                            -rt                                               #
#                            "F:\Program Files\IAR Systems\IAR_MSP540\430\LIB\ #
#                            DLIB\dl430xsfn.r43"                               #
#                            -e_PrintfFull=_Printf -e_ScanfFull=_Scanf         #
#                            -D_DATA16_HEAP_SIZE=A0 -s __program_start         #
#                            -D_DATA20_HEAP_SIZE=50                            #
#                                                                              #
#                           Copyright (C) 1987-2011 IAR Systems AB.            #
################################################################################





                ****************************************
                *                                      *
                *           CROSS REFERENCE            *
                *                                      *
                ****************************************

       Program entry at :           840A  Relocatable, from module : ?cstart




                ****************************************
                *                                      *
                *            RUNTIME MODEL             *
                *                                      *
                ****************************************

  __Heap_Handler             = Basic
  __SystemLibrary            = DLib
  __core                     = 430X
  __data_model               = small
  __dlib_file_descriptor     = 0
  __dlib_full_locale_support = 0
  __double_size              = 32
  __pic                      = no
  __reg_r4                   = free
  __reg_r5                   = free
  __rt_version               = 3

                ****************************************
                *                                      *
                *    AUTOMATIC SYMBOL REDIRECTIONS     *
                *                                      *
                ****************************************




                ****************************************
                *                                      *
                *              MODULE MAP              *
                *                                      *
                ****************************************


  DEFINED ABSOLUTE ENTRIES
    *************************************************************************

  DEFINED ABSOLUTE ENTRIES
  PROGRAM MODULE, NAME : ?ABS_ENTRY_MOD

Absolute parts
           ENTRY                   ADDRESS         REF BY
           =====                   =======         ======
           _DATA20_HEAP_SIZE       0050 
           _DATA16_HEAP_SIZE       00A0 
           _STACK_SIZE             00A0 
    *************************************************************************

  FILE NAME : E:\Gogo\MSP5510-STK\test\Debug\Obj\HAL_FLASH.r43
  PROGRAM MODULE, NAME : HAL_FLASH

  SEGMENTS IN THE MODULE
  ======================
DATA16_AN
  Relative segment, address: 0140 - 0141 (0x2 bytes), align: 0
  Segment part 1. ROOT.       Intra module refs:   flashWrite_LBA (mscFse)
           ENTRY                   ADDRESS         REF BY
           =====                   =======         ======
           _A_FCTL1_L              0140 
           LOCAL                   ADDRESS         
           =====                   =======         
           FCTL1                   0140 
           FCTL1_H                 0141 
           FCTL1_L                 0140 
    -------------------------------------------------------------------------
DATA16_AN
  Relative segment, address: 0144 - 0145 (0x2 bytes), align: 0
  Segment part 2. ROOT.       Intra module refs:   flashWrite_LBA (mscFse)
           ENTRY                   ADDRESS         REF BY
           =====                   =======         ======
           _A_FCTL3_L              0144 
           LOCAL                   ADDRESS         
           =====                   =======         
           FCTL3                   0144 
           FCTL3_H                 0145 
           FCTL3_L                 0144 

    *************************************************************************

  FILE NAME : E:\Gogo\MSP5510-STK\test\Debug\Obj\HAL_PMAP.r43
  PROGRAM MODULE, NAME : HAL_PMAP

  SEGMENTS IN THE MODULE
  ======================
DATA16_AN
  Relative segment, address: 01C0 - 01C1 (0x2 bytes), align: 0
  Segment part 1. ROOT.
           ENTRY                   ADDRESS         REF BY
           =====                   =======         ======
           _A_PMAPKEYID_L          01C0 
           LOCAL                   ADDRESS         
           =====                   =======         
           PMAPKEYID               01C0 
           PMAPKEYID_H             01C1 
           PMAPKEYID_L             01C0 
    -------------------------------------------------------------------------
DATA16_AN
  Relative segment, address: 01C2 - 01C3 (0x2 bytes), align: 0
  Segment part 2. ROOT.
           ENTRY                   ADDRESS         REF BY
           =====                   =======         ======
           _A_PMAPCTL_L            01C2 
           LOCAL                   ADDRESS         
           =====                   =======         
           PMAPCTL                 01C2 
           PMAPCTL_H               01C3 
           PMAPCTL_L               01C2 

    *************************************************************************

  FILE NAME : E:\Gogo\MSP5510-STK\test\Debug\Obj\HAL_PMM.r43
  PROGRAM MODULE, NAME : HAL_PMM

  SEGMENTS IN THE MODULE
  ======================
DATA16_AN
  Relative segment, address: 0120 - 0121 (0x2 bytes), align: 0
  Segment part 1. ROOT.       Intra module refs:   SetVCore
                                                   SetVCoreDown
                                                   SetVCoreUp
           ENTRY                   ADDRESS         REF BY
           =====                   =======         ======
           _A_PMMCTL0_L            0120 
           LOCAL                   ADDRESS         
           =====                   =======         
           PMMCTL0                 0120 
           PMMCTL0_H               0121 
           PMMCTL0_L               0120 
    -------------------------------------------------------------------------
DATA16_AN
  Relative segment, address: 0124 - 0125 (0x2 bytes), align: 0
  Segment part 2. ROOT.       Intra module refs:   SetVCoreDown
                                                   SetVCoreUp
           ENTRY                   ADDRESS         REF BY
           =====                   =======         ======
           _A_SVSMHCTL_L           0124 
           LOCAL                   ADDRESS         
           =====                   =======         
           SVSMHCTL                0124 
           SVSMHCTL_H              0125 
           SVSMHCTL_L              0124 
    -------------------------------------------------------------------------
DATA16_AN
  Relative segment, address: 0126 - 0127 (0x2 bytes), align: 0
  Segment part 3. ROOT.       Intra module refs:   SetVCoreDown
                                                   SetVCoreUp
           ENTRY                   ADDRESS         REF BY
           =====                   =======         ======
           _A_SVSMLCTL_L           0126 
           LOCAL                   ADDRESS         
           =====                   =======         
           SVSMLCTL                0126 
           SVSMLCTL_H              0127 
           SVSMLCTL_L              0126 
    -------------------------------------------------------------------------
DATA16_AN
  Relative segment, address: 012C - 012D (0x2 bytes), align: 0
  Segment part 4. ROOT.       Intra module refs:   SetVCoreDown
                                                   SetVCoreUp
           ENTRY                   ADDRESS         REF BY
           =====                   =======         ======
           _A_PMMIFG_L             012C 
           LOCAL                   ADDRESS         
           =====                   =======         
           PMMIFG                  012C 
           PMMIFG_H                012D 
           PMMIFG_L                012C 
    -------------------------------------------------------------------------
DATA16_AN
  Relative segment, address: 012E - 012F (0x2 bytes), align: 0
  Segment part 5. ROOT.       Intra module refs:   SetVCoreDown
                                                   SetVCoreUp
           ENTRY                   ADDRESS         REF BY
           =====                   =======         ======
           _A_PMMRIE_L             012E 
           LOCAL                   ADDRESS         
           =====                   =======         
           PMMRIE                  012E 
           PMMRIE_H                012F 
           PMMRIE_L                012E 
    -------------------------------------------------------------------------
<CODE> 1 (was CODE)
  Relative segment, address: BCAE - BD89 (0xdc bytes), align: 1
  Segment part 8.             Intra module refs:   SetVCore
           LOCAL                   ADDRESS         
           =====                   =======         
           SetVCoreUp              BCAE 
               CSTACK = 00000000 ( 00000008 )
    -------------------------------------------------------------------------
<CODE> 1 (was CODE)
  Relative segment, address: C41A - C4B7 (0x9e bytes), align: 1
  Segment part 7.             Intra module refs:   SetVCore
           LOCAL                   ADDRESS         
           =====                   =======         
           SetVCoreDown            C41A 
               CSTACK = 00000000 ( 0000000C )
    -------------------------------------------------------------------------
<CODE> 2 (was CODE)
  Relative segment, address: E1B2 - E1FD (0x4c bytes), align: 1
  Segment part 9.
           ENTRY                   ADDRESS         REF BY
           =====                   =======         ======
           SetVCore                E1B2            main (main)
               calls direct
               CSTACK = 00000000 ( 00000008 )

    *************************************************************************

  FILE NAME : E:\Gogo\MSP5510-STK\test\Debug\Obj\HAL_SDCard.r43
  PROGRAM MODULE, NAME : HAL_SDCard

  SEGMENTS IN THE MODULE
  ======================
DATA16_AN
  Relative segment, address: 0222 - 0223 (0x2 bytes), align: 0
  Segment part 1. ROOT.       Intra module refs:   Init_Ports (main)
                                                   SDCard_init
                                                   SDCard_setCSHigh
                                                   SDCard_setCSLow
                                                   TEST_Extension (ext_test)
                                                   TIMER1_A0_ISR (main)
           ENTRY                   ADDRESS         REF BY
           =====                   =======         ======
           _A_PBOUT_L              0222 
           LOCAL                   ADDRESS         
           =====                   =======         
           PBOUT                   0222 
           PBOUT_H                 0223 
           PBOUT_L                 0222 
    -------------------------------------------------------------------------
DATA16_AN
  Relative segment, address: 0224 - 0225 (0x2 bytes), align: 0
  Segment part 2. ROOT.       Intra module refs:   Init_Ports (main)
                                                   SDCard_init
                                                   TEST_Extension (ext_test)
                                                   TEST_Init (ext_test)
           ENTRY                   ADDRESS         REF BY
           =====                   =======         ======
           _A_PBDIR_L              0224 
           LOCAL                   ADDRESS         
           =====                   =======         
           PBDIR                   0224 
           PBDIR_H                 0225 
           PBDIR_L                 0224 
    -------------------------------------------------------------------------
DATA16_AN
  Relative segment, address: 0226 - 0227 (0x2 bytes), align: 0
  Segment part 3. ROOT.       Intra module refs:   SDCard_init
           ENTRY                   ADDRESS         REF BY
           =====                   =======         ======
           _A_PBREN_L              0226 
           LOCAL                   ADDRESS         
           =====                   =======         
           PBREN                   0226 
           PBREN_H                 0227 
           PBREN_L                 0226 
    -------------------------------------------------------------------------
DATA16_AN
  Relative segment, address: 022A - 022B (0x2 bytes), align: 0
  Segment part 4. ROOT.       Intra module refs:   SDCard_init
                                                   TEST_Init (ext_test)
           ENTRY                   ADDRESS         REF BY
           =====                   =======         ======
           _A_PBSEL_L              022A 
           LOCAL                   ADDRESS         
           =====                   =======         
           PBSEL                   022A 
           PBSEL_H                 022B 
           PBSEL_L                 022A 
    -------------------------------------------------------------------------
DATA16_AN
  Relative segment, address: 0620 - 0621 (0x2 bytes), align: 0
  Segment part 5. ROOT.       Intra module refs:   SDCard_fastMode
                                                   SDCard_init
           ENTRY                   ADDRESS         REF BY
           =====                   =======         ======
           _A_UCB1CTLW0_L          0620 
           LOCAL                   ADDRESS         
           =====                   =======         
           UCB1CTLW0               0620 
           UCB1CTLW0_H             0621 
           UCB1CTLW0_L             0620 
    -------------------------------------------------------------------------
DATA16_AN
  Relative segment, address: 0626 - 0627 (0x2 bytes), align: 0
  Segment part 6. ROOT.       Intra module refs:   SDCard_fastMode
                                                   SDCard_init
           ENTRY                   ADDRESS         REF BY
           =====                   =======         ======
           _A_UCB1BRW_L            0626 
           LOCAL                   ADDRESS         
           =====                   =======         
           UCB1BRW                 0626 
           UCB1BRW_H               0627 
           UCB1BRW_L               0626 
    -------------------------------------------------------------------------
DATA16_AN
  Relative segment, address: 062A - 062A (0x1 bytes), align: 0
  Segment part 7. ROOT.       Intra module refs:   SDCard_sendFrame
           ENTRY                   ADDRESS         REF BY
           =====                   =======         ======
           UCB1STAT                062A 
    -------------------------------------------------------------------------
DATA16_AN
  Relative segment, address: 062C - 062C (0x1 bytes), align: 0
  Segment part 8. ROOT.       Intra module refs:   SDCard_readFrame
                                                   SDCard_sendFrame
           ENTRY                   ADDRESS         REF BY
           =====                   =======         ======
           UCB1RXBUF               062C 
    -------------------------------------------------------------------------
DATA16_AN
  Relative segment, address: 062E - 062E (0x1 bytes), align: 0
  Segment part 9. ROOT.       Intra module refs:   SDCard_readFrame
                                                   SDCard_sendFrame
           ENTRY                   ADDRESS         REF BY
           =====                   =======         ======
           UCB1TXBUF               062E 
    -------------------------------------------------------------------------
DATA16_AN
  Relative segment, address: 063C - 063D (0x2 bytes), align: 0
  Segment part 10. ROOT.      Intra module refs:   SDCard_init
                                                   SDCard_readFrame
                                                   SDCard_sendFrame
           ENTRY                   ADDRESS         REF BY
           =====                   =======         ======
           _A_UCB1ICTL_L           063C 
           LOCAL                   ADDRESS         
           =====                   =======         
           UCB1ICTL                063C 
           UCB1ICTL_H              063D 
           UCB1ICTL_L              063C 
    -------------------------------------------------------------------------
<CODE> 2 (was CODE)
  Relative segment, address: E07C - E0C9 (0x4e bytes), align: 1
  Segment part 17.
           ENTRY                   ADDRESS         REF BY
           =====                   =======         ======
           SDCard_init             E07C            disk_initialize (mmc)
               CSTACK = 00000000 ( 00000004 )
    -------------------------------------------------------------------------
<CODE> 2 (was CODE)
  Relative segment, address: EF5E - EF6F (0x12 bytes), align: 1
  Segment part 16.
           ENTRY                   ADDRESS         REF BY
           =====                   =======         ======
           SDCard_fastMode         EF5E            disk_initialize (mmc)
               CSTACK = 00000000 ( 00000004 )
    -------------------------------------------------------------------------
<CODE> 2 (was CODE)
  Relative segment, address: E73E - E771 (0x34 bytes), align: 1
  Segment part 15.
           ENTRY                   ADDRESS         REF BY
           =====                   =======         ======
           SDCard_readFrame        E73E            rcvr_mmc (mmc)
               CSTACK = 00000000 ( 00000004 )
    -------------------------------------------------------------------------
<CODE> 2 (was CODE)
  Relative segment, address: E95A - E987 (0x2e bytes), align: 1
  Segment part 14.
           ENTRY                   ADDRESS         REF BY
           =====                   =======         ======
           SDCard_sendFrame        E95A            xmit_mmc (mmc)
               CSTACK = 00000000 ( 00000004 )
    -------------------------------------------------------------------------
<CODE> 2 (was CODE)
  Relative segment, address: F204 - F20B (0x8 bytes), align: 1
  Segment part 13.
           ENTRY                   ADDRESS         REF BY
           =====                   =======         ======
           SDCard_setCSHigh        F204            deselect (mmc)
                                                   disk_initialize (mmc)
               CSTACK = 00000000 ( 00000004 )
    -------------------------------------------------------------------------
<CODE> 2 (was CODE)
  Relative segment, address: F21C - F223 (0x8 bytes), align: 1
  Segment part 12.
           ENTRY                   ADDRESS         REF BY
           =====                   =======         ======
           SDCard_setCSLow         F21C            select (mmc)
               CSTACK = 00000000 ( 00000004 )

    *************************************************************************

  FILE NAME : E:\Gogo\MSP5510-STK\test\Debug\Obj\HAL_TLV.r43
  PROGRAM MODULE, NAME : HAL_TLV

  SEGMENTS IN THE MODULE
  ======================
<CODE> 2 (was CODE)
  Relative segment, address: DF3E - DF8D (0x50 bytes), align: 1
  Segment part 2.
           ENTRY                   ADDRESS         REF BY
           =====                   =======         ======
           Get_TLV_Info            DF3E            USB_InitSerialStringDescriptor (usb)
               CSTACK = 00000000 ( 00000008 )

    *************************************************************************

  FILE NAME : E:\Gogo\MSP5510-STK\test\Debug\Obj\HAL_UCS.r43
  PROGRAM MODULE, NAME : HAL_UCS

  SEGMENTS IN THE MODULE
  ======================
DATA16_AN
  Relative segment, address: 0102 - 0103 (0x2 bytes), align: 0
  Segment part 1. ROOT.       Intra module refs:   Init_Clock (main)
                                                   Init_FLL
                                                   TIMER1_A0_ISR (main)
                                                   UNMI_ISR (main)
                                                   XT2_Start
           ENTRY                   ADDRESS         REF BY
           =====                   =======         ======
           _A_SFRIFG1_L            0102 
           LOCAL                   ADDRESS         
           =====                   =======         
           SFRIFG1                 0102 
           SFRIFG1_H               0103 
           SFRIFG1_L               0102 
    -------------------------------------------------------------------------
DATA16_AN
  Relative segment, address: 0160 - 0161 (0x2 bytes), align: 0
  Segment part 2. ROOT.       Intra module refs:   Init_FLL
           ENTRY                   ADDRESS         REF BY
           =====                   =======         ======
           _A_UCSCTL0_L            0160 
           LOCAL                   ADDRESS         
           =====                   =======         
           UCSCTL0                 0160 
           UCSCTL0_H               0161 
           UCSCTL0_L               0160 
    -------------------------------------------------------------------------
DATA16_AN
  Relative segment, address: 0162 - 0163 (0x2 bytes), align: 0
  Segment part 3. ROOT.       Intra module refs:   Init_FLL
           ENTRY                   ADDRESS         REF BY
           =====                   =======         ======
           _A_UCSCTL1_L            0162 
           LOCAL                   ADDRESS         
           =====                   =======         
           UCSCTL1                 0162 
           UCSCTL1_H               0163 
           UCSCTL1_L               0162 
    -------------------------------------------------------------------------
DATA16_AN
  Relative segment, address: 0164 - 0165 (0x2 bytes), align: 0
  Segment part 4. ROOT.       Intra module refs:   Init_FLL
           ENTRY                   ADDRESS         REF BY
           =====                   =======         ======
           _A_UCSCTL2_L            0164 
           LOCAL                   ADDRESS         
           =====                   =======         
           UCSCTL2                 0164 
           UCSCTL2_H               0165 
           UCSCTL2_L               0164 
    -------------------------------------------------------------------------
DATA16_AN
  Relative segment, address: 0168 - 0169 (0x2 bytes), align: 0
  Segment part 5. ROOT.       Intra module refs:   Init_Clock (main)
                                                   Init_FLL
           ENTRY                   ADDRESS         REF BY
           =====                   =======         ======
           _A_UCSCTL4_L            0168 
           LOCAL                   ADDRESS         
           =====                   =======         
           UCSCTL4                 0168 
           UCSCTL4_H               0169 
           UCSCTL4_L               0168 
    -------------------------------------------------------------------------
DATA16_AN
  Relative segment, address: 016C - 016D (0x2 bytes), align: 0
  Segment part 6. ROOT.       Intra module refs:   Init_Clock (main)
                                                   USB_suspend (usb)
                                                   XT2_Start
                                                   XT2_Stop
           ENTRY                   ADDRESS         REF BY
           =====                   =======         ======
           _A_UCSCTL6_L            016C 
           LOCAL                   ADDRESS         
           =====                   =======         
           UCSCTL6                 016C 
           UCSCTL6_H               016D 
           UCSCTL6_L               016C 
    -------------------------------------------------------------------------
DATA16_AN
  Relative segment, address: 016E - 016F (0x2 bytes), align: 0
  Segment part 7. ROOT.       Intra module refs:   Init_Clock (main)
                                                   Init_FLL
                                                   UNMI_ISR (main)
                                                   XT2_Start
           ENTRY                   ADDRESS         REF BY
           =====                   =======         ======
           _A_UCSCTL7_L            016E 
           LOCAL                   ADDRESS         
           =====                   =======         
           UCSCTL7                 016E 
           UCSCTL7_H               016F 
           UCSCTL7_L               016E 
    -------------------------------------------------------------------------
<CODE> 2 (was CODE)
  Relative segment, address: E86E - E89D (0x30 bytes), align: 1
  Segment part 14.
           ENTRY                   ADDRESS         REF BY
           =====                   =======         ======
           XT2_Start               E86E            Init_Clock (main)
                                                   USB_enable (usb)
               CSTACK = 00000000 ( 00000004 )
    -------------------------------------------------------------------------
<CODE> 2 (was CODE)
  Relative segment, address: F1E4 - F1EB (0x8 bytes), align: 1
  Segment part 11.
           ENTRY                   ADDRESS         REF BY
           =====                   =======         ======
           XT2_Stop                F1E4            USB_handleVbusOffEvent (usbEventHandling)
               CSTACK = 00000000 ( 00000004 )
    -------------------------------------------------------------------------
<CODE> 2 (was CODE)
  Relative segment, address: E92C - E959 (0x2e bytes), align: 1
  Segment part 10.
           ENTRY                   ADDRESS         REF BY
           =====                   =======         ======
           Init_FLL_Settle         E92C            Init_Clock (main)
               calls direct
               CSTACK = 00000000 ( 00000006 )
    -------------------------------------------------------------------------
<CODE> 1 (was CODE)
  Relative segment, address: BAD0 - BBC1 (0xf2 bytes), align: 1
  Segment part 9.             Intra module refs:   Init_FLL_Settle
           ENTRY                   ADDRESS         REF BY
           =====                   =======         ======
           Init_FLL                BAD0 
               CSTACK = 00000000 ( 00000008 )

    *************************************************************************

  FILE NAME : E:\Gogo\MSP5510-STK\test\Debug\Obj\LUN0_data.r43
  PROGRAM MODULE, NAME : LUN0_data

  SEGMENTS IN THE MODULE
  ======================
MYDRIVE
  Relative segment, address: D000 - D1FF (0x200 bytes), align: 0
  Segment part 2.
           ENTRY                   ADDRESS         REF BY
           =====                   =======         ======
           MBR                     D000            Read_LBA (mscFse)
    -------------------------------------------------------------------------
MYDRIVE
  Relative segment, address: D200 - D3FF (0x200 bytes), align: 0
  Segment part 3.
           ENTRY                   ADDRESS         REF BY
           =====                   =======         ======
           Partition               D200            Read_LBA (mscFse)
    -------------------------------------------------------------------------
MYDRIVE
  Relative segment, address: D400 - D5FF (0x200 bytes), align: 0
  Segment part 4.
           ENTRY                   ADDRESS         REF BY
           =====                   =======         ======
           FAT                     D400            Read_LBA (mscFse)
                                                   Write_LBA (mscFse)
    -------------------------------------------------------------------------
DATA16_I
  Relative segment, address: 2400 - 2401 (0x2 bytes), align: 1
  Segment part 5.
           ENTRY                   ADDRESS         REF BY
           =====                   =======         ======
           Data560                 2400            Read_LBA (mscFse)
                                                   Write_LBA (mscFse)
    -------------------------------------------------------------------------
DATA16_I
  Relative segment, address: 2402 - 2403 (0x2 bytes), align: 1
  Segment part 7.
           ENTRY                   ADDRESS         REF BY
           =====                   =======         ======
           Data561                 2402            Read_LBA (mscFse)
                                                   Write_LBA (mscFse)
    -------------------------------------------------------------------------
DATA16_I
  Relative segment, address: 2404 - 2405 (0x2 bytes), align: 1
  Segment part 9.
           ENTRY                   ADDRESS         REF BY
           =====                   =======         ======
           Data562                 2404            Read_LBA (mscFse)
                                                   Write_LBA (mscFse)
    -------------------------------------------------------------------------
DATA16_I
  Relative segment, address: 2406 - 2407 (0x2 bytes), align: 1
  Segment part 11.
           ENTRY                   ADDRESS         REF BY
           =====                   =======         ======
           Data563                 2406            Read_LBA (mscFse)
                                                   Write_LBA (mscFse)
    -------------------------------------------------------------------------
DATA16_I
  Relative segment, address: 2408 - 2409 (0x2 bytes), align: 1
  Segment part 13.
           ENTRY                   ADDRESS         REF BY
           =====                   =======         ======
           Data564                 2408            Read_LBA (mscFse)
                                                   Write_LBA (mscFse)
    -------------------------------------------------------------------------
DATA16_I
  Relative segment, address: 240A - 240B (0x2 bytes), align: 1
  Segment part 15.
           ENTRY                   ADDRESS         REF BY
           =====                   =======         ======
           Data565                 240A            Read_LBA (mscFse)
                                                   Write_LBA (mscFse)
    -------------------------------------------------------------------------
DATA16_I
  Relative segment, address: 240C - 240D (0x2 bytes), align: 1
  Segment part 17.
           ENTRY                   ADDRESS         REF BY
           =====                   =======         ======
           Data566                 240C            Write_LBA (mscFse)
    -------------------------------------------------------------------------
MYDRIVE
  Relative segment, address: D600 - D7FF (0x200 bytes), align: 0
  Segment part 19.
           ENTRY                   ADDRESS         REF BY
           =====                   =======         ======
           Root_Dir                D600            Read_LBA (mscFse)
                                                   Write_LBA (mscFse)
    -------------------------------------------------------------------------
MYDRIVE
  Relative segment, address: D800 - D9FF (0x200 bytes), align: 0
  Segment part 20.
           ENTRY                   ADDRESS         REF BY
           =====                   =======         ======
           Data559                 D800            Read_LBA (mscFse)
                                                   Write_LBA (mscFse)
    -------------------------------------------------------------------------
DATA16_ID
  Relative segment, address: 83AE - 83AF (0x2 bytes), align: 1
  Segment part 6.             Intra module refs:   Data560
    -------------------------------------------------------------------------
DATA16_ID
  Relative segment, address: 83B0 - 83B1 (0x2 bytes), align: 1
  Segment part 8.             Intra module refs:   Data561
    -------------------------------------------------------------------------
DATA16_ID
  Relative segment, address: 83B2 - 83B3 (0x2 bytes), align: 1
  Segment part 10.            Intra module refs:   Data562
    -------------------------------------------------------------------------
DATA16_ID
  Relative segment, address: 83B4 - 83B5 (0x2 bytes), align: 1
  Segment part 12.            Intra module refs:   Data563
    -------------------------------------------------------------------------
DATA16_ID
  Relative segment, address: 83B6 - 83B7 (0x2 bytes), align: 1
  Segment part 14.            Intra module refs:   Data564
    -------------------------------------------------------------------------
DATA16_ID
  Relative segment, address: 83B8 - 83B9 (0x2 bytes), align: 1
  Segment part 16.            Intra module refs:   Data565
    -------------------------------------------------------------------------
DATA16_ID
  Relative segment, address: 83BA - 83BB (0x2 bytes), align: 1
  Segment part 18.            Intra module refs:   Data566

    *************************************************************************

  FILE NAME : E:\Gogo\MSP5510-STK\test\Debug\Obj\UsbCdc.r43
  PROGRAM MODULE, NAME : UsbCdc

  SEGMENTS IN THE MODULE
  ======================
DATA16_AN
  Relative segment, address: 0930 - 0930 (0x1 bytes), align: 0
  Segment part 1. ROOT.       Intra module refs:   MscSendData (UsbMscScsi)
                                                   USBCDC_sendData
                                                   USBMSC_poll (UsbMscStateMachine)
           ENTRY                   ADDRESS         REF BY
           =====                   =======         ======
           USBIEPIFG               0930 
    -------------------------------------------------------------------------
DATA16_Z
  Relative segment, address: 245C - 2463 (0x8 bytes), align: 1
  Segment part 3.             Intra module refs:   CdcResetData
                                                   Handler_SetLineCoding
                                                   usbGetLineCoding
           LOCAL                   ADDRESS         
           =====                   =======         
           CdcControl              245C 
    -------------------------------------------------------------------------
DATA16_Z
  Relative segment, address: 2464 - 246D (0xa bytes), align: 1
  Segment part 4.             Intra module refs:   CdcResetData
                                                   CdcToHostFromBuffer
                                                   USBCDC_intfStatus
                                                   USBCDC_sendData
           LOCAL                   ADDRESS         
           =====                   =======         
           CdcWriteCtrl            2464 
    -------------------------------------------------------------------------
DATA16_Z
  Relative segment, address: 246E - 247D (0x10 bytes), align: 1
  Segment part 5.             Intra module refs:   CdcIsReceiveInProgress
                                                   CdcResetData
                                                   CdcToBufferFromHost
                                                   CopyUsbToBuff
                                                   USBCDC_bytesInUSBBuffer
                                                   USBCDC_intfStatus
                                                   USBCDC_receiveData
           LOCAL                   ADDRESS         
           =====                   =======         
           CdcReadCtrl             246E 
    -------------------------------------------------------------------------
<CODE> 2 (was CODE)
  Relative segment, address: E5B0 - E5EB (0x3c bytes), align: 1
  Segment part 21.
           ENTRY                   ADDRESS         REF BY
           =====                   =======         ======
           CdcResetData            E5B0            USB_reset (usb)
               calls direct
               CSTACK = 00000000 ( 00000004 )
    -------------------------------------------------------------------------
<CODE> 1 (was CODE)
  Relative segment, address: C9EA - CA73 (0x8a bytes), align: 1
  Segment part 20.
           ENTRY                   ADDRESS         REF BY
           =====                   =======         ======
           USBCDC_sendData         C9EA            cdcSendDataInBackground (usbConstructs)
               CSTACK = 00000000 ( 0000000C )
    -------------------------------------------------------------------------
<CODE> 1 (was CODE)
  Relative segment, address: 9AB2 - 9D0D (0x25c bytes), align: 1
  Segment part 19.
           ENTRY                   ADDRESS         REF BY
           =====                   =======         ======
           CdcToHostFromBuffer     9AB2            iUsbInterruptHandler (UsbIsr)
               calls direct and indirect
               CSTACK = 00000000 ( 00000010 )
    -------------------------------------------------------------------------
<CODE> 1 (was CODE)
  Relative segment, address: C67C - C711 (0x96 bytes), align: 1
  Segment part 15.            Intra module refs:   CdcToBufferFromHost
                                                   USBCDC_receiveData
           ENTRY                   ADDRESS         REF BY
           =====                   =======         ======
           CopyUsbToBuff           C67C 
               calls indirect
               CSTACK = 00000000 ( 0000000C )
    -------------------------------------------------------------------------
<CODE> 1 (was CODE)
  Relative segment, address: 9304 - 95AB (0x2a8 bytes), align: 1
  Segment part 17.
           ENTRY                   ADDRESS         REF BY
           =====                   =======         ======
           USBCDC_receiveData      9304            cdcReceiveDataInBuffer (usbConstructs)
               calls direct
               CSTACK = 00000000 ( 0000000C )
    -------------------------------------------------------------------------
<CODE> 1 (was CODE)
  Relative segment, address: A910 - AA77 (0x168 bytes), align: 1
  Segment part 16.
           ENTRY                   ADDRESS         REF BY
           =====                   =======         ======
           CdcToBufferFromHost     A910            iUsbInterruptHandler (UsbIsr)
               calls direct
               CSTACK = 00000000 ( 0000000C )
    -------------------------------------------------------------------------
<CODE> 2 (was CODE)
  Relative segment, address: EEE6 - EEF9 (0x14 bytes), align: 1
  Segment part 14.
           ENTRY                   ADDRESS         REF BY
           =====                   =======         ======
           CdcIsReceiveInProgress
                                   EEE6            iUsbInterruptHandler (UsbIsr)
               CSTACK = 00000000 ( 00000004 )
    -------------------------------------------------------------------------
<CODE> 1 (was CODE)
  Relative segment, address: C172 - C221 (0xb0 bytes), align: 1
  Segment part 11.
           ENTRY                   ADDRESS         REF BY
           =====                   =======         ======
           USBCDC_intfStatus       C172            cdcSendDataInBackground (usbConstructs)
               CSTACK = 00000000 ( 00000010 )
    -------------------------------------------------------------------------
<CODE> 1 (was CODE)
  Relative segment, address: C95C - C9E9 (0x8e bytes), align: 1
  Segment part 10.
           ENTRY                   ADDRESS         REF BY
           =====                   =======         ======
           USBCDC_bytesInUSBBuffer
                                   C95C            cdcReceiveDataInBuffer (usbConstructs)
                                                   iUsbInterruptHandler (UsbIsr)
               CSTACK = 00000000 ( 00000008 )
    -------------------------------------------------------------------------
<CODE> 1 (was CODE)
  Relative segment, address: CEEE - CF61 (0x74 bytes), align: 1
  Segment part 9.
           ENTRY                   ADDRESS         REF BY
           =====                   =======         ======
           usbGetLineCoding        CEEE            tUsbRequestList (descriptors)
               calls direct
               CSTACK = 00000000 ( 00000004 )
    -------------------------------------------------------------------------
<CODE> 2 (was CODE)
  Relative segment, address: F142 - F14D (0xc bytes), align: 1
  Segment part 8.
           ENTRY                   ADDRESS         REF BY
           =====                   =======         ======
           usbSetLineCoding        F142            tUsbRequestList (descriptors)
               calls direct
               CSTACK = 00000000 ( 00000004 )
    -------------------------------------------------------------------------
<CODE> 2 (was CODE)
  Relative segment, address: F1FC - F203 (0x8 bytes), align: 1
  Segment part 7.
           ENTRY                   ADDRESS         REF BY
           =====                   =======         ======
           usbSetControlLineState
                                   F1FC            tUsbRequestList (descriptors)
               calls direct
               CSTACK = 00000000 ( 00000004 )
    -------------------------------------------------------------------------
<CODE> 2 (was CODE)
  Relative segment, address: DADA - DB45 (0x6c bytes), align: 1
  Segment part 6.
           ENTRY                   ADDRESS         REF BY
           =====                   =======         ======
           Handler_SetLineCoding   DADA            OEP0InterruptHandler (UsbIsr)
               calls direct
               CSTACK = 00000000 ( 0000000C )

    *************************************************************************

  FILE NAME : E:\Gogo\MSP5510-STK\test\Debug\Obj\UsbHid.r43
  PROGRAM MODULE, NAME : UsbHid

  SEGMENTS IN THE MODULE
  ======================
DATA16_Z
  Relative segment, address: 247E - 2485 (0x8 bytes), align: 1
  Segment part 3.             Intra module refs:   HidResetData
                                                   HidToHostFromBuffer
           LOCAL                   ADDRESS         
           =====                   =======         
           HidWriteCtrl            247E 
    -------------------------------------------------------------------------
DATA16_Z
  Relative segment, address: 2486 - 2495 (0x10 bytes), align: 1
  Segment part 4.             Intra module refs:   HidCopyUsbToBuff
                                                   HidIsReceiveInProgress
                                                   HidResetData
                                                   HidToBufferFromHost
           LOCAL                   ADDRESS         
           =====                   =======         
           HidReadCtrl             2486 
    -------------------------------------------------------------------------
DATA16_Z
  Relative segment, address: 251A - 251A (0x1 bytes), align: 0
  Segment part 5.             Intra module refs:   HidResetData
           ENTRY                   ADDRESS         REF BY
           =====                   =======         ======
           hidProtocol             251A 
    -------------------------------------------------------------------------
<CODE> 2 (was CODE)
  Relative segment, address: EA34 - EA5D (0x2a bytes), align: 1
  Segment part 20.
           ENTRY                   ADDRESS         REF BY
           =====                   =======         ======
           HidResetData            EA34            USB_reset (usb)
               calls direct
               CSTACK = 00000000 ( 00000004 )
    -------------------------------------------------------------------------
<CODE> 1 (was CODE)
  Relative segment, address: AE86 - AFC1 (0x13c bytes), align: 1
  Segment part 16.
           ENTRY                   ADDRESS         REF BY
           =====                   =======         ======
           HidToHostFromBuffer     AE86            iUsbInterruptHandler (UsbIsr)
               calls direct and indirect
               CSTACK = 00000000 ( 00000014 )
    -------------------------------------------------------------------------
<CODE> 1 (was CODE)
  Relative segment, address: C550 - C5E5 (0x96 bytes), align: 1
  Segment part 12.            Intra module refs:   HidToBufferFromHost
           ENTRY                   ADDRESS         REF BY
           =====                   =======         ======
           HidCopyUsbToBuff        C550 
               calls indirect
               CSTACK = 00000000 ( 0000000C )
    -------------------------------------------------------------------------
<CODE> 1 (was CODE)
  Relative segment, address: A116 - A2CD (0x1b8 bytes), align: 1
  Segment part 13.
           ENTRY                   ADDRESS         REF BY
           =====                   =======         ======
           HidToBufferFromHost     A116            iUsbInterruptHandler (UsbIsr)
               calls direct
               CSTACK = 00000000 ( 0000000C )
    -------------------------------------------------------------------------
<CODE> 2 (was CODE)
  Relative segment, address: EF22 - EF35 (0x14 bytes), align: 1
  Segment part 11.
           ENTRY                   ADDRESS         REF BY
           =====                   =======         ======
           HidIsReceiveInProgress
                                   EF22            iUsbInterruptHandler (UsbIsr)
               CSTACK = 00000000 ( 00000004 )

    *************************************************************************

  FILE NAME : E:\Gogo\MSP5510-STK\test\Debug\Obj\UsbHidReq.r43
  PROGRAM MODULE, NAME : UsbHidReq

  SEGMENTS IN THE MODULE
  ======================
<CODE> 2 (was CODE)
  Relative segment, address: ECB2 - ECCF (0x1e bytes), align: 1
  Segment part 13.
           ENTRY                   ADDRESS         REF BY
           =====                   =======         ======
           usbGetHidDescriptor     ECB2            tUsbRequestList (descriptors)
               calls direct
               CSTACK = 00000000 ( 00000004 )
    -------------------------------------------------------------------------
<CODE> 2 (was CODE)
  Relative segment, address: EC56 - EC75 (0x20 bytes), align: 1
  Segment part 12.
           ENTRY                   ADDRESS         REF BY
           =====                   =======         ======
           usbGetReportDescriptor
                                   EC56            tUsbRequestList (descriptors)
               calls direct
               CSTACK = 00000000 ( 00000004 )
    -------------------------------------------------------------------------
<CODE> 2 (was CODE)
  Relative segment, address: EB26 - EB4B (0x26 bytes), align: 1
  Segment part 11.
           ENTRY                   ADDRESS         REF BY
           =====                   =======         ======
           usbSetReport            EB26            tUsbRequestList (descriptors)
               calls direct
               CSTACK = 00000000 ( 00000004 )
    -------------------------------------------------------------------------
<CODE> 2 (was CODE)
  Relative segment, address: ECD0 - ECED (0x1e bytes), align: 1
  Segment part 10.
           ENTRY                   ADDRESS         REF BY
           =====                   =======         ======
           usbGetReport            ECD0            tUsbRequestList (descriptors)
               calls direct
               CSTACK = 00000000 ( 00000004 )
    -------------------------------------------------------------------------
DATA16_Z
  Relative segment, address: 251B - 255A (0x40 bytes), align: 0
  Segment part 2.             Intra module refs:   Handler_GetReport
                                                   Handler_SetReport
           ENTRY                   ADDRESS         REF BY
           =====                   =======         ======
           setReportBuffer         251B 
    -------------------------------------------------------------------------
<CODE> 2 (was CODE)
  Relative segment, address: F250 - F255 (0x6 bytes), align: 1
  Segment part 5.             Intra module refs:   usbSetReport
           ENTRY                   ADDRESS         REF BY
           =====                   =======         ======
           Handler_SetReport       F250 
               CSTACK = 00000000 ( 00000004 )
    -------------------------------------------------------------------------
<CODE> 2 (was CODE)
  Relative segment, address: F276 - F279 (0x4 bytes), align: 1
  Segment part 4.
           ENTRY                   ADDRESS         REF BY
           =====                   =======         ======
           Handler_SetReportDataAvailable
                                   F276            OEP0InterruptHandler (UsbIsr)
               CSTACK = 00000000 ( 00000004 )
    -------------------------------------------------------------------------
<CODE> 2 (was CODE)
  Relative segment, address: F232 - F237 (0x6 bytes), align: 1
  Segment part 3.             Intra module refs:   usbGetReport
           ENTRY                   ADDRESS         REF BY
           =====                   =======         ======
           Handler_GetReport       F232 
               CSTACK = 00000000 ( 00000004 )

    *************************************************************************

  FILE NAME : E:\Gogo\MSP5510-STK\test\Debug\Obj\UsbIsr.r43
  PROGRAM MODULE, NAME : UsbIsr

  SEGMENTS IN THE MODULE
  ======================
DATA16_AN
  Relative segment, address: 0900 - 0901 (0x2 bytes), align: 0
  Segment part 1. ROOT.       Intra module refs:   PWRVBUSoffHandler
                                                   PWRVBUSonHandler
                                                   USB_connect (usb)
                                                   USB_disable (usb)
                                                   USB_enable (usb)
                                                   USB_init (usb)
                                                   USB_reset (usb)
                                                   USB_suspend (usb)
           ENTRY                   ADDRESS         REF BY
           =====                   =======         ======
           _A_USBKEYID_L           0900 
           LOCAL                   ADDRESS         
           =====                   =======         
           USBKEYID                0900 
           USBKEYID_H              0901 
           USBKEYID_L              0900 
    -------------------------------------------------------------------------
DATA16_AN
  Relative segment, address: 0902 - 0903 (0x2 bytes), align: 0
  Segment part 2. ROOT.       Intra module refs:   PWRVBUSoffHandler
                                                   USB_connect (usb)
                                                   USB_connectionInfo (usb)
                                                   USB_connectionState (usb)
                                                   USB_disable (usb)
                                                   USB_enable (usb)
           ENTRY                   ADDRESS         REF BY
           =====                   =======         ======
           _A_USBCNF_L             0902 
           LOCAL                   ADDRESS         
           =====                   =======         
           USBCNF                  0902 
           USBCNF_H                0903 
           USBCNF_L                0902 
    -------------------------------------------------------------------------
DATA16_AN
  Relative segment, address: 0908 - 0909 (0x2 bytes), align: 0
  Segment part 3. ROOT.       Intra module refs:   PWRVBUSoffHandler
                                                   PWRVBUSonHandler
                                                   USB_connect (usb)
                                                   USB_connectionInfo (usb)
                                                   USB_connectionState (usb)
                                                   USB_enable (usb)
                                                   USB_init (usb)
           ENTRY                   ADDRESS         REF BY
           =====                   =======         ======
           _A_USBPWRCTL_L          0908 
           LOCAL                   ADDRESS         
           =====                   =======         
           USBPWRCTL               0908 
           USBPWRCTL_H             0909 
           USBPWRCTL_L             0908 
    -------------------------------------------------------------------------
DATA16_AN
  Relative segment, address: 0910 - 0911 (0x2 bytes), align: 0
  Segment part 4. ROOT.       Intra module refs:   PWRVBUSoffHandler
                                                   USB_disable (usb)
                                                   USB_enable (usb)
                                                   USB_suspend (usb)
           ENTRY                   ADDRESS         REF BY
           =====                   =======         ======
           _A_USBPLLCTL_L          0910 
           LOCAL                   ADDRESS         
           =====                   =======         
           USBPLLCTL               0910 
           USBPLLCTL_H             0911 
           USBPLLCTL_L             0910 
    -------------------------------------------------------------------------
DATA16_AN
  Relative segment, address: 0932 - 0933 (0x2 bytes), align: 0
  Segment part 5. ROOT.       Intra module refs:   iUsbInterruptHandler
           ENTRY                   ADDRESS         REF BY
           =====                   =======         ======
           _A_USBVECINT_L          0932 
           LOCAL                   ADDRESS         
           =====                   =======         
           USBVECINT               0932 
           USBVECINT_H             0933 
           USBVECINT_L             0932 
    -------------------------------------------------------------------------
DATA16_AN
  Relative segment, address: 093C - 093C (0x1 bytes), align: 0
  Segment part 6. ROOT.       Intra module refs:   IEP0InterruptHandler
                                                   OEP0InterruptHandler
                                                   SetupPacketInterruptHandler
                                                   USB_reset (usb)
                                                   USB_suspend (usb)
           ENTRY                   ADDRESS         REF BY
           =====                   =======         ======
           USBCTL                  093C 
    -------------------------------------------------------------------------
DATA16_AN
  Relative segment, address: 093E - 093E (0x1 bytes), align: 0
  Segment part 7. ROOT.       Intra module refs:   SetupPacketInterruptHandler
                                                   USB_reset (usb)
                                                   USB_resume (usb)
                                                   USB_suspend (usb)
                                                   iUsbInterruptHandler
                                                   usbDecodeAndProcessUsbRequest (usb)
                                                   usbInvalidRequest (usb)
           ENTRY                   ADDRESS         REF BY
           =====                   =======         ======
           USBIFG                  093E 
    -------------------------------------------------------------------------
ISR_CODE
  Relative segment, address: 8432 - 85CB (0x19a bytes), align: 1
  Segment part 15.            Intra module refs:   iUsbInterruptHandler::??INTVEC 102
           ENTRY                   ADDRESS         REF BY
           =====                   =======         ======
           iUsbInterruptHandler    8432 
               interrupt function
               calls direct
               CSTACK = 00000000 ( 00000010 )
    -------------------------------------------------------------------------
<CODE> 2 (was CODE)
  Relative segment, address: E4F0 - E52F (0x40 bytes), align: 1
  Segment part 14.            Intra module refs:   iUsbInterruptHandler
           ENTRY                   ADDRESS         REF BY
           =====                   =======         ======
           SetupPacketInterruptHandler
                                   E4F0 
               calls direct
               CSTACK = 00000000 ( 00000004 )
    -------------------------------------------------------------------------
<CODE> 2 (was CODE)
  Relative segment, address: E366 - E3A7 (0x42 bytes), align: 1
  Segment part 13.            Intra module refs:   iUsbInterruptHandler
           ENTRY                   ADDRESS         REF BY
           =====                   =======         ======
           PWRVBUSoffHandler       E366 
               CSTACK = 00000000 ( 00000006 )
    -------------------------------------------------------------------------
<CODE> 2 (was CODE)
  Relative segment, address: E89E - E8CD (0x30 bytes), align: 1
  Segment part 12.            Intra module refs:   iUsbInterruptHandler
           ENTRY                   ADDRESS         REF BY
           =====                   =======         ======
           PWRVBUSonHandler        E89E 
               CSTACK = 00000000 ( 00000006 )
    -------------------------------------------------------------------------
<CODE> 2 (was CODE)
  Relative segment, address: ED92 - EDAB (0x1a bytes), align: 1
  Segment part 11.            Intra module refs:   iUsbInterruptHandler
           ENTRY                   ADDRESS         REF BY
           =====                   =======         ======
           IEP0InterruptHandler    ED92 
               calls direct
               CSTACK = 00000000 ( 00000004 )
    -------------------------------------------------------------------------
<CODE> 2 (was CODE)
  Relative segment, address: E1FE - E247 (0x4a bytes), align: 1
  Segment part 10.            Intra module refs:   iUsbInterruptHandler
           ENTRY                   ADDRESS         REF BY
           =====                   =======         ======
           OEP0InterruptHandler    E1FE 
               calls direct
               CSTACK = 00000000 ( 00000006 )
    -------------------------------------------------------------------------
INTVEC
  Common segment, address: FF80 - FFE7 (0x68 bytes), align: 1
  Segment part 8. ROOT.
           ENTRY                   ADDRESS         REF BY
           =====                   =======         ======
           iUsbInterruptHandler::??INTVEC 102
                                   FFE6 

    *************************************************************************

  FILE NAME : E:\Gogo\MSP5510-STK\test\Debug\Obj\UsbMscReq.r43
  PROGRAM MODULE, NAME : UsbMscReq

  SEGMENTS IN THE MODULE
  ======================
<CODE> 2 (was CODE)
  Relative segment, address: E662 - E699 (0x38 bytes), align: 1
  Segment part 3.
           ENTRY                   ADDRESS         REF BY
           =====                   =======         ======
           USBMSC_reset            E662            USB_reset (usb)
                                                   tUsbRequestList (descriptors)
               calls direct
               CSTACK = 00000000 ( 00000004 )
    -------------------------------------------------------------------------
<CODE> 2 (was CODE)
  Relative segment, address: ED78 - ED91 (0x1a bytes), align: 1
  Segment part 2.
           ENTRY                   ADDRESS         REF BY
           =====                   =======         ======
           Get_MaxLUN              ED78            tUsbRequestList (descriptors)
               calls direct
               CSTACK = 00000000 ( 00000006 )

    *************************************************************************

  FILE NAME : E:\Gogo\MSP5510-STK\test\Debug\Obj\UsbMscScsi.r43
  PROGRAM MODULE, NAME : UsbMscScsi

  SEGMENTS IN THE MODULE
  ======================
DATA16_Z
  Relative segment, address: 2496 - 24AD (0x18 bytes), align: 1
  Segment part 3.             Intra module refs:   MSCFromHostToBuffer
                                                   MscCopyUsbToBuff
                                                   MscResetData
                                                   Msc_ResetStruct
                                                   Scsi_Cmd_Parser
                                                   Scsi_Write10
                                                   USBMSC_bufferProcessed
           ENTRY                   ADDRESS         REF BY
           =====                   =======         ======
           MscWriteControl         2496            USBMSC_poll (UsbMscStateMachine)
                                                   usbClearEndpointFeature (usb)
                                                   usbSetInterface (usb)
    -------------------------------------------------------------------------
DATA16_Z
  Relative segment, address: 24AE - 24C1 (0x14 bytes), align: 1
  Segment part 4.             Intra module refs:   MSCToHostFromBuffer
                                                   MscResetData
                                                   MscSendData
                                                   Msc_ResetStruct
                                                   Scsi_Read10
                                                   USBMSC_bufferProcessed
           ENTRY                   ADDRESS         REF BY
           =====                   =======         ======
           MscReadControl          24AE            USBMSC_poll (UsbMscStateMachine)
                                                   usbClearEndpointFeature (usb)
                                                   usbSetInterface (usb)
    -------------------------------------------------------------------------
DATA16_Z
  Relative segment, address: 24C2 - 24D9 (0x18 bytes), align: 1
  Segment part 5.             Intra module refs:   MSCFromHostToBuffer
                                                   MSCToHostFromBuffer
                                                   MscCopyUsbToBuff
                                                   MscResetCtrlLun
                                                   Scsi_Cmd_Parser
                                                   Scsi_Mode_Sense10
                                                   Scsi_Mode_Sense6
                                                   Scsi_Read10
                                                   Scsi_Request_Sense
                                                   Scsi_Write10
                                                   USBMSC_bufferProcessed
                                                   USBMSC_registerBufInfo
                                                   USBMSC_updateMediaInfo
           ENTRY                   ADDRESS         REF BY
           =====                   =======         ======
           MscControl              24C2 
    -------------------------------------------------------------------------
DATA16_Z
  Relative segment, address: 24DA - 24E5 (0xc bytes), align: 1
  Segment part 6.             Intra module refs:   MSCFromHostToBuffer
                                                   MSCToHostFromBuffer
                                                   MscCopyUsbToBuff
                                                   Msc_ResetStruct
                                                   Scsi_Read10
                                                   Scsi_Write10
                                                   USBMSC_bufferProcessed
                                                   USBMSC_fetchInfoStruct
                                                   USBMSC_getState
           ENTRY                   ADDRESS         REF BY
           =====                   =======         ======
           sRwbuf                  24DA 
    -------------------------------------------------------------------------
DATA16_N
  Relative segment, address: 294C - 296B (0x20 bytes), align: 1
  Segment part 7.             Intra module refs:   Check_CBW
                                                   MSCFromHostToBuffer
                                                   Msc_ResetStruct
                                                   Scsi_Cmd_Parser
                                                   Scsi_Inquiry
                                                   Scsi_Mode_Sense10
                                                   Scsi_Mode_Sense6
                                                   Scsi_Read10
                                                   Scsi_Read_Capacity10
                                                   Scsi_Request_Sense
                                                   Scsi_Send_CSW
                                                   Scsi_Unknown_Request
                                                   Scsi_Verify_CBW
                                                   Scsi_Write10
                                                   USBMSC_bufferProcessed
                                                   USBMSC_updateMediaInfo
           ENTRY                   ADDRESS         REF BY
           =====                   =======         ======
           McsCbw                  294C 
    -------------------------------------------------------------------------
DATA16_N
  Relative segment, address: 296C - 2979 (0xe bytes), align: 1
  Segment part 8.             Intra module refs:   Msc_ResetStruct
                                                   Scsi_Send_CSW
           ENTRY                   ADDRESS         REF BY
           =====                   =======         ======
           McsCsw                  296C 
    -------------------------------------------------------------------------
DATA16_Z
  Relative segment, address: 24E6 - 24F7 (0x12 bytes), align: 1
  Segment part 9.             Intra module refs:   Check_CBW
                                                   MSCFromHostToBuffer
                                                   Msc_ResetFlags
                                                   SET_RequestsenseMediaNotPresent
                                                   SET_RequestsenseNotReady
                                                   Scsi_Cmd_Parser
                                                   Scsi_Inquiry
                                                   Scsi_Mode_Sense10
                                                   Scsi_Mode_Sense6
                                                   Scsi_Read_Capacity10
                                                   Scsi_Report_Luns
                                                   Scsi_Request_Sense
                                                   Scsi_Send_CSW
                                                   Scsi_Test_Unit_Ready
                                                   Scsi_Unknown_Request
                                                   Scsi_Verify_CBW
                                                   USBMSC_bufferProcessed
                                                   USBMSC_getState
                                                   USBMSC_updateMediaInfo
                                                   usbStallOutEndpoint
           ENTRY                   ADDRESS         REF BY
           =====                   =======         ======
           MscState                24E6            Get_MaxLUN (UsbMscReq)
                                                   Msc_ResetStateMachine (UsbMscStateMachine)
                                                   USBMSC_poll (UsbMscStateMachine)
                                                   USBMSC_reset (UsbMscReq)
                                                   USB_reset (usb)
                                                   usbClearEndpointFeature (usb)
    -------------------------------------------------------------------------
DATA16_Z
  Relative segment, address: 255B - 265A (0x100 bytes), align: 0
  Segment part 10.            Intra module refs:   Scsi_Inquiry
           ENTRY                   ADDRESS         REF BY
           =====                   =======         ======
           Scsi_Standard_Inquiry_Data
                                   255B 
    -------------------------------------------------------------------------
DATA16_Z
  Relative segment, address: 265B - 267A (0x20 bytes), align: 0
  Segment part 11.            Intra module refs:   Check_CBW
                                                   Reset_RequestSenseResponse
                                                   SET_RequestsenseMediaNotPresent
                                                   SET_RequestsenseNotReady
                                                   Scsi_Cmd_Parser
                                                   Scsi_Inquiry
                                                   Scsi_Request_Sense
                                                   Scsi_Unknown_Request
                                                   USBMSC_bufferProcessed
           ENTRY                   ADDRESS         REF BY
           =====                   =======         ======
           RequestSenseResponse    265B 
    -------------------------------------------------------------------------
DATA16_Z
  Relative segment, address: 267B - 268A (0x10 bytes), align: 0
  Segment part 12.            Intra module refs:   Scsi_Read_Capacity10
                                                   USBMSC_updateMediaInfo
           ENTRY                   ADDRESS         REF BY
           =====                   =======         ======
           Scsi_Read_Capacity_10   267B 
    -------------------------------------------------------------------------
DATA16_C
  Relative segment, address: 8192 - 81A1 (0x10 bytes), align: 0
  Segment part 13.            Intra module refs:   Scsi_Report_Luns
           ENTRY                   ADDRESS         REF BY
           =====                   =======         ======
           Report_Luns             8192 
    -------------------------------------------------------------------------
DATA16_I
  Relative segment, address: 240E - 2411 (0x4 bytes), align: 0
  Segment part 14.            Intra module refs:   Scsi_Mode_Sense6
           ENTRY                   ADDRESS         REF BY
           =====                   =======         ======
           Scsi_Mode_Sense_6       240E 
    -------------------------------------------------------------------------
DATA16_I
  Relative segment, address: 2412 - 2419 (0x8 bytes), align: 0
  Segment part 16.            Intra module refs:   Scsi_Mode_Sense10
           ENTRY                   ADDRESS         REF BY
           =====                   =======         ======
           Scsi_Mode_Sense_10      2412 
    -------------------------------------------------------------------------
DATA16_C
  Relative segment, address: 81A2 - 81C5 (0x24 bytes), align: 0
  Segment part 20.            Intra module refs:   Scsi_Inquiry
           ENTRY                   ADDRESS         REF BY
           =====                   =======         ======
           bScsi_Standard_Inquiry_Data
                                   81A2 
    -------------------------------------------------------------------------
<CODE> 1 (was CODE)
  Relative segment, address: CC06 - CC87 (0x82 bytes), align: 1
  Segment part 26.            Intra module refs:   Msc_ResetStruct
                                                   SET_RequestsenseMediaNotPresent
                                                   SET_RequestsenseNotReady
                                                   Scsi_Cmd_Parser
                                                   Scsi_Inquiry
                                                   Scsi_Request_Sense
                                                   Scsi_Test_Unit_Ready
[...]
                                                   main (main)
               CSTACK = 00000000 ( 00000004 )

    -------------------------------------------------------------------------
  LIBRARY MODULE, NAME : ?xdscale

  SEGMENTS IN THE MODULE
  ======================
<CODE> 1 (was CODE)
  Relative segment, address: C712 - C7A5 (0x94 bytes), align: 1
  Segment part 2.
           ENTRY                   ADDRESS         REF BY
           =====                   =======         ======
           __iar_Dscale            C712            _LdtobFull (?xprintffull)
               CSTACK = 00000000 ( 00000008 )

    -------------------------------------------------------------------------
  LIBRARY MODULE, NAME : ?xdunscal

  SEGMENTS IN THE MODULE
  ======================
<CODE> 2 (was CODE)
  Relative segment, address: E248 - E291 (0x4a bytes), align: 1
  Segment part 2.
           ENTRY                   ADDRESS         REF BY
           =====                   =======         ======
           __iar_Dunscale          E248            _LdtobFull (?xprintffull)
               CSTACK = 00000000 ( 00000004 )

    -------------------------------------------------------------------------
  LIBRARY MODULE, NAME : ?xprintffull

  SEGMENTS IN THE MODULE
  ======================
<CODE> 1 (was CODE)
  Relative segment, address: 865A - 8B51 (0x4f8 bytes), align: 1
  Segment part 34.
           ENTRY                   ADDRESS         REF BY
           =====                   =======         ======
           _PrintfFull             865A            sprintf (?sprintf)
               calls direct
               CSTACK = 00000000 ( 00000078 )
    -------------------------------------------------------------------------
<CODE> 2 (was CODE)
  Relative segment, address: F0BA - F0C7 (0xe bytes), align: 1
  Segment part 36.            Intra module refs:   _PrintfFull
    -------------------------------------------------------------------------
<CODE> 2 (was CODE)
  Relative segment, address: F0C8 - F0D5 (0xe bytes), align: 1
  Segment part 44.            Intra module refs:   _PrintfFull
    -------------------------------------------------------------------------
<CODE> 2 (was CODE)
  Relative segment, address: F0AA - F0AB (0x2 bytes), align: 1
  Segment part 45.            Intra module refs:   _PrintfFull
    -------------------------------------------------------------------------
<CODE> 2 (was CODE)
  Relative segment, address: F0AC - F0B9 (0xe bytes), align: 1
  Segment part 46.            Intra module refs:   Segment part 45
                                                   _PrintfFull
    -------------------------------------------------------------------------
<CODE> 1 (was CODE)
  Relative segment, address: CD08 - CD85 (0x7e bytes), align: 1
  Segment part 31.            Intra module refs:   _PrintfFull
           LOCAL                   ADDRESS         
           =====                   =======         
           LoadInt                 CD08 
               CSTACK = 00000000 ( 00000004 )
    -------------------------------------------------------------------------
<CODE> 2 (was CODE)
  Relative segment, address: F1A0 - F1A9 (0xa bytes), align: 1
  Segment part 32.            Intra module refs:   LoadInt
                                                   _LdtobFull
                                                   _PrintfFull
    -------------------------------------------------------------------------
<CODE> 2 (was CODE)
  Relative segment, address: F12A - F135 (0xc bytes), align: 1
  Segment part 33.            Intra module refs:   LoadInt
    -------------------------------------------------------------------------
<CODE> 2 (was CODE)
  Relative segment, address: E708 - E73D (0x36 bytes), align: 1
  Segment part 30.            Intra module refs:   Segment part 46
           LOCAL                   ADDRESS         
           =====                   =======         
           pad                     E708 
               calls direct
               CSTACK = 00000000 ( 00000012 )
    -------------------------------------------------------------------------
<CODE> 1 (was CODE)
  Relative segment, address: A2CE - A47D (0x1b0 bytes), align: 1
  Segment part 24.            Intra module refs:   _PrintfFull
           LOCAL                   ADDRESS         
           =====                   =======         
           _LitobFull              A2CE 
               calls direct
               CSTACK = 00000000 ( 0000002A )
    -------------------------------------------------------------------------
<CODE> 2 (was CODE)
  Relative segment, address: EF36 - EF49 (0x14 bytes), align: 1
  Segment part 25.            Intra module refs:   _LitobFull
    -------------------------------------------------------------------------
<CODE> 2 (was CODE)
  Relative segment, address: EFA6 - EFB7 (0x12 bytes), align: 1
  Segment part 26.            Intra module refs:   _LitobFull
    -------------------------------------------------------------------------
<CODE> 2 (was CODE)
  Relative segment, address: EF82 - EF93 (0x12 bytes), align: 1
  Segment part 27.            Intra module refs:   _LitobFull
    -------------------------------------------------------------------------
<CODE> 2 (was CODE)
  Relative segment, address: F1D2 - F1DB (0xa bytes), align: 1
  Segment part 28.            Intra module refs:   _LdtobFull
                                                   _LitobFull
    -------------------------------------------------------------------------
<CODE> 2 (was CODE)
  Relative segment, address: F100 - F10D (0xe bytes), align: 1
  Segment part 29.            Intra module refs:   _LitobFull
    -------------------------------------------------------------------------
<CODE> 2 (was CODE)
  Relative segment, address: E3A8 - E3E9 (0x42 bytes), align: 1
  Segment part 14.            Intra module refs:   _LdtobFull
           LOCAL                   ADDRESS         
           =====                   =======         
           scale                   E3A8 
               calls direct
               CSTACK = 00000000 ( 00000010 )
    -------------------------------------------------------------------------
<CODE> 1 (was CODE)
  Relative segment, address: 8F40 - 9303 (0x3c4 bytes), align: 1
  Segment part 15.            Intra module refs:   _PrintfFull
           LOCAL                   ADDRESS         
           =====                   =======         
           _LdtobFull              8F40 
               calls direct
               CSTACK = 00000000 ( 00000048 )
    -------------------------------------------------------------------------
<CODE> 2 (was CODE)
  Relative segment, address: F1C8 - F1D1 (0xa bytes), align: 1
  Segment part 16.            Intra module refs:   _LdtobFull
    -------------------------------------------------------------------------
<CODE> 2 (was CODE)
  Relative segment, address: F0D6 - F0E3 (0xe bytes), align: 1
  Segment part 17.            Intra module refs:   _LdtobFull
    -------------------------------------------------------------------------
<CODE> 2 (was CODE)
  Relative segment, address: F244 - F249 (0x6 bytes), align: 1
  Segment part 18.            Intra module refs:   _LdtobFull
    -------------------------------------------------------------------------
<CODE> 2 (was CODE)
  Relative segment, address: F196 - F19F (0xa bytes), align: 1
  Segment part 19.            Intra module refs:   Segment part 18
                                                   Segment part 20
                                                   Segment part 21
                                                   Segment part 23
    -------------------------------------------------------------------------
<CODE> 2 (was CODE)
  Relative segment, address: F1EC - F1F3 (0x8 bytes), align: 1
  Segment part 20.            Intra module refs:   _LdtobFull
    -------------------------------------------------------------------------
<CODE> 2 (was CODE)
  Relative segment, address: F06A - F079 (0x10 bytes), align: 1
  Segment part 21.            Intra module refs:   _LdtobFull
    -------------------------------------------------------------------------
<CODE> 2 (was CODE)
  Relative segment, address: F036 - F047 (0x12 bytes), align: 1
  Segment part 22.            Intra module refs:   _LdtobFull
    -------------------------------------------------------------------------
<CODE> 2 (was CODE)
  Relative segment, address: F14E - F159 (0xc bytes), align: 1
  Segment part 23.            Intra module refs:   _LdtobFull
    -------------------------------------------------------------------------
<CODE> 1 (was CODE)
  Relative segment, address: 983C - 9AB1 (0x276 bytes), align: 1
  Segment part 10.            Intra module refs:   _LdtobFull
           LOCAL                   ADDRESS         
           =====                   =======         
           _GenldFull              983C 
               calls direct
               CSTACK = 00000000 ( 00000020 )
    -------------------------------------------------------------------------
<CODE> 2 (was CODE)
  Relative segment, address: F08A - F099 (0x10 bytes), align: 1
  Segment part 11.            Intra module refs:   _GenldFull
    -------------------------------------------------------------------------
<CODE> 2 (was CODE)
  Relative segment, address: F05A - F069 (0x10 bytes), align: 1
  Segment part 12.            Intra module refs:   _GenldFull
    -------------------------------------------------------------------------
<CODE> 2 (was CODE)
  Relative segment, address: EF4A - EF5D (0x14 bytes), align: 1
  Segment part 13.            Intra module refs:   _GenldFull
    -------------------------------------------------------------------------
<CODE> 2 (was CODE)
  Relative segment, address: EAAE - EAD5 (0x28 bytes), align: 1
  Segment part 8.             Intra module refs:   _PrintfFull
                                                   _PutcharsFull
           LOCAL                   ADDRESS         
           =====                   =======         
           _PutcharFull            EAAE 
               calls indirect
               CSTACK = 00000000 ( 0000000C )
    -------------------------------------------------------------------------
<CODE> 2 (was CODE)
  Relative segment, address: E9B4 - E9DF (0x2c bytes), align: 1
  Segment part 9.             Intra module refs:   Segment part 44
                                                   pad
           LOCAL                   ADDRESS         
           =====                   =======         
           _PutcharsFull           E9B4 
               calls direct
               CSTACK = 00000000 ( 00000010 )
    -------------------------------------------------------------------------
<CODE> 2 (was CODE)
  Relative segment, address: F0F2 - F0FF (0xe bytes), align: 1
  Segment part 35.            Intra module refs:   _PrintfFull
    -------------------------------------------------------------------------
<CODE> 2 (was CODE)
  Relative segment, address: F10E - F11B (0xe bytes), align: 1
  Segment part 37.            Intra module refs:   _PrintfFull
    -------------------------------------------------------------------------
<CODE> 2 (was CODE)
  Relative segment, address: F18A - F195 (0xc bytes), align: 1
  Segment part 38.            Intra module refs:   _PrintfFull
    -------------------------------------------------------------------------
<CODE> 2 (was CODE)
  Relative segment, address: F15A - F165 (0xc bytes), align: 1
  Segment part 39.            Intra module refs:   _PrintfFull
    -------------------------------------------------------------------------
<CODE> 2 (was CODE)
  Relative segment, address: F1F4 - F1FB (0x8 bytes), align: 1
  Segment part 40.            Intra module refs:   Segment part 37
                                                   Segment part 38
                                                   Segment part 39
                                                   Segment part 41
                                                   Segment part 42
    -------------------------------------------------------------------------
<CODE> 2 (was CODE)
  Relative segment, address: F136 - F141 (0xc bytes), align: 1
  Segment part 41.            Intra module refs:   _PrintfFull
    -------------------------------------------------------------------------
<CODE> 2 (was CODE)
  Relative segment, address: F166 - F171 (0xc bytes), align: 1
  Segment part 42.            Intra module refs:   _PrintfFull
    -------------------------------------------------------------------------
<CODE> 2 (was CODE)
  Relative segment, address: EF70 - EF81 (0x12 bytes), align: 1
  Segment part 43.            Intra module refs:   _PrintfFull
    -------------------------------------------------------------------------
DATA16_C
  Relative segment, address: 8395 - 839B (0x7 bytes), align: 0
  Segment part 2.             Intra module refs:   _PrintfFull
    -------------------------------------------------------------------------
DATA16_C
  Relative segment, address: 839C - 839F (0x4 bytes), align: 0
  Segment part 3.             Intra module refs:   _LdtobFull
    -------------------------------------------------------------------------
DATA16_C
  Relative segment, address: 83A0 - 83A3 (0x4 bytes), align: 0
  Segment part 4.             Intra module refs:   _LdtobFull
    -------------------------------------------------------------------------
DATA16_C
  Relative segment, address: 83A4 - 83A7 (0x4 bytes), align: 0
  Segment part 5.             Intra module refs:   _LdtobFull
    -------------------------------------------------------------------------
DATA16_C
  Relative segment, address: 83A8 - 83AB (0x4 bytes), align: 0
  Segment part 6.             Intra module refs:   _LdtobFull
    -------------------------------------------------------------------------
DATA16_C
  Relative segment, address: 83AC - 83AD (0x2 bytes), align: 0
  Segment part 7.             Intra module refs:   _GenldFull

    -------------------------------------------------------------------------
  LIBRARY MODULE, NAME : ?xsprout

  SEGMENTS IN THE MODULE
  ======================
<CODE> 2 (was CODE)
  Relative segment, address: F17E - F189 (0xc bytes), align: 1
  Segment part 2.
           ENTRY                   ADDRESS         REF BY
           =====                   =======         ======
           _SProut                 F17E            sprintf (?sprintf)
               CSTACK = 00000000 ( 00000004 )




                ****************************************
                *                                      *
                *      SEGMENTS IN ADDRESS ORDER       *
                *                                      *
                ****************************************


SEGMENT              SPACE    START ADDRESS   END ADDRESS     SIZE  TYPE  ALIGN
=======              =====    =============   ===========     ====  ====  =====
DATA16_AN                              0102 - 0103               2   rel    0
                                       0120 - 0121               2 
                                       0124 - 0127               4 
                                       012C - 012F               4 
                                       0140 - 0141               2 
                                       0144 - 0145               2 
                                       015C - 015D               2 
                                       0160 - 0169               A 
                                       016C - 016F               4 
                                       0198 - 019B               4 
                                       01B0 - 01B1               2 
                                       01C0 - 01C3               4 
                                       0200 - 0207               8 
                                       020A - 020B               2 
                                       0220 - 0227               8 
                                       022A - 022B               2 
                                       0240 - 0245               6 
                                       0248 - 024B               4 
                                       0322 - 0325               4 
                                       0340 - 0343               4 
                                       0352 - 0353               2 
                                       0380 - 0383               4 
                                       0392 - 0393               2 
                                       0500 - 0501               2 
                                       0508 - 0509               2 
                                       0510 - 051B               C 
                                       0520 - 052B               C 
                                       0530 - 053B               C 
                                       0620 - 0621               2 
                                       0626 - 0627               2 
                                       062A - 062A               1 
                                       062C - 062C               1 
                                       062E - 062E               1 
                                       063C - 063D               2 
                                       0740 - 0745               6 
                                       074A - 074B               2 
                                       0752 - 0753               2 
                                       075A - 075B               2 
                                       075E - 075F               2 
                                       0900 - 0905               6 
                                       0908 - 0909               2 
                                       0910 - 0915               6 
                                       0920 - 0923               4 
                                       092E - 0933               6 
                                       093C - 093F               4 
                                       2370 - 23BF              50 
                                       23C8 - 23FF              38 
DATA16_I                               2400 - 245B              5C   rel    1
DATA16_Z                               245C - 294B             4F0   rel    1
DATA16_N                               294C - 299B              50   rel    1
CSTACK                                 3360 - 33FF              A0   rel    1
DATA16_C                               8000 - 83AD             3AE   rel    1
DATA16_ID                              83AE - 8409              5C   rel    1
CSTART                                 840A - 8431              28   rel    1
ISR_CODE                               8432 - 8659             228   rel    1
<CODE> 1                               865A - CFFF            49A6   rel    1
MYDRIVE                                D000 - D9FF             A00   rel    0
<CODE> 2                               DA00 - F29F            18A0   rel    1
INTVEC                                 FF80 - FFFB              7C   com    1
RESET                                  FFFE - FFFF               2   rel    1

                ****************************************
                *                                      *
                *        END OF CROSS REFERENCE        *
                *                                      *
                ****************************************

 25 876 bytes of CODE  memory
  1 596 bytes of DATA  memory (+ 315 absolute )
  3 594 bytes of CONST memory

Errors: none
Warnings: none

